Courses/sentdex/Data Analysis with Python 3 and Pandas/datasets/avocado.csv
,Unnamed: 0,Date,AveragePrice,Total Volume,4046,4225,4770,Total Bags,Small Bags,Large Bags,XLarge Bags,type,year,region
616898,-0.1331090219592403,2016-08-28,1.4598896629209104,-6570.948390427926,-5238.598237699555,31249.17141541215,1987.236431884356,-11519.814455063295,-8020.078514414151,3850.569623186281,-48.96090315943867,organic,2015.000537141065,LasVegas
34718,47.352358484186254,2015-02-01,1.6446843104981803,52763.051568249735,-279.31328628464234,11664.178208262729,946.6789984016976,-8034.85143905071,-6071.073897786501,7178.749115476086,-188.67444625520596,organic,2018.0017135135563,LasVegas
188416,31.462170745410337,2017-07-09,1.6841644935923747,19033.38906740661,9530.04232477526,17297.752851316916,712.3251733686666,9236.857132387617,-4904.822771128366,11141.384481415334,61.94116403164442,organic,2014.994422262925,LasVegas
903451,44.503913945715055,2015-10-25,1.5072167498921911,-43997.26850174984,22870.23621480116,24077.24537386584,355.75195173473577,-8037.404934767639,-4018.051609032492,1073.6265737266062,152.3278679008192,organic,2017.0020694958512,LasVegas
263212,39.9178525745376,2016-08-28,1.9986206081878468,-5743.803840895089,-15270.22081202947,-6635.541714793873,1411.8898341938975,4559.119431227429,6029.478786726315,3270.005485454491,-2.293659114276036,organic,2015.9990871650905,LasVegas
816222,23.168924130939637,2015-01-25,1.2375778518846807,4737.477482305541,8732.685435288608,24144.128127187425,428.10790263668576,-8053.541635937143,2991.025824286968,-158.82321946448656,-44.06193417346613,organic,2015.013269508661,LasVegas
207343,-0.6817279346213612,2016-07-03,1.623235271135516,45763.44003720734,3036.527277332492,12574.549469922851,3053.8693773664045,9061.8989416065,11154.92900895398,-97.4652413873066,-165.103058662062,organic,2015.0140251428816,LasVegas
274152,6.916708923676089,2017-07-09,0.8669924088072218,260701.970454264,-5090.245808551034,18007.199594035534,1289.3518968648766,16388.21491867554,69511.22550303322,8652.715425282413,55.647071659694944,organic,2015.9940743128543,LasVegas
533603,22.023924745549017,2017-02-05,1.3415172125133936,-4803.447806892378,230.3145523324638,36559.921400660176,559.4733810196616,-3279.916703283867,-5752.476639468191,30651.461951649464,-95.9992409667742,organic,2015.9975337243332,LasVegas
137985,1.015467627472154,2016-02-07,1.590143175299609,58866.77558074766,-13284.362155078124,21214.26115737138,83.25548976009915,14742.04572139588,-11047.71319635053,18234.612519271584,72.68937778458793,organic,2016.9993422622035,LasVegas
333525,28.869497914228496,2017-07-02,1.394267290785451,129831.72652552764,24578.052554856746,46944.589291482895,891.3607766822176,13112.847557298452,-10989.173980193274,17863.061243533422,-32.22525012746878,organic,2015.0065336603477,LasVegas
780864,23.36887068596804,2016-04-03,1.6271697244057537,-7441.175195821561,16067.386809299318,37162.37521581951,1358.2498576502855,-2304.818648276196,42509.07977996419,2898.086504121561,132.84632676751008,organic,2016.010604502514,LasVegas
364216,41.72039248254551,2015-12-27,1.4916803237768188,70008.58446712546,12789.280039292733,1743.7861054113546,-572.4399347528151,19765.794837932142,6655.901999683533,-2467.8967237631914,-186.6755246096296,organic,2017.0020344018624,LasVegas
166529,34.526903292296296,2016-07-31,1.3094400859990134,40648.00366706147,17433.499806747623,16926.084921900314,-53.3987448071893,16806.904130662297,28046.80603751548,-1383.8541311376769,-56.36460647873069,organic,2015.0115429990933,LasVegas
404807,39.64772522025547,2015-03-22,1.0853579974489478,25654.58410564349,27190.86015944813,32685.610437888623,1154.1575374111355,58514.64862735152,-2107.966260507511,1216.3759910412364,26.42779579214335,organic,2016.9990661103564,LasVegas
951159,5.574452460819014,2015-01-18,1.8716520369809315,101249.60340620864,-703.350749570187,-828.6727676269911,1150.1036950319665,7558.151584082911,5690.790235885674,3889.909341190959,-39.32015557740756,organic,2015.013641364081,LasVegas
263629,22.059572535884566,2015-03-01,1.2173013879557244,71747.09203186442,-997.0435243421751,-5552.943186192255,-764.4294613723782,15785.053038159236,-2915.5698018120447,1572.5894705858832,102.6637894215024,organic,2016.005244192116,LasVegas
947843,49.05251653417778,2018-02-18,1.4728942893557746,31147.651180079964,35063.1464865525,35615.8364704772,-250.88028934388257,-15575.678030516034,-68.09027334098391,245.86319744735147,22.681343971666973,organic,2015.014897738947,LasVegas
594524,17.443399967987993,2016-03-20,1.1601839824632794,2243.150852619965,1834.843147187682,22347.10296013545,-54.09135909395417,-9186.323367220788,284.12798277005186,5365.926098260064,98.44753348424582,organic,2015.0075398698757,Atlanta
436879,5.069965189453056,2017-04-16,1.8328031070765232,39360.19448807204,6129.31427727187,19043.477158102596,-70.37699906957266,-1914.7195032093696,-14757.824762181925,8580.415146515526,-91.92513451929754,organic,2015.9933979813404,Atlanta
1621,29.089289532324216,2016-01-31,1.7592717254060697,15435.819622966614,5160.292612233298,18733.16291314453,1427.0012739685662,23450.96660896753,9963.145104533403,117.719791730447,-84.23201372023408,organic,2017.018645265872,Atlanta
772788,17.224125493741163,2015-12-27,1.6837777352593246,24354.062150794343,-4643.216923193711,931.1666887913252,1925.5218262692156,15451.588437101758,-2272.909343509339,20843.418169206,129.80606747692627,organic,2015.992344535004,Atlanta
989771,2.3478636333014906,2016-12-25,1.3975136786324347,46673.70392833189,-4184.4275282488425,3640.000963218101,1041.0448107381524,18076.333643339647,10201.555524258629,31368.9363555696,-74.03379405076289,organic,2015.9948564036808,Atlanta
125223,21.23895629897286,2017-10-01,1.4124040706478127,32321.598559517937,-2641.934710023622,-4052.4914234044822,1235.2764821711598,5400.420882875055,30507.967820238817,3535.334400517184,-118.23384608903638,organic,2016.002472461534,Atlanta
918117,16.899911250714762,2017-10-01,2.270073843874602,-5006.640916173288,13135.232151414486,13629.137251831868,367.7466905093912,12333.323160006825,1898.4381681680125,-610.3469210059131,-127.85287125553518,organic,2017.005508268412,Atlanta
662918,16.24022661919069,2015-03-01,1.1972401571851117,-7243.966774563079,12407.524956332898,24508.457983443303,695.477948376867,21374.249715333644,-6142.6652305326725,2785.829186057897,137.05697981965693,organic,2016.0065975364068,Atlanta
44733,41.8246051950016,2016-01-17,0.9996223184206124,15942.079583073584,9915.419439373234,12657.20103740943,828.7375013393882,83963.41733188208,-10940.40185175294,-1124.8622533224018,-99.5961034481768,organic,2015.0308762578784,Atlanta
745980,28.948891998827364,2016-01-24,1.8120476622083936,-61743.17039646901,10219.709912701594,4306.727014661263,-69.13896595043872,4614.313888704521,-11509.143091800222,15340.439925561834,-101.85973894372266,organic,2014.9999791180048,Atlanta
926561,-0.1784913834892303,2016-08-07,1.5028381679049518,91187.1957143911,-7388.08513010166,10928.29788029963,894.6315898763446,106702.45240219298,39852.498225642754,207.9238110510487,28.17953975673743,organic,2016.0032685231813,Atlanta
497604,8.882137094794047,2017-01-22,1.733949085321076,19090.44979588926,19448.406672932288,-4784.593658026583,101.49886544514035,21254.47136933437,9380.346211260276,-166.7462122599777,41.38664543153181,organic,2016.0088827810227,Atlanta
861676,46.8463632935884,2017-08-13,2.305399213473814,-41014.32413151773,-23338.87253465526,-8460.29250189358,-287.35987985402136,-6865.099110430228,557.4315705666932,4460.862047531189,-63.59772641535984,organic,2015.012356431938,Atlanta
547171,19.31554979188405,2015-09-20,2.1027096255434343,7444.845032229208,12354.69956410822,-24315.66070842508,1469.5438705614374,6561.18789306013,5124.051114693406,20389.68309755911,-21.64682326861863,organic,2014.9893561427996,Atlanta
110052,44.80225466993157,2016-09-18,1.4606253729595893,-10272.995969077268,-14077.474112710468,-5135.513110906142,130.97922168386324,18321.733086945496,-6792.254418539568,-1571.071621471848,-36.80540895830826,organic,2014.973664821157,Atlanta
770686,8.0596235850057,2015-06-21,1.8874251005333584,19555.362241709143,19442.18198813836,14943.177718044404,962.683448043673,-20839.165310884528,-14267.610089077263,4244.54463749379,-117.83540205792777,organic,2015.0059075263068,Atlanta
857456,22.996026261806847,2017-03-19,1.4756571430397831,-35572.53183451203,3965.382072213448,12030.131158931892,1250.4508507150294,-27112.101059309643,-11968.53514422852,3324.0269127628,3.2926645262141605,organic,2014.9826311953052,Atlanta
303750,47.17993041126265,2015-08-02,1.6537680385138835,57199.17259571407,-5503.003429185189,-5413.124018108485,52.59460427754681,1684.777750668036,-12219.46255591466,-506.7902314349287,135.86675124556646,organic,2015.0065674727969,NewOrleansMobile
744641,44.11792501036797,2015-10-18,1.2116504145536986,117356.70277496798,3817.9686705375007,-2831.152781914201,-718.4601401347904,29771.902664465146,59219.27137678945,960.4477183736592,-126.26043343164378,organic,2016.0098325797724,NewOrleansMobile
563780,30.97409563396893,2017-07-23,1.8660460568288328,69754.45334692016,-14575.57362018025,-19039.367058905445,137.8139008404142,8999.674820118573,-12173.59287646692,18370.64576663845,-60.66210425007809,organic,2015.017283673386,NewOrleansMobile
146522,47.32505106535474,2015-08-02,1.6584001233075631,41393.501190051415,10664.52350872643,9030.51920144023,-631.8918532896228,-1707.5074817350687,-2456.315789164021,6032.103176790811,79.44964817483688,organic,2015.0293018541197,NewOrleansMobile
84718,16.749257043642498,2016-08-14,1.6502581106656995,200580.64830158756,6401.477703542123,26532.464339892635,715.8696182109405,9547.905644891172,26859.448257923286,2165.996825412225,111.86073557006168,organic,2014.997971922941,NewOrleansMobile
399820,36.85780861278051,2017-01-22,1.2734529142895517,15731.76346811678,1250.5406778818824,-21333.50561129138,1149.987240642985,-21980.514107283558,-13029.889046861892,-2000.8652711963,-88.40749144019483,organic,2015.0107599914272,NewOrleansMobile
99271,-0.6641571325060536,2016-12-11,1.20955483176675,-1654.656689195857,-4088.937908511648,12354.789634949178,833.8560333947139,19552.592443084068,27617.66576061372,6070.732399672234,-22.37591741974013,organic,2015.013136595809,NewOrleansMobile
798631,34.90967418538853,2018-01-14,1.4790750230927272,99737.17458860402,-494.7633658259174,9873.476310876997,1238.0274097001911,-7504.963384248005,-16054.30693999197,1748.447925200419,-58.03574436441269,organic,2017.0018121781095,NewOrleansMobile
874916,45.21131602032392,2017-04-30,1.343049651251228,108684.61717953208,-10972.321572072546,28490.849952210505,994.457196260184,-1661.5513243375608,-9507.674686011576,1219.704614110479,28.501703153716477,organic,2014.9877331263344,NewOrleansMobile
589928,35.56867736710901,2015-01-04,2.183162716016668,-28844.720056294696,-5995.427037265191,-7819.570187150481,517.5415189816752,7292.455618881495,-4449.4244769503375,1401.3439430281742,-38.266728284583166,organic,2016.0062037775183,NewOrleansMobile
628299,11.771560074150509,2018-03-18,1.766493105474388,117889.5581297122,-2250.5442217947684,-7666.896945185445,-93.02466527950668,-2143.352086975223,-17838.032855705016,2325.415991513406,-10.607713912915724,organic,2015.0042915254023,NewOrleansMobile
163551,28.62845109143436,2017-11-05,1.6744532452840428,-36951.72295647379,-6548.278442364429,65.0587426210277,18.728619148935536,-7510.917030582705,4184.047729947645,4683.989516868559,28.9372613050182,organic,2014.9937804106264,NewOrleansMobile
351905,32.858391822261254,2017-10-22,1.3376262463225772,27708.438463708982,-20370.822322380776,13891.660444010537,356.6798854866888,-9506.469100856944,-14801.33981542999,22373.26436361283,192.84457727557785,organic,2014.9878058232773,NewOrleansMobile
651422,18.82212210964604,2016-04-24,2.0876851513006573,42216.17724637047,-5642.291305014806,1831.805645790024,457.3145277708736,19814.16918090261,-6572.681550452734,5450.146505073863,-68.77771854075675,organic,2014.999879543261,NewOrleansMobile
713210,2.042791339700021,2017-03-12,1.386594236787593,64220.41983047992,15790.739481874947,23193.79102425633,1760.4991578822203,-9745.065343724162,35153.34971498564,2367.313836272435,-33.050716898672576,organic,2015.0252840906408,NewOrleansMobile
888335,20.905603619227,2017-03-12,1.734538230340385,15292.986318481406,6854.589295257988,-12626.560703163888,631.6122819168065,-5511.672926380132,-2643.3040418922383,2746.144347274992,-47.421213352850216,organic,2014.9987611891413,NewOrleansMobile
135951,48.5697570358001,2018-03-25,1.662722201974738,363031.889313009,-17850.49273370906,2788.3681628917293,721.8807984739801,-3538.9728064204483,-8790.683152095204,4642.667379745748,-43.24840724031699,organic,2016.0044562181397,NewOrleansMobile
332080,20.587682759654932,2015-07-26,1.894063886021379,-15707.668668543738,5758.553880823849,-13548.576652124691,20.390047153723287,-13005.328468655296,5175.095840458745,1915.120577129643,-87.15877713490565,organic,2016.000432857889,NewOrleansMobile
144931,16.182149956206473,2016-10-16,2.502922463802606,21440.174298149057,7282.184929117929,11736.250569888574,1274.657016609552,28033.175046453005,5538.124020672001,535.1141065936717,-75.15233365993804,organic,2015.9913577666464,NewOrleansMobile
447809,29.73705980569951,2015-04-19,1.674887431809096,90517.91605620163,32899.94955319705,27671.703931849832,1290.2951050837073,4373.327005543652,-2837.57082146419,18896.58176295583,-79.92511288947351,organic,2016.0074882045824,NewOrleansMobile
695767,2.1738310779057537,2016-03-27,1.622698085521482,40360.80765675275,10495.860263134096,7653.257395403341,130.19047827724978,-15690.40750158858,-3468.0866699881126,2118.737937472789,-256.1619065012231,organic,2015.022010883934,NewOrleansMobile
452085,23.26835552453675,2017-07-09,1.966393795627662,45361.69825691578,-17718.039730640223,-9459.831161342016,724.4523066788697,5034.149854161426,2676.9070045387707,2050.4985062726764,-30.794536935630088,organic,2016.990343927348,NewOrleansMobile
573382,16.84998070959928,2016-01-24,1.6789573135058564,-24263.829902706915,2088.610344685172,5142.211946903544,452.8785829900938,5612.303037318393,7403.674556106149,-3461.1146265135976,138.2272936826801,organic,2016.9925741612185,NewOrleansMobile
663393,38.92758765105321,2017-08-13,1.8285272027402504,2170.888130444804,-20237.442524381157,3175.885259992394,1405.5500138585992,17275.616536373902,21260.76067890029,6312.6308747174735,-23.536768299445203,organic,2015.001370981601,NewOrleansMobile
504885,24.00645894721404,2016-04-03,0.9201096111963238,77788.39602093934,5022.678795725475,1488.6424466312274,604.092572747231,1559.65936004164,-11197.683429659925,134.85673966909803,-94.8706041796206,organic,2015.019662539099,NewOrleansMobile
