Courses/sentdex/Data Analysis with Python 3 and Pandas/datasets/avocado.csv
,Unnamed: 0,Date,AveragePrice,Total Volume,4046,4225,4770,Total Bags,Small Bags,Large Bags,XLarge Bags,type,year,region
437217,43.63656128750285,2017-05-28,1.6750527266759565,36103.98582477789,-7077.944623553359,21739.81206537314,2026.570818558668,3613.3532326789546,-11698.154964343994,2086.0060469036102,22.558999644565716,organic,2016.0096683988547,GrandRapids
839250,33.82945042273024,2017-04-09,2.330656321266538,64976.453608037824,6026.185225315831,-6892.775031789204,1696.5464580410785,-4931.020371563825,1443.8402878991735,7401.307078354906,193.0069710579021,organic,2015.99391522338,GrandRapids
490584,2.9956739573603937,2015-05-24,1.662048700072993,52120.69789395617,-7163.624224483848,-1337.335901762086,1912.1687754362476,-16295.085338967872,-7619.394563720564,3152.586242088998,-69.30417002008494,organic,2014.9878369266191,GrandRapids
688578,39.92129546094459,2015-01-04,1.7408042425246717,67137.14410488299,-12499.274744858918,-13854.157118034787,341.509001024415,13052.256882954767,4197.227276717813,1932.579582097332,3.517591400148369,organic,2016.9932406711375,GrandRapids
293202,3.043810826955087,2016-07-24,1.6444562337567037,83472.18647154448,-5154.689716937007,-14569.624229545248,1038.973369252656,395.27401163164177,-7832.967399054275,19267.882648310864,-125.40196356980712,organic,2016.9994686214968,GrandRapids
493297,0.5634728766977286,2017-11-26,0.8784144423856473,587888.3673539076,2110059.807739761,76235.06769888286,1429.5932159404665,-10882.621590087903,58676.64780490325,16291.288781136554,-156.60313239451756,organic,2015.9902221808916,GrandRapids
194127,32.2695660742849,2015-10-25,1.724451461350299,-12276.861056268615,-3022.0750974673965,-13761.398197975652,-28.213023904728345,10547.411324228013,1072.2664696130323,-148.5471672784688,-90.98103339733493,organic,2016.0000463798767,GrandRapids
851641,-0.2210631504366893,2017-01-22,1.745619503864005,86872.8525229595,-4196.003830148279,-5948.492212591207,960.182354961562,-16369.422799063184,-13113.993577281824,13118.430553730808,-146.54514464986894,organic,2015.9911069427649,GrandRapids
703790,21.17307057462164,2015-05-03,1.4045235980370134,10258.018185601812,-13099.262210982462,15741.576817599283,2320.3195645766323,6596.599040987712,4965.308980983529,1516.6723980346885,117.9991506306963,organic,2015.0189561071368,GrandRapids
366593,4.624014416069096,2016-05-08,1.845450449855384,26675.694234377104,5797.706289501198,-11824.579999124906,-363.6619528253329,11488.891936404108,-14831.31396122654,17003.68524534136,70.92485348675201,organic,2017.9677662999236,GrandRapids
284949,35.73155719810782,2016-06-05,0.7059840336252531,62984.98902618224,-4788.141362396375,1986.5349421752617,731.0590317938835,9259.307984775398,-6016.285836723065,826.2068751045513,-24.189574325949007,organic,2017.0042010357329,GrandRapids
144726,-1.1449420786007556,2016-04-03,1.6489814402659762,44384.697937254095,8693.509401015846,-4195.702085613588,368.0820981367863,-2148.5982545571624,-6725.519773350729,545.5332502291135,-16.099859646341212,organic,2015.0035634090616,GrandRapids
213760,14.020512849109435,2016-07-10,1.5143901523599044,89271.5536534803,10660.231085827534,-6901.45725675006,-955.4877145396828,25648.644972304835,4350.62362118815,-1674.291291691323,-56.78220119111896,organic,2014.9916899071304,GrandRapids
137854,37.02875301499581,2017-11-19,1.4179641498831994,84493.36852589596,3381.4986274273374,40343.45233352279,2195.4214367429754,17083.204061896373,27538.46393848,-1565.378748916423,-66.24593355802614,organic,2015.0044507197276,GrandRapids
388678,0.260158071014301,2016-07-10,1.8294948611449449,49336.98637817461,3653.382219313323,-15469.471630483871,756.5464852948761,17404.90151293356,-3397.2260085396274,31321.94863837395,-76.2272586536513,organic,2015.0058972250824,GrandRapids
22829,35.78927445400795,2016-05-01,1.720932993243108,-23498.58052354728,-12835.88551242209,42738.77066807869,942.9340856469626,14141.992591437294,3773.496103128457,5271.140620862047,49.182588160944206,organic,2015.0176293403736,GrandRapids
862239,35.764658342112035,2017-02-19,1.3309990762418868,94302.83929466954,9655.561395480205,-11579.202598840742,1382.2662969222629,-17761.02770673557,9692.598156694436,3818.780839955025,62.58175556886269,organic,2015.980527053024,GrandRapids
153160,50.09274961259904,2018-03-25,1.3429171622903526,43247.05339078077,-11121.562419550162,2179.939717439309,462.7327309650501,5403.391423785721,-7316.754993090634,-223.12849658203027,0.5277905343338034,organic,2014.98642520872,GrandRapids
572242,30.98509395539831,2018-01-07,1.6771796124989238,19826.02964111993,16641.282983349673,-5658.329665662632,-829.4664166736641,11503.36347711438,11780.707122164722,3319.109650547884,-53.47193976595673,organic,2015.00395476019,GrandRapids
181289,43.5998467435772,2017-12-10,1.85128966638961,45233.517384082304,-1295.2349962471362,-21709.161191048377,-62.28370836303981,-11188.581021629789,-16614.831285666252,24565.16206470639,53.51555838717292,organic,2014.9979444403573,GrandRapids
390645,0.4568690817930569,2015-12-27,1.7405512924317592,-2687.5470423881925,2219.6064760123963,33228.84565415712,826.3998060614442,-5193.163478984989,-13173.732279679742,12678.291646717107,5.398004784849135,organic,2014.9977506089183,GrandRapids
293524,29.544218575302395,2015-10-25,1.4113167559187931,-26364.741682061525,4849.023233960945,21361.663581860896,1016.7767287212894,19586.730225906784,1980.1754247644255,3680.377078566371,-29.605297105970724,organic,2016.0094969308925,GrandRapids
316918,22.01966140874057,2017-04-09,1.6125901330454258,-7404.397992831786,1068.2892370465745,-1378.7432447161627,1076.3307075952723,-6311.094921967873,9555.574884015688,25278.715139144224,89.59480023284557,organic,2016.9841650983092,GrandRapids
748510,23.70307505115669,2016-03-13,1.037912537385907,3648277.095713664,2956526.7777394783,1139808.9121530396,131602.5517235895,243938.20674042465,155400.01736918386,133302.2974397801,6645.127486511263,conventional,2015.9977006344768,WestTexNewMexico
652681,5.378791006633451,2015-01-25,1.169184924026868,904479.374951649,578366.409129884,414339.7304984889,101958.7960160124,1329163.047813713,631611.6567495309,107839.80904494369,23456.84607180026,conventional,2014.989886667086,WestTexNewMexico
647066,47.23764097000953,2017-02-12,1.2445986134685716,5397.435886655985,16968.337017677284,2608.7353429465384,912.3182267837524,79722.69003912075,78184.12184860301,2365.865554344666,59.627005193765655,conventional,2015.004691284452,WestTexNewMexico
995728,19.185208843973875,2016-10-09,0.8876654951300421,574714.0648524284,105533.86223865506,131737.24547428807,45024.41683346824,68540.52982733896,59520.8779764811,91530.301872407,6287.375909148315,conventional,2016.000593965676,WestTexNewMexico
508455,21.568256754473,2018-01-21,1.3253437923904523,79518.58432402524,8301.97667950698,-3139.0232842245223,979.634577836573,57348.44170479263,59374.492944015685,4383.350634719041,-104.60555214018076,conventional,2015.016057759143,WestTexNewMexico
166879,51.67925586711922,2015-04-26,1.212808649534235,385564.0310563068,473697.4410784512,184509.78455446492,9187.847281884491,72851.51710778377,19379.796497977437,5214.606434789013,68.69271799055736,conventional,2015.0044533857117,WestTexNewMexico
533931,26.899419774483185,2017-09-17,1.4765003634501552,264671.7187963539,11682.480137993474,69186.14619012916,18090.83795451852,9242.264101578148,10767992.185396366,4154.780626911863,-66.1443126026049,conventional,2014.976907000136,WestTexNewMexico
132896,31.388022017665207,2015-04-19,1.3682595116552403,1041218.779399996,2519471.5398135385,12100629.276908165,91265.45358706285,1547835.243196525,439708.3656266057,1077079.9979548925,6208.971726256962,conventional,2017.9676107134403,WestTexNewMexico
334461,1.591488566501742,2015-01-04,1.2976472781073989,139536.88441119585,97805.3250526788,509241.4893501312,1088.7080731779486,110754.1430614329,14763.380530611765,25022.037133164835,-67.35358699114141,conventional,2014.9893447286315,WestTexNewMexico
639476,47.19957122415985,2016-12-11,0.9294743596406336,264709.1134779519,624074.6537622589,19668.273763184123,8422.923777071492,84020.4174805378,80669.98602800407,3711.862868438337,-56.42419081485288,conventional,2016.002398601261,WestTexNewMexico
57819,42.2814066567986,2015-06-14,0.951190908294739,2194224.17730583,846721.2028614302,1258602.5820349485,155747.2872152221,190207.81248788344,152146.55461055745,68877.0405038731,8156.90902602089,conventional,2016.9873546024164,WestTexNewMexico
664609,4.307900183888778,2015-03-08,1.2183864289927024,466336.4274300721,-2886.003180859302,92150.7192930416,7122.222344033592,58152.35935043862,51116.94682055022,2572.7111306996567,35.04268763178884,conventional,2016.0187027002944,WestTexNewMexico
911354,0.8087167582283017,2015-04-12,1.2469611510589436,168746.6641741067,23460.81565702069,9251.56714299575,1760.0473727185076,97571.49312042566,251608.4981035481,3137.1554546173634,102.49488890183594,conventional,2016.0052255099545,WestTexNewMexico
558053,44.908644297864825,2016-06-05,2.1802673654269227,52747.81549319036,9107.132414018084,9141.770476577436,993.7986141411308,1857.0299801949984,14708.101926676834,1427.837633755907,59.882143703095366,conventional,2018.0068461176547,WestTexNewMexico
969871,18.58884246942837,2015-10-11,0.7031973413905852,1049370.354120365,22857.25916694008,-20904.91783147917,2281.974389221395,14416.64502276532,44070.32029860362,2518.783629307371,64.10597751749454,conventional,2015.0011512894391,WestTexNewMexico
385341,2.179981080422967,2017-09-17,1.030233818475326,3981584.51985194,2037283.084314973,3313731.516063509,250931.34886982132,1110751.039211227,242652.3783575472,46096.76294178365,53190.30902265993,conventional,2015.994523398252,WestTexNewMexico
341795,6.438924175593008,2018-01-14,0.9542135683780136,300231.976641548,551351.2251605781,509868.2130656669,9408.846186065824,922442.2447844846,156824.59836123072,1944.595719474752,286.31715241887287,conventional,2015.9983450891543,WestTexNewMexico
273260,26.395188862647515,2015-04-05,1.429380655389842,857999.3529823124,1704854.845574526,1121538.353043234,1619295.723932139,72944.93250976897,420581.6316141776,297484.9310660762,36489.816588812864,conventional,2015.0127041582248,WestTexNewMexico
196320,6.806005161181322,2017-04-02,2.350532269116674,6251.80633611319,5604.366499260583,-14435.599849222051,695.9985573611486,8749.445045998234,10018.643962057053,3002.272573280776,34.058174078033325,organic,2015.99533181201,Northeast
296075,20.015119976839078,2015-01-11,0.9048635955139868,431801.1476594687,-15883.110491640804,-24582.68327755973,1877.4802678950264,-2380.0017967713247,19148.825758265924,21006.71364095943,-176.5835000869883,organic,2015.008856748338,Northeast
706822,28.588992638149957,2016-08-14,1.8804545245439264,-38205.88999220844,-10829.531831338823,11991.33767783776,1081.0856632616449,-8983.520523437865,-1423.226073583056,610.2750929789759,44.61542283015417,organic,2016.0032312674048,Northeast
850439,8.834274809762102,2016-02-28,2.1473610237704994,2526.302256715353,-2963.607385379418,23249.823485546847,946.952702381763,8539.416398902034,-2376.5020554744306,3759.996482610796,-54.48944267778357,organic,2016.0093153012972,Northeast
832115,4.028369952886701,2016-09-04,1.4163558462072885,53798.72636911538,-2575.27839055029,11648.651076947448,1699.3807119403623,-9648.796042293296,-2564.3423966892688,2308.4035523766424,-144.2987672389391,organic,2017.0130199190264,Northeast
571230,0.1560893563054026,2017-06-04,1.2988695133980157,-3237.9713417540843,-5089.830381837753,-3595.6453411644925,1634.82910381303,25108.210458280664,226567.0760921922,46287.93461197455,-203.59941360791908,organic,2016.0192618170336,Northeast
730278,47.730026710109954,2017-07-30,1.6506802558823983,52655.57768189249,14883.280601850558,-2557.101387812212,683.8417679643105,9562.847750789624,-3768.004471966121,-1374.0378349179612,-207.8376316563276,organic,2015.003736918356,Northeast
585648,28.936996185943784,2015-03-01,1.132754369435103,101569.32752509258,16581.161239728903,-400.3986232348125,1770.1655954868631,-3518.285818409422,54323.86299116064,2974.6772910549307,-99.57785661912966,organic,2015.0088831015853,Northeast
545893,45.49572636621817,2016-04-10,1.797170675918383,18504.591099388286,-1905.3543649240564,-2074.9553816897296,437.9938766558358,8697.291200756365,5916.189864278922,1490.3547108024254,-214.6329425499766,organic,2015.998981062016,Northeast
966454,5.233491433866769,2016-11-20,1.2886040563905166,112346.94633323072,-15974.08606360435,-22143.177850631124,707.9754211104147,35477.8734456376,13138.657560753822,-4642.277932788874,-77.3185029241369,organic,2015.0059128565024,Northeast
3942,37.46450834427164,2016-05-22,1.7513195489092184,11650.763467167904,-11824.656301431096,1571.6512877994028,-257.0732035524599,-6974.106895414885,-5575.9476103009465,33052.93962570316,-3.4630466536023725,organic,2015.006195806412,Northeast
900396,21.846278821204777,2016-09-11,1.3711622887388035,40489.01110849179,16996.63784259271,-4453.954717724022,956.995048967484,-729.1426532515416,11490.851769719564,-958.999718748117,62.36967488204501,organic,2015.9982985437243,Northeast
622358,7.891510163718479,2017-07-16,1.0368725632121936,-10987.971923966476,9901.842037549486,16239.961702083992,1446.6116867496037,14958.341402785223,16722.424654622435,-3382.529572125518,-95.33135908452512,organic,2015.00202575444,Northeast
520203,30.32084926909033,2017-12-24,1.7496233816085378,30180.44052004324,-15358.097473406644,21098.7145082525,1093.5832444930709,4062.554882131049,-1236.9121198862367,1483.0416668295186,-75.81888722896147,organic,2016.0060153482,Chicago
802944,37.8638887465025,2015-02-08,1.675601174098007,87877.89839941877,-13437.64213988349,13148.405563419728,1395.0082153747933,-7420.978310887602,-6992.406318167971,4299.275851050516,-159.10427628720078,organic,2017.0111580506264,Chicago
249784,45.278974088054085,2016-04-17,1.7578994045514609,42997.791645867066,-225.9223188925744,470.76358262098256,1267.1861420627615,-5355.354916057233,-5311.665753274868,2078.75486491879,-43.3914855506231,organic,2016.0010147571763,Chicago
338857,40.6717460727406,2017-03-26,1.349801156554914,48150.64893081947,20577.274559325186,11670.09807681581,169.17099912268284,-10365.800629188632,20102.44208232234,-2505.233364011603,205.20566040715997,organic,2016.010200146668,Chicago
212041,45.450796688294055,2017-09-17,1.27456471789866,233069.02067171517,-1018.277298056606,23391.416809548293,583.7089498391041,10282.385416067664,7567.633044176514,-2069.7670952985227,60.44253708090013,organic,2016.0115810325733,Chicago
995734,-0.759119735058098,2017-10-01,1.3660114803420695,72830.52164398876,12226388.937583586,-2378.671459269639,-306.0701219078083,-7189.855053971662,6092.854765062355,17104.546889133853,81.24387974853526,organic,2015.027767523412,Chicago
859967,16.204495280490026,2015-10-11,1.1817838542260857,59554.60402285631,24576.46568237691,10818.760398707593,1647.1158375016726,-8163.701490147609,-17346.397312401292,19109.20072835553,-33.330876135134375,organic,2015.017339791962,Chicago
425613,21.596963928609085,2017-09-17,1.4670830308458316,50245.14574489492,-1535.6202727357304,-1744.8802383922211,167.8162946188116,-9833.44219775744,12328.75648823727,7975.5601034047795,-51.62382661442075,organic,2015.0128499431771,Chicago
273343,0.8217950734300996,2016-12-04,0.9426143410461536,559703.0320476554,-2809.957066367754,23546.94264033361,-344.7438288374265,1374.7493497967553,12239.825805533212,282.99639061728226,18.73705166253791,organic,2015.010829101432,Chicago
759970,8.141315496066296,2016-05-22,1.7757430227515585,92426.99404585322,-3466.561532962836,-14524.742005270831,-18.683908447589715,-1776.7563139160648,750.6207725868617,-1031.1477845366337,-18.069655777298667,organic,2017.9553714302149,Chicago
199485,48.922860700487455,2016-09-04,1.8172063036536772,117504.21374705614,5148.324868996636,-4860.982551579107,409.33265227103743,-4473.511645772973,-2945.898803797681,4486.707826657072,-11.364867432514476,organic,2014.9964465123207,Chicago
51196,6.743524913187412,2017-07-09,1.9459323598151053,67895.50563979814,-910.6956908347802,-2786.163523329771,168.5453822755416,-1991.787328709801,3041.409717012272,777.720646334149,59.586696380391686,organic,2015.979474091731,Chicago
238520,30.147556349143347,2016-08-21,1.251207314978145,797.2829445130919,8572.994639171124,-22985.60507800409,1900.2114413050092,11213.088424260728,-18584.82083978121,3723.716470942208,-144.49374963822055,organic,2016.005402026473,Chicago
252487,40.56435151376009,2015-09-06,1.7174721168795992,82786.61932812768,89541.47144961177,472509.1236666024,1103.1296111128006,60043.16435013837,-6461.139024348922,13961.687742088903,40.01235558983092,organic,2015.004447659133,Chicago
