Courses/sentdex/Data Analysis with Python 3 and Pandas/datasets/avocado.csv
,Unnamed: 0,Date,AveragePrice,Total Volume,4046,4225,4770,Total Bags,Small Bags,Large Bags,XLarge Bags,type,year,region
744190,1.022870937374515,2016-08-07,0.9588101914987168,6191333.941043995,471106.2422406668,391033.66476800304,256234.26211688263,573567.7187458591,67052.44170188346,181958.26262181063,1489.8990496335755,conventional,2016.0140745007027,LosAngeles
517286,41.640293953274615,2015-08-02,0.8650514637645293,363371.08723054646,47214.96542134531,392193.1487809907,14486.645677256947,23473.671950779448,20359.59692210183,7712.82313855299,114.65577625440886,conventional,2015.0122413663505,LosAngeles
830500,17.712082691548304,2016-05-29,0.9709462941809844,3227433.198837537,633848.503564929,2483450.4678647565,326078.2289186743,501643.4018761671,386284.2321726902,1325.4121058905594,-29.589871694113416,conventional,2016.0081866663204,LosAngeles
771881,21.304410873360283,2016-04-10,1.0466024661800155,785720.2593276737,117777.3549860308,382282.9053315175,35228.89615627045,99741.39489090627,88572.29274903164,6407.073256693941,899.9977080053828,conventional,2015.9901419793712,LosAngeles
277569,21.570383900882305,2017-03-19,1.1170365833858809,198989.78318465408,20049.469643318163,14995.552655165811,3144.020408804756,-9886.775657504424,27102.78384730591,4177.5310534240925,-110.22087146016251,conventional,2016.001184443988,LosAngeles
994088,34.728670606235134,2015-05-24,1.0815271701027642,1453019.7848540184,725796.7179375628,839941.5162801959,98615.44674493634,1680207.2530089072,137193.4485085516,977390.2159283007,5211.705198179658,conventional,2015.011527270202,LosAngeles
232048,25.68066871363979,2018-02-04,0.7075676717801472,1152287.729791688,585673.467012322,1523549.3954267572,10881.759024905166,779800.7842496829,1343119.8032394643,89468.40282101836,7225.869772304706,conventional,2016.992558855944,LosAngeles
777901,30.60591164633337,2016-05-22,0.8223636954522144,3614369.6444701552,10834750.476865713,1156646.4150370047,130790.16911452584,1131016.5051544276,512238.55133423925,1008545.860312614,-21.80412351902497,conventional,2016.9982028513675,LosAngeles
877713,11.454652684878884,2016-01-31,0.9236713510614506,683187.3631730272,661622.4435071641,480942.08110597415,14543.044160239922,202241.3816294596,622646.7367201089,80074.27013635113,2026.360303295579,conventional,2015.9904056398384,LosAngeles
640265,47.38068085414035,2015-11-15,0.8039514747054609,1354115.947782455,493189.11137894937,379771.9349162507,149826.59623275805,262943.40408871707,8870122.651927771,86750.1829380364,1982.258204862109,conventional,2016.988603680058,LosAngeles
948975,43.83246980687237,2018-01-14,0.8493883623896337,480906.40096945583,214915.99213303343,-10872.497365731144,1151.2240441195022,7612.473049506137,52753.83216412616,-368.8523020826158,-98.33649297951024,conventional,2015.018526477904,LosAngeles
430621,44.57930614320137,2017-09-10,1.1659030814910172,3579915.971207346,787450.4892001329,107112.20283778023,88580.42838647086,909830.8171677304,678341.8709411577,175985.80566022926,5712.301712119532,conventional,2017.995219243544,LosAngeles
858562,-0.591376943814153,2016-06-12,0.907169453810008,392757.078725858,3356432.8094715104,249286.57382301692,40376.01908160335,444434.701128026,231566.23537826864,98366.06541501102,2298.9456454620167,conventional,2015.994117805127,LosAngeles
280572,6.179245450841238,2017-02-05,0.9032331045893548,2904099.271584735,685105.2906288857,438760.8180841328,95150.6450235961,1370830.462805142,1401215.1440018965,71489.63756131034,7323.256960950855,conventional,2016.003325367825,LosAngeles
55420,4.244693133039428,2017-07-02,1.2210360028826366,667000.3539285398,540257.6867557991,149783.3439815612,18625.52218878109,810921.2383995431,427796.1292795609,5836.4589874548965,7418.794471632023,conventional,2017.0205917603755,LosAngeles
513311,46.67202481082355,2016-05-08,0.9652498469146892,6638652.950584253,463033.271172052,317663.7062872483,131127.81150577092,7187488.904386181,94560.03374012782,168170.16347785603,21440.741432648647,conventional,2015.9981972938408,LosAngeles
854234,2.986583956879024,2016-05-29,0.7241445496467039,853838.8851637006,611046.9351597278,1575064.8444981922,114588.5147168674,824420.3519536023,736299.0501236821,241091.8669762893,7516.562914913167,conventional,2014.997572959316,LosAngeles
726436,7.244315661674723,2016-03-13,1.123702189398314,3539185.748085163,751651.5907384827,547397.8680522346,9511.129031751872,182009.24400734788,278716.1472344113,213666.79422771907,4625.115118569161,conventional,2014.9850501317064,LosAngeles
149747,31.839665296399584,2015-08-02,1.9746036314586783,422261.1390195214,76548.03672709657,98390.12096811796,621.6759196748466,54222.989581351256,31295.888925789328,8713.028116777177,76.5604720295243,conventional,2016.002927849087,LosAngeles
613641,-0.676623689761445,2015-08-16,0.8401894057955498,6865656.9168743165,2184264.8931867923,314507.5311072425,15608.08513756613,1649659.122615321,65917.98391549182,505621.0979515397,7741.398330696978,conventional,2016.9947028195324,LosAngeles
413831,11.270123566366356,2015-03-29,0.9585789881976692,1140712.1645059907,505211.0647048721,215135.53065636405,10572.626639235685,867168.110072033,782027.216218529,1026277.1941071998,60634.92294953088,conventional,2016.996459932664,LosAngeles
990052,42.0950652281396,2016-06-12,0.9821142302002018,794506.4241362531,842785.2837873087,1578581.8722163884,14871.50679467556,817855.8738619769,282459.3334805744,3359.0621402160177,7124.800058045287,conventional,2014.9962595596876,LosAngeles
526874,36.63785350112136,2015-12-13,0.907787462157856,411912.5711676164,174698.144728449,274532.43356833555,14827.86457552222,65897.8831845263,1556.5097781601216,3298.076220160907,-53.70697130835752,conventional,2016.0111684879107,LosAngeles
945649,25.130348560247988,2017-01-08,1.1329145793798463,655331.9531390099,670476.7318445578,430911.3722123711,14452.906376993238,939883.5803720152,574726.320058587,218592.53107804013,24664.14817905808,conventional,2016.0116224882684,LosAngeles
69218,25.23745175147501,2017-04-30,0.9718905119613772,916908.6116679456,122776.00766512132,406472.36347779335,167925.1356791686,182463.2427639665,972913.9016695676,64620.21076188906,90668.1119304155,conventional,2016.9949807817463,LosAngeles
543218,38.4992848222192,2016-06-19,1.065402108906792,1068149.0176314253,759608.2190215401,200879.09354760905,100675.60253594402,200634.5445242765,818226.9336868695,65651.57005850459,7348.913427082126,conventional,2014.998308171852,LosAngeles
509247,44.40340958629805,2017-09-17,1.1474800622125727,176853.2533771275,1858.7133934381357,25176.004838694047,1425.2756513860015,-14544.315118142362,7345.835820415636,5154.617395291672,-101.0647984084152,organic,2015.0130001279183,Jacksonville
883947,46.7508298509526,2015-10-18,1.2853169369728192,120201.01096104496,14569.146050481491,-5109.229964873555,-635.2511645861837,9111.495908377845,1952.1248018746965,3571.5880825489357,-162.7403190151014,organic,2015.013599625159,Jacksonville
466081,4.737919124266972,2015-05-03,1.8115046034347144,43543.4752271013,-12006.996967865332,-23525.533431927262,203.53442893863715,11436.721660644756,1017.1560748218326,3215.336956687004,-112.69422064828188,organic,2018.0264908039755,Jacksonville
368672,4.417923557100437,2017-09-24,2.1603951810337185,25054.94120031182,18522.50687638137,22217.06685244514,1590.0513062709022,60109.80962654193,24175.66360601884,1986.2979400954755,122.39744540377234,organic,2015.002369599012,Jacksonville
907518,28.64369003795162,2015-02-15,1.926219495436972,40335.10263782497,-10273.191993146069,-10310.5622598358,1852.075996100449,13779.900471545036,4190.189054727174,24459.59020061057,20.90142539431497,organic,2017.007043254794,Jacksonville
66284,42.73886146714146,2017-06-18,1.905303866052618,46032.56695883559,-6530.977310908061,30588.363987937075,-165.7396899084759,-6421.125265040535,-6747.75646423823,736.3820025543977,43.2228037640369,organic,2015.0061969542085,Jacksonville
820737,36.706577658492535,2016-08-21,1.820496137602365,35338.019618619124,9126.247799319292,-22131.24228047995,623.58059992196,-2578.099713548186,-12214.881947917876,738.461942596661,183.75910457113983,organic,2014.997717788755,Jacksonville
91211,7.643220208773951,2016-04-17,2.00511293077148,31562.53430941964,-14256.01549557751,3834.527731859758,675.4191500322918,17093.699296563336,-1211.7137168543968,3242.089184194906,-8.02741054183755,organic,2014.9915350851252,Jacksonville
895815,0.5154740785895136,2015-03-01,1.704502306785781,-9429.642321460888,-3495.143466485636,-92.15474542445554,1211.4680694971394,8315.89733045198,-7944.28527966525,5407.198006537217,-83.3467279109472,organic,2015.0036691345492,Jacksonville
787101,18.21377589971632,2015-07-12,0.9763379849070586,-21421.05878627577,6239.923738403504,31803.54193367675,-1034.551420163982,180055.23976400896,48468.80668721066,3707.4445528414753,-185.74107123635852,organic,2014.999562641895,Jacksonville
520838,41.69768323309295,2016-10-09,1.9277187329850525,301185.3068040031,9455.31828421189,10335.90871289004,1013.2640737572495,8206.230150140726,-4106.829255783631,3029.157562919036,25.904873581131817,organic,2016.005828455233,Jacksonville
134117,23.183055816028503,2018-03-18,1.6261736289007371,103837.51065304676,13993.526767015312,-14431.716744021667,1349.9280704128255,-25075.072563904352,-1363.4613532160793,628.5409747309163,-46.578173896529606,organic,2015.9879259624413,Jacksonville
713379,32.57419830626825,2016-06-19,1.3182313496724247,64074.18009337602,-12323.544448065582,-15817.221125368118,2905.410718343845,-19193.790094199663,-8336.987495629197,3119.275200777246,175.33631035654068,organic,2015.0207727095917,Jacksonville
853063,13.095974703588109,2017-02-19,1.6896862546878089,27545.14909681112,18391.834547630897,-3461.4218272412745,809.6321100141695,5120.321152847983,-12765.01889464658,3745.1716818577406,-53.19670927067432,organic,2015.0138576921588,Jacksonville
332949,5.1174255001314615,2015-03-15,1.339114086959975,89737.56181524506,7362.939852636697,6441.358308846489,1482.0717588667655,-2730.947985179271,-1818.2691840407813,3232.094555319539,-14.92067954221974,organic,2017.001537729425,Jacksonville
42957,5.972458762590609,2017-04-30,2.139248370089456,7606.371966442792,-2227.7868969932906,12956.027510010032,882.4373325456604,13839.049126354408,-1646.4342301242625,3925.057988618242,-27.084712899800788,organic,2016.0069624769303,Jacksonville
48655,21.887378690882866,2017-12-03,1.6449128903609975,55550.174628855006,-3745.4049614188502,10497.56972543346,1864.1102913931009,5051.339074950816,-16096.530214964412,2013.3273629819591,2.0768471963095543,organic,2017.01235427926,Jacksonville
826379,50.225605005604685,2016-05-08,1.1032912830497414,-9783.226278330503,-8444.351202004582,65883.04141938008,252.8948242265508,-28685.178133069043,-4911.909776810985,481.0297919604568,-192.7982096452236,organic,2015.999769964687,Jacksonville
857133,39.16096871082902,2017-08-13,1.2217053096321562,98946.3982656585,-25328.23113768063,-8483.501522975866,2008.9854825032896,21995.84035420821,5349.882749781207,4249.391721099754,-3.4820000853616517,organic,2014.9979953068623,Jacksonville
701625,49.17814861136551,2015-09-27,1.5125490936124852,38833.96582909866,853.8508606673204,18373.975370962908,264.5938429934101,10707.962367429873,53.69116715913697,17754.57510832439,52.63214020625594,organic,2017.0077110033544,Jacksonville
59994,1.147097913958547,2018-01-14,1.4426063205934911,37237.816346785614,-4585.638588849871,1326.572587915267,104.17248823614456,67777.39943739079,24284.232892839987,8714.893547317075,167.1271848122395,organic,2015.020448514614,Jacksonville
150407,18.941063495968148,2016-08-14,1.6267149140786843,37698.61176348756,9141.403678741251,-1195.769336338144,366.0658255618463,5974.9363977865305,-8710.475441444443,28888.345935028985,-74.98634444331879,organic,2014.997350247763,Jacksonville
744385,35.057904054963004,2015-08-02,1.7950537885588336,-14153.548114846635,-14685.181032263725,25543.878028445277,1490.7679361150126,-10263.709125562922,-3259.584447735092,2020.580747542168,83.0882426623552,organic,2015.9988825653636,Jacksonville
89715,26.79890204619955,2018-01-28,1.1067059609797107,10691.153164951804,659240.4823300486,29495.124257584408,1053.7631489852124,86010.85239745076,16208.290210135696,2857.214401252989,31.31775340881038,organic,2015.9990315682585,Jacksonville
885204,-0.7544265703211286,2015-07-26,1.3251503530437097,71484.6075686392,-4143.324269010019,-16067.258251892745,53291.8451262553,1722.2480290365402,10235.21265811949,-1116.488213594332,-169.2119009997554,organic,2015.9870894924215,Jacksonville
971372,48.15163202593872,2017-03-12,1.8909229449337264,61280.36174824908,18871.313727961257,-122.6495670974582,320.9012082207904,-1680.1255411005914,-14805.768651940603,1943.81276721628,-5.135520342998127,organic,2014.995921787273,Jacksonville
758672,17.718835453626824,2018-01-14,1.4348146689582884,89825.12366300831,9441.288758049495,3070.6643103270308,-564.6577436282755,-14682.880437576334,3640.635705498852,-1541.2439911135882,93.57057654601267,organic,2017.0115131660448,Jacksonville
788049,47.580961471577325,2015-08-09,1.522031273096062,-1969.302684416114,9048.534221484362,6408.526156543256,18.334844183957443,-2644.397818089596,-17901.505136662636,10008.838261615245,7.034687673618707,organic,2014.9958788332108,Jacksonville
99074,25.708855992912937,2017-03-12,1.393655655274858,30929.160862287856,19425.081374425816,16197.664169708576,838.4387305968879,18424.039153799506,-13342.947368656482,1480.98825895976,145.7029206688484,organic,2015.0192040713991,Jacksonville
303518,32.84121933488463,2016-11-20,2.014865653185772,63336.19921584934,-1978.1384682720536,-11136.595813587151,1651.6713017364852,-6349.269779586053,-6958.773756833442,16299.170865687593,5.193506968832779,organic,2016.00516851957,Jacksonville
671943,35.06705149925102,2018-02-18,2.4578950291101096,68457.08477054068,-8193.700184564226,715.4191236050774,-842.7325968723669,2160.844262704436,-14182.39545864423,-2588.458510552976,-116.61741872854331,organic,2014.9844818382323,Jacksonville
530879,-0.6508189085813605,2015-08-16,1.458055270290646,41388.02218430992,14891.687955865538,13692.764598619227,1502.8369507286031,12266.027384778889,44263.23703414392,18256.57029636687,114.873290041939,organic,2016.0028944634143,Jacksonville
