Courses/sentdex/Data Analysis with Python 3 and Pandas/datasets/avocado.csv
,Unnamed: 0,Date,AveragePrice,Total Volume,4046,4225,4770,Total Bags,Small Bags,Large Bags,XLarge Bags,type,year,region
566250,47.885391134240464,2017-01-15,0.8296338732831371,6179493.117598301,532172.9122073697,1189329.8066350475,19364.408022608164,685141.2522407917,525118.2953540832,5298.918792796073,3873.9078858537646,conventional,2017.0025049206545,Northeast
897298,16.661539402921033,2017-11-19,0.6728130819097676,6911467.207072415,296585.19771759864,1876490.912506366,113703.64971705605,301071.66808781266,503572.86906415,978616.8252212884,-95.8505397967234,conventional,2015.0361076093384,Northeast
285457,2.9796515430279804,2016-07-24,1.1870615189286966,62957.55182178329,137007.69203637482,22133.3579322144,1313.3699274390635,66282.78107039307,94957.19906352388,24254.541516446057,-10.342226045841024,conventional,2017.0049603360708,Northeast
648911,27.12960629948781,2016-10-02,1.367434821077241,1366824.2339701918,563122.170957076,1169756.679579713,10588.283769078917,160275.58781811467,445226.9622490795,113231.52084121082,2344.405809931546,conventional,2016.0051403460327,Northeast
892712,4.009348622896873,2017-02-19,0.8911775664242274,466903.76584366296,-7463.789692838179,79409.32211966101,1165.342728311084,179099.20364431155,29757.238015615538,5344.776918738839,-66.92388265630123,conventional,2018.0228293026528,Northeast
155398,38.85829557406079,2015-10-18,0.6663646464709598,343566.46199152886,602278.4792369029,303093.269665037,13829.408329693444,93520.77388484412,98309.1271271643,77934.15899188229,6405.294165670507,conventional,2015.9945280737263,Northeast
66227,45.912245644748914,2017-05-07,1.0886909324836973,459773.564196385,-11246.457150916383,110155.2641835723,1912.7967611537235,44387.239845788106,31504.639408087165,2242.986810147172,25.91807619064112,conventional,2015.0044809027047,Northeast
359708,1.6083572172457592,2015-06-07,1.1297397558922713,944833.4992820102,2052494.6393778727,93741.62160494256,108679.95572005284,92083.04895867442,51734.27317269798,272333.0506305793,-80.71857530179302,conventional,2015.0137861861365,Northeast
395974,30.732658061181965,2016-02-14,0.8028722694906316,3493905.886996996,431793.4634047434,10658268.432016691,138897.1774135432,769938.5759156388,63707.56157095898,204762.97935192875,7572.198186434215,conventional,2016.0027052063333,Northeast
262158,35.20221314054296,2015-01-04,0.9958642995538832,382655.0002603976,3236133.607306325,1021958.9884274962,138475.39319191908,397358.8401511628,847133.6136251122,411377.4972407659,1930.505770376088,conventional,2014.9849057196209,Northeast
319460,16.806921176215685,2016-08-14,1.0038399280603176,1341729.8178270548,638528.5697752942,1896977.204799194,15228.735518990938,133188.00179843447,443704.56408419344,232432.18553329672,-92.72998247355125,conventional,2017.0020966458164,Northeast
714781,29.26497453535343,2016-01-03,1.1155232718660255,624348.93414416,3682046.788110885,379728.1932502408,105979.69999779976,728095.3029182943,400893.5106621093,314670.971482442,1453.6832674647576,conventional,2016.9961168642044,Northeast
541721,7.027153855644508,2017-10-29,0.8937168337890942,4279070.04549083,439172.6010234342,1744837.2202813204,39524.26209724462,193576.0074898063,597180.8582891485,67997.94159212193,5275.057780327538,conventional,2015.998349793284,Northeast
460142,20.588544074769334,2015-09-27,0.8781278903499792,513067.4065601236,-1372.109565627643,436593.1707015164,20284.845730210534,94563.3285324705,82357.62402844247,5874.718785277935,-19.30584848328964,conventional,2015.0132275854305,Northeast
507950,46.52876223023489,2018-03-25,0.6724501755238914,5875896.218056503,671306.3729928527,2682207.164668173,7051.450840456619,677113.6152896655,125658.23457582635,765020.909281919,2182.007948348535,conventional,2015.0111684428364,Northeast
312188,10.872166100060989,2017-03-26,0.9190613590725658,1002734.6942805552,20009.33155561181,162973.33814605634,11772.037116697678,116781.93562746196,31597.48725339447,3780.068982521069,126.99297970988168,conventional,2016.0063434887668,Northeast
374421,27.314895672385106,2015-02-15,0.9631181160508228,736473.7499903953,-2570.2971076510794,145644.79720307564,17356.114683030017,189467.6820852577,60641.58670356283,-424.311833901377,-95.37561288830612,conventional,2015.0132208038008,Northeast
874548,19.84039164361576,2015-03-15,1.0164812596250494,852098.5441781748,15563.994209041608,64908.40333007384,961.8752835169096,46799.96528785798,200720.98581673525,2060.883016308894,-103.05428203896716,conventional,2016.0023481891428,Northeast
256845,5.01594840022833,2015-07-05,1.568042942782096,5878796.760597033,454237.6279909616,1147956.1976199618,129896.4711391449,225360.66155145055,120650.7680450136,194043.1497621518,43986.92710864768,conventional,2015.994612328286,Northeast
252276,25.57996575171402,2015-03-08,1.3146255910868696,528639.788201967,709033.6785053043,369749.0278137261,82342.81268591306,1294532.8392940725,413195.2611288828,83232.80656978436,26948.409956997173,conventional,2016.0022687349244,Northeast
979123,36.210279714242354,2015-03-29,1.0425468494730248,6424976.831881064,635680.3982177057,2181911.3541630944,745919.1708599732,821586.5215702562,196965.19705799385,490231.5386138504,6700.360487302386,conventional,2016.0099409145996,Northeast
699424,23.10545612761694,2015-02-22,0.966036419252654,469995.5747930228,136480.92280214268,97251.26074750554,48960.23037431427,77439.95479445589,45745.06162958714,-5415.641342596376,128.1020613293975,conventional,2014.990247943636,Northeast
241710,48.252167827812016,2016-04-03,1.2565402684799296,3585716.709061867,2499592.8143440783,1211531.3279404603,109109.64875382184,850297.4316771367,231725.3661989741,53078.92514099633,3822.848193174942,conventional,2015.9912712648688,Northeast
658896,33.59156281209573,2017-10-01,1.4036550992579075,155522.30240084016,134321.83219952203,97041.39838806144,2067.1536541483947,36942.5702969189,43310.99920225474,4939.191142193361,-103.68085637609369,conventional,2015.0255054080608,Northeast
394514,16.590688285229017,2017-02-19,1.0335378403513578,5108180.831121729,545055.1651036772,402302.9424226123,37185.78508882435,648960.1151117631,381167.93008665927,1162.827838955067,2568.1641719638287,conventional,2015.999180445148,Northeast
413336,23.765692794380783,2016-12-25,0.5684059410140949,46725.18553705787,15746.125722996636,38418.59210735322,1611.8699401955505,1795.4353529081045,61674.9534496206,5643.818402075043,-151.36330625006133,conventional,2015.0052041750248,Northeast
427501,29.879741979335336,2015-07-26,0.7439080421820328,808972.4656184934,534265.5206197827,346099.10302203737,16265.592953329568,749481.2359448392,5022406.353304075,167837.52335185747,1038.705831334882,conventional,2015.0103419157756,Northeast
596306,4.40488209188131,2017-05-07,0.8273915601068387,878918.8702832774,886056.5159210019,379762.6162660301,134962.03447576344,159675.04417133675,250117.28603136475,197550.84839694976,11572.409718149684,conventional,2015.9992004088997,Northeast
298535,17.866837415607648,2017-03-05,0.96459560118912,4958057.522334409,1412631.3815894602,252964.23316946707,30254.740466578714,475834.5020983431,1081055.5113813006,195307.3797927436,39718.24766973645,conventional,2016.0023982862483,Northeast
71197,0.7919386114145786,2016-08-07,1.00163867013952,867063.6007803272,1504922.3051786951,625723.5424581814,12320.31625534829,478271.5431472622,176609.4702759648,2760.0129771395395,-10.092740358208456,conventional,2018.0305682720443,Northeast
381799,14.732781609360014,2016-05-15,1.0120703283587862,396886.7523371951,19260.95808081327,12299.50166884842,23140.340041284053,86637.94859872096,59418.25763415459,2550.441017524028,-2.097173623712916,conventional,2017.9596101539855,Northeast
969312,-1.571805910181582,2015-07-12,0.971253024433708,36356.18229489194,596.7549726808456,144563.85695866155,520.4947950530516,67388.22350510945,28204.87879832271,1273.6603692284473,-23.104976615250436,conventional,2016.0049601579065,Northeast
182490,10.247344953855364,2016-01-17,1.008937379131723,3374773.7498486303,14617908.150636207,490346.7736749647,84094.33919953214,1597204.4481917291,1544652.677503035,159687.53505846366,3947.421837104008,conventional,2014.981556794956,Northeast
706090,8.059980857221749,2017-02-05,1.2598740454622392,1135409.468663215,28770.782636715507,17892.53995986239,14976.635703465465,53840.9707743536,68571.13693325353,-838.3133725225282,207.5031229470313,conventional,2015.99481144565,Northeast
462649,0.535036710635401,2017-03-19,0.9810021805344477,449543.43287343485,580392.8852302914,140272.20093875122,13459.11391079662,78465.46104998383,63578.91204716822,7460.389568202394,1499.8967553323284,conventional,2018.013918330797,Northeast
175048,20.85037998369269,2017-02-19,1.0297912054623242,816389.4235218511,859004.5645181568,399967.7069066386,148552.85643496003,334918.59136657143,484599.6237337445,27687.367511746063,2834.7783402621726,conventional,2016.0033102976847,Northeast
929658,48.13326173772192,2017-12-03,0.8619796832428313,369967.06374549743,348137.4913960408,2009161.441999795,31161.99738685154,298972.6591751713,1291629.6807101003,167435.2327407127,73564.99534463964,conventional,2016.0048013587752,Northeast
586075,16.91304757720679,2017-04-23,0.7926286852188069,339540.922475154,598489.447159579,425240.3029749004,18310.62154861686,231113.18968346703,663627.2031692953,217327.4575678649,8686.312305641484,conventional,2016.005378074867,Northeast
186773,1.114567110530278,2018-02-25,0.8003229043346917,399789.1611047237,94349.96616711724,109205.28990115457,299790.6206149321,563915.5436029484,40125.26893195376,87547.20571499257,1822.5785432567548,conventional,2015.9919278405207,Indianapolis
106102,37.45729375066593,2017-09-17,0.8258229888229869,334730.5787253316,540629.0835188857,113383.34201221634,13724.162533247903,50258.63281145244,60521.11750987645,5375.6518610361945,110.69472624087504,conventional,2015.016462432216,Indianapolis
288641,22.97844138637044,2016-07-24,1.1744066136666758,599828.032747751,628936.5504133909,248153.813112036,11485.27292400928,66069.42235196863,41559.75566889813,2087.11847405996,151.45322857197252,conventional,2016.9951816978985,Indianapolis
835908,24.54531430496635,2016-05-08,1.1011497382508593,171657.36053218678,2165163.10923964,410392.0690128102,1113.2824808701755,492169.8320364716,53189.52393354001,5904.8046486128615,138.27102814595182,conventional,2015.0067685652464,Indianapolis
938849,36.21842131853559,2017-07-30,1.152425485529056,336964.8538085018,-1166.2771421771104,-6525.303842993015,801.094628995379,39659.52999812861,22033.400101157,1683.4830068176914,-56.62893082331827,conventional,2016.0095414646048,Indianapolis
889320,8.463282749682067,2018-02-04,1.4446901342028802,83877.49115914232,-1798.9955321735415,213460.69101600177,1143.1180953272103,25982.671740284983,59835.0785845802,4788.225308534262,86.00292142286857,conventional,2015.996111098083,Indianapolis
732205,37.08832868410682,2017-05-21,0.9573320788441952,257280.1770426904,641652.3363432314,202511.47232083272,634.8512871497196,95910.57149504576,97407.96721285013,25205.128040234067,-57.81189362393761,conventional,2016.0047208843705,Indianapolis
164472,42.392686402815855,2017-02-19,0.7193574594737451,4743747.831667248,648265.9803948671,373379.7965976898,8583.599950568983,164223.9405920824,337197.09348925145,105307.01344340222,13640.318743840737,conventional,2015.0062525358069,Indianapolis
513687,37.04950174731929,2017-05-28,1.3622109228958474,247785.1325213349,52504.8614185185,308402.8798754713,812.5497626156247,99645.6476729775,32332.19062030397,906.469988135716,11.417950909670784,conventional,2016.0130044603984,Indianapolis
83130,23.20840730871238,2017-05-28,1.0307615172545097,218378.7866845388,4451.275062027933,479633.4856685203,1869.045498200679,-5175.04255120426,4614.3945785134565,4686.82805425522,28.744358764603223,conventional,2015.0214613285516,Indianapolis
797193,39.893333019601066,2017-05-28,1.014043724684229,788599.0010020849,148613.87114804814,359798.465034386,281.6674262037923,58598.85024483119,103017.73814796888,5223.931176942555,17.205842649013523,conventional,2015.0074730749589,Indianapolis
869410,35.62451997421518,2015-06-28,1.1082966808444403,45797.88607470319,21547.979997762854,68327.77857220639,1248.2008940543735,36314.70048428906,54831.51412767628,1095.001023544535,63.85646436473887,conventional,2015.0048462098357,Indianapolis
390762,-2.884900139978344,2016-12-18,1.235911009438187,345363.957827941,269563.71607743995,365827.6230464962,2399.966554792699,-229.11631533929904,56489.16192178687,4360.068754614047,265.35801522403847,conventional,2015.99730255346,Indianapolis
66866,18.621689206912016,2015-10-11,0.8740223639469757,712959.6560208163,16925.428139329,417825.85186904913,2331.2570186553003,40912.93414682311,77236.85213455016,5958.397206644235,-108.62391936876742,conventional,2016.0005462470124,Indianapolis
457134,31.81726056044631,2016-05-29,0.8391393013202522,571310.534963601,41028.84780924002,85257.69876116884,16745.00407928722,68776.13841380291,9910.94344470735,31414.59194285411,-55.69344376268742,conventional,2014.996767244119,Indianapolis
786118,21.68283428649963,2017-06-18,0.909678981351533,447016.79310255504,139122.68491210853,393158.785772016,11161.015218958915,60649.63294883064,87962.2390207019,109141.23099865366,5994.133382329231,conventional,2014.995890041508,Indianapolis
372874,6.771009514794924,2016-08-28,1.5200886933571942,363510.3604557879,16135.356567965451,14717.923857054097,616.4933919545201,92531.34800109,82289.70727867511,256.7753128986428,-277.4682104377856,conventional,2016.9889237961129,Indianapolis
