Courses/sentdex/Data Analysis with Python 3 and Pandas/datasets/avocado.csv
,Unnamed: 0,Date,AveragePrice,Total Volume,4046,4225,4770,Total Bags,Small Bags,Large Bags,XLarge Bags,type,year,region
780041,21.7781512209732,2015-08-16,1.0571754592209777,3286349.7635450102,379150.2682983041,215429.42189204597,79667.83542186502,622699.6434675769,67855.76993434574,27228.39985446876,3887.213079629855,conventional,2015.9969617155969,CincinnatiDayton
681515,19.23235490458655,2015-08-30,1.0443560164974015,375850.7895252685,-4640.743551214865,19692.92152452655,1228.7080929730157,-595.0657645932715,43067.005738698295,3543.7394282024534,110.49618835656852,conventional,2014.994160757261,CincinnatiDayton
571367,3.6020377099333345,2017-11-05,1.1499674338869663,39017.86590261136,20674.26182594329,-15496.421874076525,1790.7948033416912,-26923.130778244617,-11070.861730376342,2021.396814382354,35.353845004898176,conventional,2017.0062347933329,CincinnatiDayton
570107,24.7511597772172,2016-04-10,1.130242304931143,761207.8616421233,650849.5617919799,-6448.153894528994,11451.314601245202,77243.36294305442,34266.84285565317,3332.1202380550576,19285.237093892672,conventional,2016.9988616182172,CincinnatiDayton
981279,46.36347739986746,2015-09-13,0.9560397314994332,344587.0407599773,848.040643171631,247664.7640984089,1431.334751545128,32677.109099327296,11373.01235120294,-195.11173763112996,107.4810371821448,conventional,2015.999520218752,CincinnatiDayton
870981,-0.3933819706836465,2015-02-15,0.8822612644993504,3983622.055012309,2026116.511743873,1589886.5434749871,10902.43305614928,791111.9569688037,119469.0460871183,896526.3672729753,2640.7306497966774,conventional,2015.999506218042,CincinnatiDayton
892976,41.1658561854888,2017-12-17,1.2914091773061729,402698.3464144146,570783.8374537015,450309.5380569318,1740.4510646616015,196577.5552915469,-1912.655377736999,1806.8277808402652,19.287843795098127,conventional,2015.0220559380568,CincinnatiDayton
350104,46.914879410515056,2015-06-14,1.0567387816955702,160400.6804091158,3801.676363998028,9646.443782348388,1314.2009488521114,117859.1923425991,50427.14044644419,1199.3262347076486,-11.856058687457928,conventional,2015.015991491752,CincinnatiDayton
50601,27.66301965943839,2017-12-03,1.1689502419901443,83077.51401877601,7074.904088770843,-11428.824371615932,-28.7804678063178,111872.87294236476,96426.09584753947,-161.25283733750757,34.38805267777039,conventional,2015.0004607652131,CincinnatiDayton
135042,30.5136901747843,2017-10-22,1.256731330103411,1064140.099514311,11188.622684132872,-181.8532309682887,44944.810437223154,4918.135903222185,776.3761121642383,64427.718526452656,7.261253716035325,conventional,2015.9973094511035,CincinnatiDayton
218614,38.82459336159769,2017-12-17,1.0507886808456817,345765.83463798056,134294.8534642581,164261.68992101288,1644.0062883201133,91079.50277699482,25015.22452587529,107350.53292581334,158.84027803935643,conventional,2016.0205882899672,CincinnatiDayton
650237,45.39295408710305,2016-12-11,1.3445929472045246,75628.404192115,15096.8415931737,298990.5309958198,1444.7414726617135,10475.158788069815,11088.654998247868,8918.95423183348,6.948118854063733,conventional,2015.0063993338683,CincinnatiDayton
54890,18.39699308824736,2016-01-17,0.9595602788987676,612606.1896057996,49374.64892196608,168843.6333247021,17932.55012870961,76957.12429957974,135005.6921955239,4588.06842198021,4626.497210222876,conventional,2014.9991604075951,CincinnatiDayton
859800,17.74503718417877,2017-05-07,0.9929200378808192,357134.66607032646,392252.9024501856,70375.75928891757,16422.201228358463,110925.51139986838,79607.05405406267,2514.248045558752,4343.300186022202,conventional,2014.995519304348,CincinnatiDayton
562164,28.39050514336553,2015-07-19,1.054562639028487,1248120.07440938,144642.9668125474,202975.79023573743,14485.20973699548,-959.5079362269898,31162.428055301592,260.63969344359475,102.65597933922828,conventional,2015.9932898841016,CincinnatiDayton
708336,3.6692310836366193,2017-05-21,0.6184571194358977,3343798.580171479,668176.4474990948,799161.8382038365,16192.338438194034,759176.7551068444,551265.87834812,3473873.60150362,16428.77209884384,conventional,2018.0204103726037,CincinnatiDayton
784079,6.364108934364733,2015-12-13,1.137899843591469,1349658.991896614,15984.147000821198,85477.16861646019,1691.719604447596,28950.820853591147,-5502.9783785220425,4633.817583733606,-15.888148490270511,conventional,2015.005266299596,CincinnatiDayton
74101,36.52410889461073,2017-09-17,1.0457448330061077,833168.1978872002,107146.7281006777,424537.9015764366,21346.917988049907,-2731.219493796598,52581.40587345249,8585.710955317774,3021.125680563496,conventional,2015.037144208601,CincinnatiDayton
517004,48.67941426153952,2016-02-14,1.267532843435911,2724549.593357752,2004296.7102693445,153545.6702692574,11472.248083365725,6652045.062874155,6728337.649527187,2793397.6462202244,35029.259859378755,conventional,2016.9965265491603,CincinnatiDayton
872230,21.04010376886266,2015-03-01,1.0507809313201784,807326.6322671124,559670.0862665451,248948.42878278063,8647.907737014026,1387822.122269676,150119.07277428356,39360.56489853658,1748.4879328171814,conventional,2017.0025498171285,CincinnatiDayton
383869,-0.0316330095666859,2016-01-10,0.9248082733371902,1070745.3456120095,128337.28489737392,323009.807672219,2906.315735309643,47021.98686724085,43136.84056716677,43641.51450688264,-16.404615148941954,conventional,2016.0182615805477,CincinnatiDayton
593738,46.82616854327899,2017-10-01,1.105355163739207,1030312.0768853762,2956642.672016095,2220798.5759407226,38336.911424689366,725550.5139731932,284960.51975051535,121493.27013863364,1500.0408367205205,conventional,2016.0084116758453,CincinnatiDayton
319311,38.76006562915506,2017-10-08,1.5306034703876776,207868.2817235193,10162.214327905143,-4154.483919579527,912.0785911373578,78084.44047346871,63929.43210260657,1561.14702814648,107.04021696294258,conventional,2015.9890896033196,CincinnatiDayton
498959,17.02600381629836,2016-01-17,1.016809555788862,263225.585231417,19128.252751588327,-10829.870329476946,1307.150250420596,9915.207658373649,63666.50358974314,3963.821492647533,50.76992496242956,conventional,2016.0124182889865,CincinnatiDayton
960698,48.36657002222897,2015-09-13,1.1234596350139192,79778.19231988661,20655.85928601845,25589.16847659973,1072.0129260450517,-1281.1403855790195,-890.9880441229407,4132.707277137672,-152.09715436430622,conventional,2015.9993313642608,CincinnatiDayton
553007,20.65921587854149,2015-09-20,1.2228170266309988,636446.9734159759,548684.7182265229,291082.0698995356,17755.235716159015,475736.2811709838,520446.1750893205,2287.345868343425,51.67112056847183,conventional,2014.9958417687687,CincinnatiDayton
902084,24.81789331101557,2017-10-29,1.0702144069263255,323828.43875957734,-621.4296570675988,130755.11787185924,749.7077917168416,30617.05770149867,21022.87033544588,4049.113515680585,-103.58498811554443,conventional,2016.9963689644092,CincinnatiDayton
469880,9.491406495072315,2016-04-17,1.0949964815802502,3570747.374075586,822009.0747542067,446475.78372374014,9537.355935908452,367232.4435305367,214962.9300552,163599.3238332168,-232.8526660174548,conventional,2018.0114215559524,Philadelphia
230230,5.495633980334184,2015-06-07,0.8900506468468025,408534.66420975584,335671.5142047064,594940.1476147621,643596.4550222518,275934.4664532021,361829.4787988364,73963.8548507384,-123.9893374099358,conventional,2017.013553870347,Philadelphia
780728,7.926198497584503,2017-01-08,0.6091401659076845,4143181.310021839,536283.4402125322,1162109.2162011242,11981.827572793543,10328243.378485776,399781.51926839433,68761.04463233461,28310.86451029426,conventional,2017.0104728279184,Philadelphia
654099,36.652569361020646,2015-12-06,1.3811752118638123,306407.36952380603,-8458.385525242189,-4090.949099908272,1565.1348409355116,129178.35650272456,51094.46620898912,984.6527054193645,27.4122640908665,conventional,2016.0141807746625,Philadelphia
444740,15.332603241893336,2016-03-06,0.8901326996325938,3530200.849540435,448875.3321530016,480097.3955940814,85676.89140821277,1564335.0420985415,175167.76198536856,96933.10034118158,36279.896840186586,conventional,2015.0064349072968,Philadelphia
565181,32.325742226373755,2017-11-05,1.3699663556293709,1077821.540258739,169315.629057615,15204.773890714408,803.0086400599948,39561.77187874768,25621.527592864917,33493.93452285327,-36.33052699281963,conventional,2016.0033961857569,Philadelphia
49603,5.460469523293581,2018-02-04,1.3557008746403014,3871421.778601528,1826626.6827069835,1744312.7574335877,127640.99687806472,195378.947957124,4513493.093751737,4501.704782727905,21153.63887112065,conventional,2015.00256549684,Philadelphia
134376,44.15426752355874,2015-05-10,0.6668616750684907,4140382.1230851496,1366449.0053540317,245245.3612489102,465468.6216339977,810987.8792708778,503778.7511120624,39490.01230806773,2385.745123304334,conventional,2016.9976409791857,Philadelphia
128852,0.6102895984416545,2017-12-31,1.341128326233529,297084.9333114237,117623.98672060369,24960.945529012868,1520.0710429871524,15144.569237182275,39048.97499175684,1988.058734558928,-70.79733390816433,conventional,2016.0199095169132,Philadelphia
866267,3.656268974778591,2015-01-11,1.063522730425834,1067675.4288065978,11257.310564958108,8598.811558178964,1762.584776423767,5562.274527837888,75574.2697975426,1378.8501545242266,-158.53044497371846,conventional,2015.0014978567056,Philadelphia
419549,26.184605163371945,2017-04-30,0.9150370678657088,459304.43465785263,66145.57564630464,321153.37911823846,16426.937637213538,52572.75819117901,9180.90553458676,-3717.683165061559,38.15896788624759,conventional,2016.0036431850783,Philadelphia
960185,25.287746606348765,2017-09-03,0.7879284006613035,967360.0555795686,406052.3479941462,2151823.0719065284,11863.200976856702,567183.3676901262,185149.34936217876,941021.451336612,40058.976312444334,conventional,2017.9546632400293,Philadelphia
334855,34.67738474150708,2016-01-03,1.3736900835833858,111768.7491280022,21575.455725741976,-14363.916731554991,925.0286446857232,68922.43942579295,35722.95391349175,29979.46041258437,-31.45317555554578,conventional,2014.9872484690209,DallasFtWorth
898754,46.66202055963727,2016-11-06,0.9113406428813856,2667744.356927779,668859.8446153755,11738062.168547569,139452.30112371323,166621.0466991056,428818.8797486262,70791.19347293925,-24.27860626767899,conventional,2015.004338388944,DallasFtWorth
399476,18.441238870519644,2015-04-19,1.2838431395713752,315994.1766301979,9588.940094655913,-2827.0605864337995,1629.4225822237108,21111.28249578709,63407.45955138387,64335.79765593586,-4.408136519996123,conventional,2015.002741404072,DallasFtWorth
409072,19.926472338869907,2018-01-14,1.0960072133976122,887153.5125516576,10562.034476548712,447133.2802525335,16474.442823160905,54514.10173235012,36832.54824081548,55989.507100649134,-84.53851450656552,conventional,2015.0101958697187,DallasFtWorth
194792,27.491530310591934,2016-05-15,1.0004363949852326,389973.4834712315,621194.2392127917,291959.5942132771,133675.15398017253,333104.7937853386,396383.7424170444,136189.91253450484,9136.256982302348,conventional,2015.00871910784,DallasFtWorth
226783,26.60903905725188,2018-01-14,0.9917573204975202,330702.7540959019,1597.462758611323,523631.5312529725,559079.7986984944,71679.8999390622,552964.2577770499,2798849.354538427,0.6513311548076963,conventional,2014.995800697968,DallasFtWorth
643581,0.4265966774165763,2018-02-11,0.8141946511971283,965601.9619331897,480890.1764383621,310065.1413094674,138538.2935831057,748236.4332525164,196184.71803738736,34299.37499196967,5234.133906063052,conventional,2015.0017954430907,DallasFtWorth
900612,35.95055202025422,2017-01-15,1.0765538472295928,986041.9976970138,559271.0487858194,529581.6505053486,118019.5259557058,189159.1188526746,52498.62856357524,173058.32584951835,5503.101115514429,conventional,2016.0034643560616,DallasFtWorth
641984,18.955405713448968,2015-11-29,1.2921499301637225,190905.69747834883,143762.6371155293,24922.65587148409,2248.8177270527503,40599.99004874796,45865.24628782741,1395.2814935126132,-67.02223775890451,conventional,2016.0055917909904,DallasFtWorth
43463,3.338664642344632,2016-07-31,0.8656127286101865,1194621.4009009085,430459.3250151322,324506.4753462981,619311.8800907367,1426817.6518959128,599948.9132574644,168094.49289500676,15057.061349869376,conventional,2016.0033735014133,DallasFtWorth
819766,47.0193578539644,2015-09-20,0.7947365559664845,1594842.9658257249,147147.85579242744,83594.83529545416,-573.3549335233834,49780.45557670235,18657.057487714344,526.7896881042554,-63.34567648396272,conventional,2016.0021064323184,DallasFtWorth
476710,19.9514756115688,2016-07-03,1.3478491529437808,1092801.3792114726,96379.30310630202,109869.07384226569,2405.3101476128168,35756.1189168403,4003.9145944320408,4562.038740467807,2021.0839271618556,conventional,2016.0053108981808,DallasFtWorth
937024,28.235068392233337,2018-01-21,1.189735869131899,1001071.8315495184,148363.7319848298,308372.7407477899,9870.087854138474,249572.50935145037,81637.11945472244,83800.96141403682,3254.8059945902896,conventional,2015.9995770496848,DallasFtWorth
821761,25.50991983944889,2017-09-10,1.473009555246652,349165.0538672929,140586.03597924774,48969.7711255058,8942.144039287468,124703.75423286708,46559.83587430673,3046.944447816217,177.45787626084652,conventional,2014.9961480184204,DallasFtWorth
805385,49.189402859905805,2016-06-12,1.0694809880995142,72430.14083197434,735495.9838253497,398273.266398243,160607.866918514,149820.98931890633,820729.6911905967,143579.8680759254,5523.3594101749495,conventional,2018.0082922807612,DallasFtWorth
411936,0.131334842937338,2017-07-23,1.206098261898505,1118310.4038249378,562220.0642936584,1574076.1810271083,683718.0137063123,394680.2955150295,211054.25003097652,108225.38062415726,39865.059357703736,conventional,2015.0011042249737,DallasFtWorth
229824,4.385263374299216,2016-10-16,1.3049996024175212,92254.14698563363,24.18518992636382,157559.00998840466,1158.447109513094,721.6652749130644,25058.39508556579,19474.03136320095,94.71247649078784,conventional,2016.9921378882916,MiamiFtLauderdale
356202,0.5923342375016554,2017-05-21,1.2313877681948024,3632030.321893824,559131.2817779926,260514.978757958,121850.77485985,785880.5766496237,393542.89997306,146709.53562575512,1452.7351528689678,conventional,2015.0099375498849,MiamiFtLauderdale
488643,17.214751367365515,2016-06-26,1.172397874976149,1315313.986232574,203519.8396328567,100883.76031273788,13329.128407016937,1481301.9318215423,21790.45378643345,3640.344283505885,139.65285341869597,conventional,2017.0097535951568,MiamiFtLauderdale
674797,44.115128599729296,2015-01-04,1.3807795483306493,25876.50918619051,5917.59852590126,21222.51835655469,-311.1193961510533,-5601.438642391162,42531.770599841184,15631.628966996605,104.85938132301536,conventional,2014.9944836910208,MiamiFtLauderdale
182238,6.813408500271188,2017-06-25,1.2125030307559697,58314.2927668228,-793.3150980792325,25270.405366368344,1478.8726627699525,55471.48849713458,33564.40451886042,3009.2369647597443,88.0692574614762,conventional,2015.029039166396,MiamiFtLauderdale
750466,10.091623135534858,2016-05-08,1.2863851137537574,200309.89253286616,5515.560284634377,-12778.136221158818,1694.1783110253944,-653.1505433956754,-46.07401246910467,-984.19049752377,38.44936911679141,conventional,2015.0037465104035,MiamiFtLauderdale
371500,39.419167662963424,2016-03-27,1.0536859343435343,1062057.1135433374,534632.6518191347,470875.6732247649,303482.38583530206,290480.8482492543,654810.5803722282,2091039.20683253,77.64631815490866,conventional,2015.011271707916,MiamiFtLauderdale
757912,3.9496094893672855,2017-08-06,1.2668492406431138,2742227.1085223574,490387.1486851417,1929749.2238736488,294953.6725907527,711430.029344735,307692.0477043984,1155924.5121263778,50626.86395563939,conventional,2015.9948223671088,MiamiFtLauderdale
995231,-0.3671475444718375,2017-06-25,0.8256494298711323,334790.8862424822,694.5116901628089,50646.11202951743,2987.799377603359,78285.12629256863,7863.056806625966,1204.514033941062,98.64511757973244,conventional,2016.013726504836,MiamiFtLauderdale
418902,45.144019682067714,2015-07-12,0.9108949160015712,683671.2682367553,479868.8319558488,1528181.9542637935,77215.02748572364,1055571.416533612,1238364.027937219,353960.81283724966,32364.343384348093,conventional,2014.985599838317,MiamiFtLauderdale
87432,25.826041069961125,2015-04-12,1.8058493773664053,247106.6833824059,6932.094859919074,24724.647376304594,1771.7424313128224,-8392.290581367184,50750.50312023774,-1820.3630534694887,223.4742817810501,conventional,2015.99277848612,MiamiFtLauderdale
444555,11.473886873405323,2017-09-10,0.9917933865749964,1210119.8198297536,33394.268965400486,86695.86166073063,2634.422512494824,-14270.923901774018,56951.32972054382,4981.525552584709,-144.4350142240847,conventional,2016.002924642408,MiamiFtLauderdale
635032,45.36787319639304,2015-06-14,0.8047978366251507,1351016.263996686,558773.1943859239,448080.7356758951,115372.06761280193,846766.5167448297,528972.5336680751,148937.9589403532,21474.94334959629,conventional,2017.930332564769,MiamiFtLauderdale
641021,4.764115094212032,2016-04-24,0.9247813184285774,308685.546124822,710968.2038736243,341721.3616314372,7351.374540472738,237232.72356652885,741504.5781217722,153047.59956585808,5162.310224389688,conventional,2015.996720898118,MiamiFtLauderdale
341637,37.1385934500031,2015-12-27,0.99648096654372,377113.1823871568,115535.93505494409,388271.2210061448,47688.737941205545,110178.3834171375,27907.46906604913,-437.7672910032568,6121.182734231559,conventional,2017.013675716756,MiamiFtLauderdale
