Courses/sentdex/Data Analysis with Python 3 and Pandas/datasets/avocado.csv
,Unnamed: 0,Date,AveragePrice,Total Volume,4046,4225,4770,Total Bags,Small Bags,Large Bags,XLarge Bags,type,year,region
375092,13.697056895292487,2018-01-28,1.1091665578921983,289143.9962644006,-12512.031127260285,25814.55908636693,2010.1704239941555,-13981.978838747862,-9872.228293859873,5705.235318031603,-170.7251993198868,conventional,2015.0232752467089,Tampa
658363,24.700843636344203,2015-12-20,1.1519025683747413,727130.7987248249,995.31660864278,25079.82455446957,1769.320035358172,83690.99326412975,57193.77046480392,3956.510967711996,1.0391836357223028,conventional,2014.9926521506688,Tampa
972259,12.346731152839912,2017-08-20,0.8298155601065808,986289.3532126158,-4509.07343082048,84310.10560909432,1594.118240727342,70718.54689080069,24441.745098138163,1524.3622089839446,-33.0814179126249,conventional,2015.9973700707776,Tampa
640654,37.01987832462353,2015-05-24,1.825870156054638,401066.00626378175,33131.88174014469,275881.21161582315,18787.822022601897,186956.53178368884,102569.32488269672,4038.251932878453,-11.215090129004547,conventional,2016.0037522319103,Tampa
353559,3.1503123769756405,2018-03-18,0.9667869444977004,3307669.6359389843,541141.3098737044,467729.3462130639,16104.071613991931,316311.9974086839,496705.7894263206,87144.89680328431,6330.869066420778,conventional,2015.9979402315653,Tampa
236741,22.18631655983732,2015-10-25,0.946334003461172,403565.50278507016,52884.00092698587,1440.8640730615225,492.41339236941695,79268.3837176645,36311.29974045864,5997.798495491977,-172.67102838570693,conventional,2015.9958693503677,Tampa
911702,31.75121048159587,2017-12-24,1.1184572643611987,1334988.4697705265,156179.82751721563,294053.6516031173,143603.68728782033,576025.5660306582,148956.5752548703,25978.835461370567,5279.287334834984,conventional,2015.9917308610695,Tampa
177524,24.70048488097057,2017-07-23,1.4026208895866246,245126.3687187606,969.3015900654408,442922.5611270921,932.167045568568,81263.29099898732,42255.21625742711,42.41125811102347,164.33197434349506,conventional,2016.0080355284545,Tampa
530436,41.541036505550686,2015-06-07,0.6787798299994793,230209.0023736432,-207.20461112636804,23228.66305137477,-195.03863769529488,24053.24849029752,36574.16134674004,3871.3341874740217,100.88670607192768,conventional,2018.063303016345,Tampa
788158,44.17873313597816,2016-09-04,0.8635028550681225,5222855.243281898,344517.6808816773,494506.4767712059,229398.14494624332,173084.8651070869,447082.4313930789,186072.61650658527,5965.269152126495,conventional,2015.9899641990064,Tampa
524844,37.67868618736952,2015-12-27,0.5568469361326034,2316346.9253771463,90197.99528540956,319652.11939388764,102601.2179216313,349562.7873647041,230040.46705658844,345596.96352771897,1421.362396120453,conventional,2016.0072795468825,Tampa
258540,46.2476641603733,2016-03-27,1.743461729760994,1108366.9335402227,14484.466618168604,102418.0527857564,2296.4079342547384,253797.17062276663,50809.02083336195,5061.1076900662265,6531.989563150367,conventional,2017.008899517769,Tampa
130016,4.452793250526435,2017-01-22,1.3068709780576473,1313574.1722375804,650432.9882927912,994844.7066660648,94529.00812067484,192460.948655475,198102.11314251885,163079.2267117644,110644.25382357664,conventional,2015.9941805112871,Tampa
715713,1.056955834290337,2016-10-09,1.219251517073248,376741.6684286099,8028.615228675335,-8423.731572929979,377.62344672966185,-8946.847608417758,67042.35364909374,989.6465261167754,-109.5211599970852,conventional,2015.9877311174869,Tampa
436349,3.2941145854237046,2016-05-15,1.0099043417662723,368770.8140140172,532475.197024283,1594215.8278273412,253265.8442122883,241935.6982621836,371458.8599872646,191708.3094880396,724.7406121825051,conventional,2015.022162064653,Tampa
676160,3.331435354151009,2015-09-13,1.649937520561116,-6611.723337751595,-17767.459199465018,-4458.038201109424,435.63016901165736,6814.813710168868,-15113.31550062326,-842.2899578275376,-104.1170524672998,organic,2017.0250301058115,BuffaloRochester
452417,33.226969496529506,2016-02-14,1.471224752753635,21804.591869512573,-15043.82956334671,16125.760138203994,452.1009063670295,72133.92530781253,90065.56785857132,6844.878812372125,95.59831160253648,organic,2015.0108693977804,BuffaloRochester
182375,8.033532653840762,2016-11-27,1.2751955128373365,70420.13060463144,-6028.271651820579,-8011.534977569385,464.6585502153809,7892.151868335358,-16634.38812574087,2183.821078140147,-145.41824565595795,organic,2016.999859743988,BuffaloRochester
490351,29.294499455227204,2015-11-01,1.7166400438217388,78438.12319895529,12538.963377994589,-12411.892193172747,1830.701624819977,42231.228913979314,11559.12845844934,-533.2438201004027,-129.6027591395952,organic,2015.0247423187736,BuffaloRochester
797991,30.309867725269232,2017-03-12,1.7251039612538368,10950.832731683597,24474.01358767832,29982.81364529744,288.7839195567843,-15237.35047953436,-2677.003816313498,-1033.2373450231255,54.18585969708302,organic,2016.0116837890157,BuffaloRochester
30755,-0.4844821881665466,2017-09-10,1.614233601696185,130873.1888363597,24563.2334301146,-33153.12275634542,952.7412088333248,8515.843438820324,-11578.355225820387,2820.3710366239297,-33.67499415277727,organic,2016.0020945550043,BuffaloRochester
921462,25.787369635610958,2015-02-15,1.5219397836357815,5039.636064704511,10143.421785765644,13231.807686155453,1939.5443813409488,-15217.633858555806,2969.637703925425,230.81894929804616,-117.7620551983097,organic,2016.0016772432105,BuffaloRochester
854497,22.482640389005088,2016-09-11,1.5563215387233162,78470.16650008678,18706.294340699274,-5495.425934996589,-235.43539942436672,-8053.048720412682,-10157.34192792564,6639.213158184837,14.364671481508989,organic,2016.008069752516,BuffaloRochester
173886,40.07586635008367,2016-02-21,1.2953934103803546,-17049.854242357695,14387.254390287017,9164.112644207136,1063.0234428667925,-18179.04906651173,-13951.701354228197,3934.946185000089,-145.85699850044054,organic,2015.0326737914295,BuffaloRochester
662328,41.7099677499976,2015-11-15,1.810291554056926,-15881.118968956907,3491.816966057098,-5943.981836550765,1006.57105666332,-7534.246432405269,-8649.49799463086,2251.717869623964,3.0491787195613758,organic,2015.9992864341252,BuffaloRochester
202510,24.48813068152625,2017-11-12,1.7016208507885642,-16338.153506824718,3649.347639207024,38859.74023898667,247.3970016729511,19704.09051277853,34599.252272523445,21083.60580763112,-1.618843536862208,organic,2015.9998812395115,BuffaloRochester
366975,45.421850955173504,2015-05-24,1.4755696309745854,96825.65113078537,-12004.251122014495,-11805.455706013025,-177.34588874076354,16423.816950556225,-2664.629381141377,2023.3985250228625,-159.14686220896158,organic,2016.002175122395,BuffaloRochester
820591,44.403690493580605,2015-03-08,1.691419695682108,38257.02026206845,15638.805556373816,22546.39897849757,571.7723207195716,1573.7470790310217,-18729.29862195551,3829.577611343405,172.57828267079705,organic,2015.020019009435,BuffaloRochester
500677,44.06819160429457,2016-03-20,1.6892391155701418,35189.90657788434,-12714.909032088295,2594.8246164001685,567.6605223906064,17923.08862303642,-4854.424519621959,6491.932461004532,252.89036741487948,organic,2016.0138039570147,BuffaloRochester
682652,2.08102258500076,2015-03-29,1.1475802111893292,251842.5894585921,-1526.3820652941868,3106.771588058087,672591.6015132343,-3599.101734897833,-4904.780009934191,1712.8000320985084,-43.38548317281395,conventional,2015.0094903994725,NewOrleansMobile
989859,0.7543721869856275,2015-03-22,1.1315041143464546,372004.93034878606,41799.04482648052,141514.9177011082,18822.32771247829,31431.463027958474,-11286.774549976595,-366.10186771152325,-53.5345502592772,conventional,2014.999097244956,NewOrleansMobile
377056,-1.719509650485992,2018-01-28,1.6471401789368865,39678.72277699592,33043.83878356917,-8306.118290418397,1092.4796040787362,896.3226422491007,-17312.8977317975,73.97522675082769,-61.91817421469581,conventional,2016.004882760001,NewOrleansMobile
148433,20.041551166333136,2017-08-20,1.3613143891023711,836214.7434609848,16774.654146613913,390304.1016960039,921.2261195578062,57698.41909113993,22170.603847491664,746.5020010082411,23.37218365380585,conventional,2016.0013967104828,NewOrleansMobile
938114,-1.4212838399159835,2016-04-24,1.790865171691655,-17208.124701966823,-593.8421572360612,462841.5731122088,1497.3894169414257,28821.841818597142,10263.492745041876,-4748.065147671261,180.0061802666992,conventional,2016.9998200994733,NewOrleansMobile
310738,18.98338058280809,2018-02-11,1.0566163863141933,477851.82128592895,-10412.974927137477,61857.32475350247,869.6499173163163,48567.4915347596,8497.012242551951,23036.522899792173,5556.47798526578,conventional,2016.0058575768453,NewOrleansMobile
296523,1.3145755474726508,2017-08-20,1.076454470910694,929438.7431170202,169269.20664521496,232370.1724331573,14466.847026744545,1700640.0153761765,4564.34553559724,756521.5470810493,-105.54678690202488,conventional,2016.9985878257144,NewOrleansMobile
549449,2.8760347400100708,2016-02-07,1.8779526611988413,53889.78326105118,-1872.0871280425708,51688.73559700033,2116.833675143209,6406.153879353408,31389.31484396535,73996.35254167314,-104.74729214994372,conventional,2018.0311832423183,NewOrleansMobile
659339,20.24127191946754,2016-06-12,1.0444999231203471,1439743.6264444422,340454.56306923326,-12156.259412487574,12009.061450863728,67547.45932343653,5713.542720361125,3.5413215882124405,-80.8828267251697,conventional,2018.025679026373,NewOrleansMobile
639664,20.589416948988315,2015-07-26,1.0320112820870264,1426897.4923090416,39064.13393767661,195623.94379257003,2259.914311352387,86528.70043364807,-22430.314435777946,254.03682813196087,78.78030814423481,conventional,2015.0085965712356,NewOrleansMobile
8255,20.51185879295571,2015-02-08,0.748447764650207,400638.3239482423,372795.23145063256,130008.50691391656,127542.53547137884,80143.42998598865,7865.717742450237,29711.065425588076,86.82426343195058,conventional,2016.0061111648704,NewOrleansMobile
177828,5.34788311027112,2016-06-05,0.9910107169501036,484201.9882359326,158964.65441359737,227363.14491522644,1066.340729318634,76868.28131899415,30385.18864639587,-952.625313669958,-9.483526475702185,conventional,2014.9890410900257,NewOrleansMobile
194551,-0.9990495219563162,2015-05-10,1.1148479226685002,323423.35727822635,87021.68121683056,249538.93693360247,40143.18926993775,53799.6277142799,660.3372290430343,1994.5666106422816,67.6509758591917,conventional,2016.0042065457624,NewOrleansMobile
268174,23.84887114409687,2017-09-03,1.5754322180754896,355005.9882399212,-5310.657023275634,28227.249338354544,610.3461915185119,13279.702603457792,-9307.373905782451,-1984.829307148758,-49.650857013332086,conventional,2016.004300610506,NewOrleansMobile
653684,48.50345448714652,2016-01-03,1.3304761543892576,309293.7338312149,6979.980883689199,26440.09870869354,1364.617236446579,-2097.04412320339,9504.536662742612,37138.30077676238,-79.57266045538844,conventional,2016.014678188349,NewOrleansMobile
403594,44.25155329893382,2018-01-14,1.1498534836139247,948095.5387367528,9611.000884136738,146828.1820007512,1081.375931251075,93260.8879173578,73705.94120541854,379.4910665173352,233.48183357239387,conventional,2015.9995558635503,NewOrleansMobile
170244,27.3845060496067,2017-08-20,1.2774504771864654,3499839.61578455,31910.710134973764,401261.7579580238,88985.17506605451,502020.4411205148,407597.0707350211,2681.670864285195,29411.010720370658,conventional,2016.004601714998,BaltimoreWashington
481550,46.33357132165025,2015-03-15,0.9499557531287672,2972505.043973005,142627.71401525417,300111.9743428276,29701.98880393778,103510.86382874704,238779.6727808237,66059.40192323764,-243.87283192871584,conventional,2016.001960920848,BaltimoreWashington
468503,4.813824778785,2016-10-23,1.074729247096674,176030.7053797759,12927.966841598398,21111.539334386263,11553.240069543994,64824.44495414093,75168.64560279505,8066.204131464055,-80.63145593136163,conventional,2016.010013642344,BaltimoreWashington
144365,7.225362080528379,2015-08-09,1.2079872988828984,3507472.828705816,627411.2484415768,513794.2684773827,150701.69418002226,202779.6548933577,161298.3578618044,205185.41675831028,93406.91795486012,conventional,2014.98597124596,BaltimoreWashington
623576,19.97493623800147,2016-09-18,1.207759259335398,355593.3874431691,2359929.384708584,248072.8142063923,1231.5510990344528,5057.613599626931,448560.2788646644,4139.456170665915,80.48105842626313,conventional,2015.9922784225296,BaltimoreWashington
240358,44.25333551656133,2015-03-29,0.9145651912672424,5650139.538579369,857551.7077573147,277409.700288548,12448.70297053074,1131232.4476273034,55757.9892760351,149942.20303699237,1068.7941794965925,conventional,2016.9980857697708,BaltimoreWashington
279420,25.56609839110997,2017-05-14,1.500398518839179,679862.6278143773,1703.1744659158603,3160.92099224342,1804.7924762334185,58189.64888222106,17749.81007454681,26741.704258065038,-80.41682847858497,conventional,2015.999612775466,BaltimoreWashington
834749,22.31422105688581,2017-02-05,1.3012864223565908,46650.27980488191,64666.84675635276,95005.68177279546,1025.0671962379856,40886.68993054116,74449.49083895533,-100.85872650421788,-61.632871509728645,conventional,2015.9990629767503,BaltimoreWashington
291480,37.86073027608325,2015-12-13,1.160070433749888,3522427.542466711,1019908.3194364428,179592.95740396986,114698.92305621668,407614.11945592647,629006.3481887635,93971.45521098006,10475.18922688473,conventional,2016.000472360789,BaltimoreWashington
657693,23.2887613496027,2015-12-06,0.8736261140155298,1047352.9491933838,-5565.527548071678,370402.5746584483,1276.3866897795597,81423.08567220825,16369.278638139338,-2255.6271915859297,-31.454943310740827,conventional,2015.0328142302365,BaltimoreWashington
170717,47.66591015691253,2016-08-28,1.1793050486542451,471445.32476889546,658554.6351795404,471223.3929936396,7748.635017180231,1747138.0446536425,71931.21565144036,149999.0063133714,44560.99594442182,conventional,2016.005853734448,BaltimoreWashington
721150,10.101579903606462,2017-10-29,0.8278415208881119,1141433.0236762331,172991.35649700393,258599.1215647212,274216.0150344752,51528.84381473018,208870.6556428052,23931.139496334883,3891.174221107448,conventional,2017.9857244604264,BaltimoreWashington
564717,18.85233998446021,2016-08-07,1.7498811904761395,3205418.377527027,380951.7608688978,13057501.446166364,12924.478852570392,1590156.1606821471,652069.4568918075,3872019.404071816,7070.429065961147,conventional,2017.9756686163903,BaltimoreWashington
372520,36.210653357389184,2018-02-18,1.5979299422156563,480500.8837870356,-3006.000098434987,-4331.502488731961,682.25607147832,186847.1014665998,76696.49803392633,33948.66468777238,-158.46840375749468,conventional,2015.9931776803087,BaltimoreWashington
959486,41.17952189514228,2016-08-07,1.050280741312959,364162.67264127394,78501.68442016447,108627.98575030475,1337.3137454647442,85757.05174196378,88301.76243196662,10166.251509772444,17.30587125150307,conventional,2015.0037641323024,BaltimoreWashington
117523,0.2752449325372468,2017-07-30,1.2871323994999273,59444.59448280392,3392.906791840625,2238.308264775058,1251.018077620863,60890.4371775174,6330.626389443125,149971.32012661424,-26.31684798219818,conventional,2018.0715736224345,BaltimoreWashington
199923,0.9686579780744292,2015-05-24,1.5263257442215972,372859.6646038499,1846.70103740201,268711.90568142524,-55.453911610995874,122833.93801707403,70212.80159645615,31108.8806382902,6455.671707301239,conventional,2016.0046966481143,BaltimoreWashington
535051,6.125822493330253,2017-03-19,1.0500346627983237,837527.7270638153,-325.3234737569046,1505.12075203285,830.1780276647045,76150.70858476027,27455.178625172663,-1456.506308203782,153.60568524926293,conventional,2014.9937063863035,BaltimoreWashington
375503,39.48092572755675,2017-01-22,1.0402925983296427,190290.9325398571,508902.2798424657,1162510.105319991,11915.476238330186,958493.1351852036,202327.17597927223,80268.18004699072,6949.264040781557,conventional,2016.005629270312,BaltimoreWashington
