Courses/sentdex/Data Analysis with Python 3 and Pandas/datasets/avocado.csv
,Unnamed: 0,Date,AveragePrice,Total Volume,4046,4225,4770,Total Bags,Small Bags,Large Bags,XLarge Bags,type,year,region
615231,0.2315037973475788,2017-04-30,1.6154339456291245,300426.1509946701,7197.845511074544,-24560.475556289188,1878.384272213964,83311.05613060137,3244.700756879556,4791.4638538651725,31.767833743944266,conventional,2016.012753513548,NorthernNewEngland
566750,35.90558082810919,2016-10-09,1.4426377245479012,199856.4018816496,128835.78828232926,-10276.50792506245,616.0361276479715,804.4924800414938,70523.6286530411,3777.307813759573,-45.375760795106046,conventional,2017.0032508222437,NorthernNewEngland
60256,22.23000652433429,2017-01-29,1.3498164618261692,131392.28724255867,2840.333856957391,486.17403409250073,1472.5212693276742,25850.230451683376,28672.152420826656,4622.673058603314,7.830719323361535,conventional,2015.0161511731376,NorthernNewEngland
906780,5.795304707304082,2015-03-29,0.680998766775849,1258027.8370931942,522938.91424904414,438072.50533896015,136914.81051781075,219877.1139937633,724458.0734080573,35879.50153335535,1629.0694749612758,conventional,2015.9946424951336,NorthernNewEngland
504091,37.1877040047059,2017-12-17,0.882144135459529,272665.0121057084,150063.52176836232,125330.38708582635,1326.5161089847725,132837.29283081923,22326.535597674032,2425.32369722233,-196.6421483739152,conventional,2014.9968543156947,NorthernNewEngland
558162,48.43449794920099,2016-01-31,1.395930119731827,1043275.1071024376,628026.4236103056,63375.36125274968,1877.845688747905,97329.98483218922,19482.70514684832,3684.6226312384506,-132.65304569693507,conventional,2014.9952110580148,NorthernNewEngland
604387,34.513929621226524,2016-02-14,1.0846274700715224,275672.95468282764,146735.02616848616,354075.48349325266,481.8708524834453,77592.05453607332,45741.073510705006,2979.288521875538,-65.98416596671501,conventional,2016.0080786943277,NorthernNewEngland
842748,32.484388967533384,2017-05-21,1.0138063344099966,261252.876216623,25758.96391021491,9844.96566884044,2677.2062637043805,-20226.062127428275,14239.49080169316,156.71327501072278,-250.07357783778136,conventional,2018.0942826912296,NorthernNewEngland
100925,22.6479062970579,2017-11-05,1.3146149875157571,448343.419426335,-7202.6186894598695,135828.0843007355,9926.24801066258,101049.84839108076,27413.098034527557,1852.8039091265853,-18.624685965613384,conventional,2015.0152605372289,NorthernNewEngland
416613,30.07704972979438,2016-01-31,0.8453260660391164,1156418.2070582015,150094.36747444334,286974.67624552024,14373.698535241529,9107.592447276693,32074.486903255194,1983.7230535146,-92.09931333625542,conventional,2015.0075727135204,NorthernNewEngland
440229,41.01403703168643,2015-12-20,1.2732236197973084,164292.90003341463,127031.8041803176,333662.7718500229,2252.6595645784387,59891.29736304278,53610.93029615277,2708.122427593989,215.48398835018727,conventional,2015.015652693823,NorthernNewEngland
886372,21.38756610635071,2016-11-20,0.9470085149184014,606840.1581213074,5240.378643577318,20676.168566323387,1535.8995814030393,576.3586108062755,63161.23274611936,25775.09805704743,-103.5229169373682,conventional,2017.0082235793595,NorthernNewEngland
314460,1.926220284062607,2015-04-05,1.139466117740263,199239.1756956284,18486.580654092177,14734.330598818213,1722.9314059883325,22805.188761976628,465.32619583695487,4132.635579511209,-20.900131464086588,conventional,2016.013710253208,NorthernNewEngland
918084,30.714426702743705,2016-11-06,0.92930983249939,164292.50141328742,-2376.3235338299173,334595.67637684767,2665.4546415497034,74812.20312550524,49100.431097585926,2720.3383664078656,-74.13830134093763,conventional,2016.00812767086,NorthernNewEngland
633503,17.083604212361436,2016-08-28,1.0346266637644004,518413.2547347741,740845.6674014782,44188.34001650232,134454.64562396525,7438.075097861423,19488.131635595702,66253.77405206514,-16.88017625201964,conventional,2014.982445606677,NorthernNewEngland
958048,47.50316190328519,2015-02-22,2.4417124175926888,37480.19046046336,18198.32053361496,44745.15619009629,999.2712471040702,-12448.49049917779,-1707.5251441917908,4555.198705888975,-23.647183087912968,organic,2014.99916328041,Pittsburgh
776675,47.43541598527369,2017-01-22,1.736536957550565,-4416.331193159051,-1726.5222792992226,22492.36780988725,606.338044828932,-13969.732189784156,-14691.73478444861,12506.23914566736,117.51579442632072,organic,2016.005142481668,Pittsburgh
734391,45.48307619272888,2018-03-04,0.8315990041690424,424256.2512966094,30813.807079542537,12819.295437785862,1572.9054589530715,-12019.487754717398,-14960.543768090633,1423.8045156825742,41.67834251651945,organic,2015.026305526936,Pittsburgh
66693,26.133031520635416,2017-08-13,1.4552854448610455,38380.1306795458,-15073.930250881343,-14232.80468013208,877.4574607783329,27799.8887602356,-9282.625035438214,27235.4858454474,-149.02046133953309,organic,2014.993848239328,Pittsburgh
113414,1.2000588469701972,2015-04-19,1.2430003736493638,108530.46715717755,34146.10496908641,120305.320161489,841.1016301809564,-14451.03617089324,-7680.30832908005,-2572.7721230683583,-18.410869982382483,organic,2015.007152078217,Pittsburgh
394139,28.1456165801967,2015-10-25,1.564877416802354,17104.92730034752,2566.2054737263697,11174.893107006415,35.79844562029433,4485.6890323472335,3898.252987478807,292.6749625827754,-88.25584401148564,organic,2016.0028856692416,Pittsburgh
156956,26.963313700424766,2016-03-20,1.3395989250414448,48337.329617851705,13023.894914009888,17794.44152201958,1973.9257675557008,3482.1541008326294,175781.82790292054,16517.197391450813,-46.49486468771916,organic,2014.9934070133904,Pittsburgh
133355,45.17828297943343,2017-01-08,1.6149639904613031,26023.56346796261,-1119.5109356515777,18345.9967890139,266.4306216519172,6857.775405755259,12639.793719741072,4589.256496208548,-193.8010761432745,organic,2015.0149363930543,Pittsburgh
847898,23.61595685378641,2016-10-09,1.2646461597514582,86924.43807985442,-6753.78994148334,-6552.135851010657,494.45121759573385,5325.926366362634,-12948.81850072257,1852.9789758945908,-72.70570054609405,organic,2015.0001884163264,Pittsburgh
989783,2.2075112363892577,2015-08-23,1.7592423554057055,70740.18190463734,3072.0076448626205,18830.171468686585,386.177636421654,1037.8638183493968,-6572.776949672611,5646.95729985731,-112.34758083297372,organic,2015.0028525829232,Pittsburgh
929207,4.294235878473204,2016-07-10,1.3235063107919514,118715.19969096608,16981.212367543885,-34654.33620515327,1412.769245660504,-8479.088172720118,1123.9677877363838,3964.184234028875,-6.716550153490999,organic,2016.0166664251587,Pittsburgh
849405,34.685255210452674,2015-11-08,1.3731768311482877,44902.57538329299,15153.537265678697,9086.555396485748,883.6184404448388,18907.955587188244,-5901.806772871648,1148.957690073009,109.14156853665654,organic,2015.011087578401,Pittsburgh
648180,19.96132839249529,2017-09-24,1.2822695300250506,54729.32661185145,7938.621618007502,10703.34147512435,1113.2075450024834,3280.533771057908,-1846.414122068344,1272.355178750103,-30.866535507387507,organic,2015.0083171019323,Pittsburgh
544895,-0.2479641452779639,2015-10-18,1.66707229266239,79592.30572870246,-12112.235203846532,-12822.363793723174,695.6088691495727,-6898.541979013555,-6951.8471952933405,1505.7091423272336,-220.54385650559496,organic,2016.01031790076,Pittsburgh
992488,35.36932876354597,2015-05-31,0.9360025063608528,-8682.718493267428,-2532.8453820629466,27455.141163488504,707.9467415046811,10375.705590626274,-5702.6493378383175,1370.872654317092,-10.48191865551934,organic,2016.006474885573,Pittsburgh
236089,31.56628496608761,2016-06-19,1.705002684987785,48695.95591294978,-10343.53246638153,2770.5469502749747,692.1184924164687,1717.2241566911234,-7139.602978108743,-780.3662976297053,62.04853518510829,organic,2015.0072076415024,Pittsburgh
26395,0.801197196635258,2017-11-05,1.117105676357076,24892.213749950228,-3675.5873693814,-2643.89501196576,1291.5346571731322,-12423.94910506566,-8406.357182906435,1986.4596901433115,-70.3129290354527,organic,2016.0017879442396,Pittsburgh
114577,47.64406087071957,2017-10-15,1.8897191784671048,119860.08141569432,8138.132935452362,-14275.232582786257,1006.4119987742702,-11713.901392572465,15563.659160214353,31793.49002498892,-74.10187759406575,organic,2016.008961725528,Pittsburgh
858399,30.56846279932609,2017-09-17,1.6767921160223724,45192.381174269816,-6591.350421269891,-6043.6307791705785,964.4891420601524,-7244.473960086367,2843.7660218731125,774.4804807178944,-17.46209229900698,organic,2015.0005648037488,Pittsburgh
323848,35.51393757799472,2017-01-08,0.9991396019967752,144884.57724234884,-16009.448183230525,-24876.729583160333,1602.8219404951258,-23043.792816615744,-11401.049993909608,1666.449391627455,86.95172657136715,organic,2016.0129575697824,Pittsburgh
202414,44.63559280643096,2015-10-18,1.1340414237145202,37947.89544828119,2774.018849385328,17860.43377477358,520.6672343470465,274480.4063653017,3137.0582757585835,1997.476136780568,35.56619410087331,organic,2017.007327645524,Pittsburgh
402421,49.008257682604025,2016-09-11,1.741473361751607,89443.64751549202,-3635.4924553519495,11397.56849902272,45.589872780315545,10854.23154574828,-10466.454191079894,823.8390306102624,83.17226097070716,organic,2017.999790619388,Pittsburgh
424236,3.09191287389262,2017-08-20,1.8479318042039303,37356.92795488636,1650.9463095549645,5372.038257611179,1015.4422048227136,-12050.471844684576,-263.86464967552365,30974.33551726544,-169.85007061248328,organic,2014.99169701012,Pittsburgh
625822,25.13717050613932,2015-02-22,1.8158205249881991,41463.20227148918,-5323.578425064264,-26338.051593544253,1245.93719432918,-3093.975436441722,-7673.452676207674,2774.721623687011,-164.28645563512714,organic,2015.0205035450572,Pittsburgh
227727,2.050784206019096,2017-01-08,1.4748274985392302,24314.37780721053,8925.727896811295,-18990.168613850605,351.00535944645424,-18727.3045068574,1181.16395638033,-1567.2645585209327,133.27448306813992,organic,2015.9969398115743,Pittsburgh
3858,29.873317353763785,2017-01-22,1.693809703179586,103880.56905195072,-14533.931169687698,-25073.61048432972,255.5769821839524,-6714.027267689269,9639.29149374419,19194.698050519983,-119.99877487323047,organic,2015.005804017254,Pittsburgh
148240,14.359015027991216,2016-11-27,1.9243055372833524,2142.116640532873,-1187.9325788025972,-8270.70486882491,909.3620936015903,23266.14938282137,6899.985962786281,555.3880282257444,3.895371671378225,organic,2015.9924978172348,Pittsburgh
899229,28.009310692786837,2018-01-28,1.6526853011880374,98088.81564737376,-13448.186111197498,1465.9735754389949,1084.792457095266,4324.995671868947,-12703.771150043343,-305.4620811129803,-60.95457285534154,organic,2015.0247893057788,Pittsburgh
313929,28.65942308473101,2017-04-23,1.520404486759176,-12047.009501821733,25642.312472891448,-4345.647197258355,-1190.8239516914375,-5598.192165436898,-14222.990717586996,7619.683357877822,12.510335606971816,organic,2016.0060190258805,Pittsburgh
154,1.982332192968213,2017-01-08,1.7181989209000268,77148.46723589858,16258.242284233263,-25770.485985108357,699.8247350264553,-34583.157874539684,-5505.486613766033,1715.178707504104,114.07983761693696,organic,2015.0128354134768,Pittsburgh
215574,31.356350931261357,2016-02-21,1.3238590682180846,94784.40219227392,143372.61905451585,5202.875508979519,85.88634630421808,-8635.002185613163,56962.73498146115,710.2573318137142,116.13996154406824,conventional,2015.0225799973475,Detroit
26818,44.67484791964775,2018-02-25,1.3139623049256253,-39094.45938925167,22009.15353908764,72452.8768478932,15612.842351667354,52521.64127149872,51423.59501367011,1510.0518868029824,-118.53442439609856,conventional,2015.9973391554893,Detroit
126363,39.09556340986538,2018-03-25,1.2644071277907607,358904.7526504944,-1739.2441227590707,99479.4525396556,544.7991696100834,10967.385378519346,63607.339072443225,4977.742996449619,-83.62402578094922,conventional,2016.996727792496,Detroit
17276,34.299249819449244,2015-09-27,1.4226892370078537,407658.7845474796,18880.271786210476,37898.87332466204,1515.2772450804805,14462.49544720343,-4919.358143174954,19736.531561612814,-154.09309978927172,conventional,2016.0107046371384,Detroit
370526,32.5296882102956,2017-02-26,1.166984036824436,3178943.175128201,886058.7899859203,386776.5086426965,106156.8684049033,34840.587699150106,347345.0234364326,1095380.805730394,5689.630665116592,conventional,2015.9954243350885,Detroit
750771,1.551980396271622,2018-02-04,1.20810716907186,3172051.4190637944,827135.5480297138,248460.86415591437,109075.50537637695,42684.39678212558,301650.638234598,83789.16376383105,5257.340819884848,conventional,2016.9998538321568,Detroit
253263,40.4202268793692,2015-10-25,0.6975736756395918,1139852.4353458406,452620.6493930995,487604.7206996627,99109.97689258748,584634.9761620376,181207.97583057775,142535.70523284387,5289.461697290643,conventional,2014.994483345441,Detroit
160396,29.640466136866305,2016-08-21,1.362885715849547,198197.3958985544,5824.42288032816,25576.422681613483,1625.4679069049723,126699.44486514892,47447.7986208641,5077.898707083977,196.21929185413669,conventional,2018.000323812157,Detroit
687714,48.65485691198683,2017-10-01,0.7840415781800174,768376.5670813471,610881.6593701228,481923.720827956,318542.8231361927,274626.56450396834,424148.7822858433,78518.38807950982,7785.377081847522,conventional,2017.0086683925997,Detroit
622963,50.6725754880345,2018-02-11,1.0794165032362024,395882.4335618421,13654.522258921796,10564.376247923788,-67.40741215054692,80438.88180386527,29058.06763958565,2669.50525558481,32.33182130762934,conventional,2015.0091887445524,Detroit
184755,41.16238700649696,2016-03-27,0.8911888849308772,1678737.3885971175,6457.68109119444,69278.93346285881,2153.1820555529675,-12384.061607625228,-4219.570969551722,2899.9738327435807,-74.70186569204422,conventional,2015.00816035118,Detroit
307736,45.05253014002061,2016-01-24,0.937960748534475,1082093.847179158,565586.9561503788,449346.9089022376,34543.86957949797,89499.79936251056,11596.790781714044,8.358632450983805,1807.0676270081285,conventional,2016.0012011924252,Detroit
542625,21.76974082771782,2016-02-28,1.1125331104425529,476699.95744210016,623433.2050220622,852.1318075285417,7812.254433685652,12917.574964652744,62996.39189794676,1048.1915369353758,-138.34820363290083,conventional,2015.9913438203048,Detroit
728950,18.854407086161043,2018-03-25,0.9047603748212892,498752.5128212033,-5912.2946832718,13256.520773625403,-683.2457795451871,73576.24254405028,34550.93939458668,2979.744125860647,39.43345696113907,conventional,2015.9921525380696,Detroit
517361,45.54749047560316,2015-08-02,1.0796140421562228,16620.52201674615,-4542.435170083624,29910.945926231856,1628.583676631533,8557.104938285202,4464.119603305957,4021.297064505311,-25.50178799581493,conventional,2015.0182565465968,Detroit
884919,13.631063342912409,2016-11-13,0.9589247562477402,894292.5308575743,320952.1958651531,2154095.8161476613,20158.41262764146,169842.85626104596,137739.26098067837,475966.32586126623,260.70742083662816,conventional,2015.9986212446263,Detroit
251225,26.91943922056291,2018-03-25,1.055940084261294,997809.5791693082,47932.79228358987,2235.1880901797504,-77.06578474626303,51828.95161242431,80340.39885241204,103981.95499642233,1527.6550039930996,conventional,2016.986582163173,Detroit
959568,2.352552650714267,2017-10-29,1.731594955704912,3858821.393217702,-753.7128436739631,2673477.6109955893,19280.967637235382,1448678.1799553875,160186.50646849442,28145.83855827107,-6.9983847624611,conventional,2015.99754044056,Detroit
