Courses/sentdex/Data Analysis with Python 3 and Pandas/datasets/avocado.csv
,Unnamed: 0,Date,AveragePrice,Total Volume,4046,4225,4770,Total Bags,Small Bags,Large Bags,XLarge Bags,type,year,region
615711,48.042565401001866,2016-05-01,0.9714249354314342,1431761.0506676324,547195.2767695009,268790.43060913426,16967.816917224824,115696.60237715638,193627.19621480917,554.0241530376047,185.8587882628336,conventional,2016.0113257696669,Chicago
405409,25.18510995169725,2018-01-07,1.3186611345570871,470145.3076370804,-954.1312880412434,2903562.6319870823,108.57374082045528,34545.13229819782,202692.39178374063,2118.831838071854,-73.62558242315285,conventional,2014.9899445495944,Chicago
160942,36.68024158547815,2016-04-10,1.4374478657475769,267069.2152059525,8207.39226786212,129621.60879363108,-481.55213039137976,1859.0862111328352,55829.77736228689,5167.245899261213,47.23483403967862,conventional,2018.0656258463332,Chicago
594559,-0.2649720328378175,2018-02-25,0.9945103064693755,321144.55725387187,-16695.28026967182,591331.4973886403,21679.338915134656,-9373.021995411982,44414.67655476065,5752.82026307952,94.15193829687956,conventional,2015.984109803051,Chicago
580383,7.066573461134409,2015-06-07,1.4631429013944512,75414.1175979178,-8633.412570809574,333611.2878809172,1169.2855411951684,17850.02985334499,36780.78833577267,5709.299803816514,205.2781283828392,conventional,2015.999358115828,Chicago
330934,5.607758129148344,2016-03-27,0.9453289941647384,50875.11254639947,-16191.951950221935,13606.00477272709,1723.1293061176823,30678.414599932825,64897.8208184521,2260.9559771455297,-178.93053967086072,conventional,2016.003145359218,Chicago
181337,22.15121890248347,2015-09-27,1.0362096685416644,1196829.5657542287,2051.4186205734823,92420.93254371188,1115.2599631933824,88842.51767572877,4534.1155286439725,27999.27697340932,89.74835523919462,conventional,2015.013392776004,Chicago
657934,46.97980092835222,2015-03-29,0.8653185089823688,441042.9420930956,14850.56987567182,162838.10587366007,16072.505516257765,103322.07447664913,52642.22809255837,2260.5508045417478,6345.661345121521,conventional,2016.9988091877008,Chicago
323850,33.034340391819875,2015-03-01,1.04361668958084,433219.1043435541,69117.97595681847,409875.88436752063,17531.881941821543,90559.98004175666,35229.66506552238,134433.86823148554,-32.05814732494983,conventional,2014.990760127396,Chicago
887095,32.645521117477145,2017-11-26,1.364710031183109,813054.5781958472,67197.21158764203,46737.37335647249,-13.68168611740822,66166.69573136003,31708.555099119392,3309.970431066206,142.63448715563626,conventional,2014.9960339718496,Chicago
675867,6.315474057997273,2016-07-17,1.2004225359463678,3122272.757284434,9185693.146297015,894866.8153417202,12057.651157551252,722078.5650105177,202637.87139162043,794691.8858453373,20.86573571527833,conventional,2017.936904852068,Chicago
697792,29.46026535688204,2018-03-11,1.1187843439630374,338449.208554472,-8345.379865079169,6058.248287231259,1147.7804661377468,-8305.982039534598,2229.72496817258,4707.594441363973,-18.93911917885817,conventional,2016.008264919315,Chicago
784472,7.294960568031131,2015-11-15,0.9844482980592684,3053023.185942641,1328214.1078355,1440530.5857128706,10944.577108441305,239509.77324523267,546020.6320056644,137469.5634171602,58785.02641413495,conventional,2014.9921481663007,Chicago
713780,29.969908441446496,2015-09-13,1.028670366707885,7012550.764819389,388167.8426184992,805862.4176070675,13785.587941977632,701719.879357092,472132.6697315136,181904.1879701741,12.841161129248036,conventional,2016.0021178439447,Chicago
920649,35.74036263266237,2015-10-11,1.3242967655691722,124668.2942863072,18468.84391482484,7642.117737359745,-281.2363319554026,42097.93348034343,24116.84478944129,1281.0605921479378,42.57512997030628,conventional,2016.002083343772,RichmondNorfolk
847087,-2.305296615576198,2017-05-07,1.8138364369593116,792335.5189108739,7490.610771354464,20400.82529299127,570.155449176655,6843.68913651742,43926.4657947188,5211.108238731759,-20.756658654739777,conventional,2015.991672122174,RichmondNorfolk
968072,33.48445755042019,2015-01-04,0.8286609191302506,315250.5276073246,127412.29271936114,526203.5161014808,18981.83737365194,38485.26848789643,10320.036076667173,27004.47010532016,65.60952821575948,conventional,2015.014572493644,RichmondNorfolk
203595,49.04236134873156,2015-01-04,1.277907168903305,167352.64323812403,16991.320764428725,26617.09611990097,-126.87636485419011,64688.7951307284,3493.6066583682623,1069.6072533956542,-57.07351126755401,conventional,2016.0021736031224,RichmondNorfolk
409596,7.037430391370766,2017-05-07,1.0221091411409882,6244967.967554652,3580377.0821682382,555176.1414850968,92334.92326010446,816805.9336503062,199565.1771113661,835240.9486139341,7317.53064190657,conventional,2016.994641403175,RichmondNorfolk
855232,18.196604630263383,2016-02-28,1.0786349150998478,1208366.7192855878,6550.774122137888,920937.5030373876,952.6406674664404,37939.51129803384,22211.74239346184,1413.6335541912763,0.8836898413662624,conventional,2015.0218856553536,RichmondNorfolk
600724,38.09602161951731,2017-05-07,0.9463321000102796,91753.11681127294,10503.588351299182,-2358.142029692617,-138.45923664272215,87318.4276444267,3732.1930969102687,-581.1716580341993,-3.5954759866389097,conventional,2015.994676149136,RichmondNorfolk
834197,47.18814641523293,2017-04-30,1.1586985144717843,70262.71899546744,13744.00977815486,-9277.574133924069,1019.2442597931596,10392.435869899877,51022.5632867129,3262.041985525405,-56.15798885457791,conventional,2015.027749470572,RichmondNorfolk
155633,-0.5992042629723597,2016-10-23,0.9805671270319536,1132243.6715197852,20480.306481007927,240328.07402532548,1367.392395168349,22705.322124568207,3144941.63112469,87515.6571916651,-69.96384232736045,conventional,2015.0124750596533,RichmondNorfolk
970372,9.52119695140368,2016-08-14,1.352811723207482,424632.233508675,29609.26533169447,128466.23997160676,2267.017305761066,51724.46527058761,56749.60710562211,7745.247883781685,52.29125807947854,conventional,2015.9940503305063,RichmondNorfolk
893229,15.114519871809817,2015-04-05,1.147178083177791,813731.7450601574,114759.04870354263,90716.4452885565,16351.887440196764,36639.94183044351,17749.64268644341,23002.40441428642,-177.74905998688808,conventional,2016.0150950103557,RichmondNorfolk
654847,17.55823073173002,2015-06-14,1.42093851566792,68206.21864528157,13762.809995614698,-10505.865027225036,1379.92013880984,-5116.180705575054,5394.956532328273,-1154.6189961968705,119.1577194083558,conventional,2015.0070993350969,RichmondNorfolk
979863,-0.7549375473341673,2017-01-29,1.0832859519478582,414001.01617588144,132861.999118934,143114.3810822002,2405.260238588968,23364.38531385007,-17384.637516366194,3261.9846679313687,-105.53991562759444,conventional,2016.0198748670148,RichmondNorfolk
159551,0.4227851248357535,2016-03-13,1.0753376161445485,222077.34645378665,18802.86234294393,8049.878942926152,-171.6061701683122,58241.30269306575,55376.47188773691,-1813.0713643510735,-224.78267379305268,conventional,2016.000320736503,RichmondNorfolk
728482,-0.0250736294758677,2016-08-14,0.8835878178743258,588686.0154986626,512266.4132956644,103892.09814490916,107588.42288443996,102967.83746257976,12314.23565661382,4519.59820138644,-24.28847873101402,conventional,2014.9980081544472,RichmondNorfolk
935160,48.37189486075715,2016-01-03,1.3112842165240994,277568.8980360915,164051.25018955994,72682.88398728409,18536.42201990143,33370.60165473393,43285.614601737,4416.8279578142,-93.08248484422371,conventional,2016.0124423559705,RichmondNorfolk
871530,28.645011651417413,2017-04-23,1.1345207376686652,246876.7745889277,14897.294777372275,10412.427976721325,1190.107368949287,-1760.8573719995347,7773.673749313901,33614.94529496301,17.085251096131074,conventional,2015.01084946995,RichmondNorfolk
384392,19.67399049943354,2016-08-14,1.3871282787797057,261813.30772536455,18289.39012825264,37216.87808214488,1969.3444084940213,27761.841204211072,40901.03482269186,5511.967682223701,-83.9718041504508,conventional,2016.0037807189424,RichmondNorfolk
996524,20.8144613904615,2015-10-25,0.8556727140975469,6534058.977804522,543852.3268909021,1314182.6567431383,133687.49965796075,9695317.970392697,268633.2213119336,100342.18632209596,-47.68575741842248,conventional,2018.034235966719,GreatLakes
245759,32.19447788841722,2016-07-17,1.293454453987119,3360825.411920164,683496.3490908172,349536.5391110305,97283.33717913904,182646.8818718543,320495.32779519114,171817.60860505712,4492.337436486907,conventional,2017.022973651645,GreatLakes
277669,3.0126534644706418,2016-08-21,0.8969064426173062,456758.6982018094,34769.42849122395,54663.519381498925,2558.330636079028,18284.594442644564,4529.248532335783,30510.23722646016,-143.89592878813656,conventional,2016.004793530136,GreatLakes
351877,26.8203898645153,2017-12-31,1.0374875584401926,1524077.357040394,-2799.3852720175228,262633.1205400079,14027.053628780646,92937.34998044316,73176.12185025569,2843.007334287256,-157.36822083785904,conventional,2015.993780722369,GreatLakes
147730,33.606792686014046,2015-05-10,0.6081929361557942,1154039.297272488,623638.5341336526,1094111.4369182736,63272.77421757105,96199.70202956507,1047609.2693838292,82607.45094557657,3676.77534574364,conventional,2016.0043235628,GreatLakes
727318,2.209028286459091,2016-10-30,1.1990240643086256,962250.568306008,67726.5006383746,27597.98716229257,83.28160158272169,36424.90227661231,37872.33394352876,5999.971298138006,2076.66375398767,conventional,2016.0059801373504,GreatLakes
762147,22.57759134328468,2017-12-17,1.344822136527159,366486.0068770482,604038.7273086493,472099.7020199745,16502.61085678317,68199.65213612477,30757.29045387788,2565.5727610818985,2572.2110355423865,conventional,2015.0116397460104,GreatLakes
421753,6.473588068143839,2016-01-24,1.3824946852377296,284851.3430230828,13113186.34402797,15114.563606632531,16434.69345470061,28009.88492216698,44153.8333375865,31668.99994487565,-73.06253741255551,conventional,2017.011974429076,GreatLakes
640234,30.864135788486657,2017-08-27,1.684629214935792,46807.58746587695,7559.020421817457,38296.73976833122,-807.1539727405836,4865.042618980749,18355.43380983749,4853.41910962721,23.3895314682274,conventional,2014.9954369506715,GreatLakes
321398,7.251205597408548,2016-10-23,0.8563656085469534,5950073.242700185,722741.8636583134,400134.93913439824,83114.13446066978,302032.5216383839,7889421.026482113,300302.4272184724,41642.62699246468,conventional,2015.9975565992024,GreatLakes
167186,6.871259462303792,2015-06-28,0.9133691211154592,1455009.2326671164,259901.78275539665,1269390.300032681,140212.7234978887,170693.57384268186,234086.9162623177,79318.06412491098,1668.449055555764,conventional,2016.999921463724,GreatLakes
162714,23.46156357139077,2015-05-10,0.6614554206345948,333943.707229364,-6686.802623820439,6104.988054618362,272.8261872927488,85946.73539034867,41255.8158542187,23371.62503131836,-94.19565127659132,conventional,2015.0059771337096,GreatLakes
897831,25.06316308535756,2016-08-07,0.9527360880779832,1195441.1639508074,12684238.633817,262709.8485784802,18185.539652215844,208285.0420364325,93477.20130751187,210857.53156869195,46.26610169596585,conventional,2017.009067978928,GreatLakes
148037,7.34647834170412,2016-09-18,0.7713099983860727,2746706.556829241,738915.2570077723,461195.4055557245,111555.3993418557,326260.9217237593,185281.1032399687,168972.4346442189,56196.39353645726,conventional,2017.0042388903785,GreatLakes
700509,0.526421849498192,2015-09-27,0.6716980512986086,497915.76282304095,1548178.7466076424,342809.0519983464,17283.46654625042,242294.6748910943,51698.67303193968,2328.7629440606,-90.06916134889998,conventional,2015.0180861646504,GreatLakes
71325,39.68341745966863,2016-08-21,1.1762145093459082,567205.9560891314,88732.49027237121,1011857.7170585756,1697.6778739121637,691929.6980471025,401528.3073005337,5129.270866587347,129.15966831458982,conventional,2018.0294484886092,GreatLakes
304459,37.8273300400589,2017-07-16,0.9687415615041948,1185100.1405257112,372171.33903304994,44753.4085142981,122908.9034284566,255707.11742523016,1548150.1760681868,63.2614949863173,82942.81968986853,conventional,2015.9974641309668,GreatLakes
842378,50.7504576996764,2017-11-26,0.8039756432738707,6137118.300765566,2397644.707765745,377738.8979751536,154860.56177199673,353714.8460441008,323650.24501577823,217561.5009554209,5881.011635257171,conventional,2015.0108254979525,GreatLakes
330798,2.867951689654665,2015-07-19,1.2423467935960573,468079.9733259572,773791.4536287826,425238.3932375473,20537.172512057638,76781.52336744759,43236.57961930765,6505.294549163476,2935.434428366309,conventional,2015.011648760616,GreatLakes
74096,37.78403891080448,2016-01-17,0.925137621440956,1540567.0717757614,582917.0093050585,918131.4327065632,381934.1945962991,108217.1406238063,446590.8515335165,179104.32091267157,16416.183258132132,conventional,2014.9941619363665,GreatLakes
695259,20.917465199495805,2015-07-19,1.169805086034613,786664.1339710138,963351.359836716,17220.030696083013,15318.18218978828,60388.29263310533,70443.45072469978,4394.426297722222,97.66905204815548,conventional,2015.998857960011,GreatLakes
353383,39.50994142544303,2016-01-03,0.8346345042719889,825812.2244993047,605990.9240564393,125040.5074623213,144243.9618077461,701618.7740546123,723563.6915138563,208705.8722290629,5251.366711488931,conventional,2015.01232045622,GreatLakes
909473,7.353922763159534,2016-01-24,1.0476931012248012,5831252.504099372,460299.6928590047,338723.02949889784,111124.2346962447,1438769.6408309245,1093134.0343325897,49661.022902468285,1526.9163289259077,conventional,2015.0057454105051,GreatLakes
862393,48.00405062939194,2015-06-21,0.951054261466024,440931.8475906696,807718.4988683758,1927781.101997898,18320.56418661277,75154.6353416161,20914.98675643212,3261.593672824344,-194.44469883134985,conventional,2015.0044391197732,GreatLakes
316741,40.31723006028878,2016-12-04,1.28892395071275,400945.3912294806,16418.477068679687,50174.37199858097,18073.550686354876,-27805.59873679645,-4611.02556670925,2709.3774398605924,-41.058413230255,conventional,2018.0563488240164,GreatLakes
10164,37.63650178734098,2017-08-20,0.6358596386404293,1125306.1765225898,584005.2170490155,379709.6036932334,131521.69898973755,351516.0316752855,391343.5393085505,6395.760001469849,5188.585749682404,conventional,2017.000914930033,GreatLakes
806963,0.8579196232772757,2016-08-14,1.1112739552920623,2755203.5627112617,1587450.6866284362,576470.3410951243,35313.44234421447,314727.20636791945,303195.3876832172,2484.0882567050144,7621.699066079615,conventional,2016.009568384163,GreatLakes
609627,-0.4168307972817224,2015-04-05,1.2920585315875193,89342.2009188658,7768.696621707766,4251.56576287083,2017.2557694146908,-4859.017977953032,-11289.39966147179,1632.6106436327964,-74.78689771312102,organic,2015.0387484373523,Sacramento
927155,23.636751597697437,2015-09-27,1.381348658200737,276410.1382958181,-248.65182065782847,145533.23778527448,1214.5711811379413,20337.72858697161,66706.3677712933,3724.639831052503,121.46602817501709,organic,2016.0048305707164,Sacramento
366564,49.75772669026276,2015-07-26,1.132621558214184,1014864.696191092,13036.91753408547,84337.61899650109,1141.7840054201467,12796.964576447876,57847.19230971363,5119.933567222391,115.82039734646494,organic,2017.0126310649152,Sacramento
489392,26.14471469205473,2015-08-02,1.5369693496693613,49068.70808258144,5173.629680588971,465.8014222254951,-878.487493889832,-2890.7840592454013,8817.191607346651,5453.019270988412,224.8119231612357,organic,2016.0038220759589,Sacramento
355590,35.140641412276125,2015-08-02,1.9631234898387904,13400.001550265988,15278.157604342843,-12565.473982187874,-870.3630281263731,2240.8144907930327,-13424.042487322138,34806.109021774864,-99.87556856607333,organic,2017.007018184584,Sacramento
403338,18.467120185431707,2017-09-10,1.334466592470339,23954.40529812108,-2218.4527480475235,30247.031573313463,-184.6078687065738,13686.639404564943,56104.27195516118,53477.97635256103,-147.56439034859713,organic,2015.0226272490015,Sacramento
488331,22.856960964501944,2016-09-04,1.5898934399172413,136037.77692778886,-8314.412825761407,-10415.157183246103,1680.5869988524855,-2007.5809220142385,-7155.739900695072,91.4304594917005,-39.310263139437566,organic,2014.9950729596967,Sacramento
781263,48.14994427917754,2017-10-01,1.833890648245544,62774.91318486187,8734.605944349374,11039.738954649354,-35.24831563757732,-3647.710937618193,2455.3900159862787,5769.992047153062,54.50840261212653,organic,2014.9836938175952,Sacramento
295158,10.700527586297085,2016-04-03,1.057882250599762,45012.71187643698,10560.02450203526,17606.35361387606,1699.17716992136,13517.165865494517,-14197.18811949594,849.2829789708838,-111.37143040919815,organic,2018.0592475669816,Sacramento
148863,6.577563266286807,2017-09-17,1.8663596935869569,33838.151808287366,-14031.057612967828,5449.298982956288,1217.2959968443502,1137.7951921767217,5383.927081612134,3163.228580030547,-59.29284801639021,organic,2015.9886467764304,Sacramento
212705,21.31033198355393,2018-01-07,1.3160237034889042,69596.92926924549,5452.363675766732,30314.016382605056,-678.5575139077844,13276.10818613332,69.34748003927143,-120.6610438334119,92.4929599702369,organic,2015.9980135912333,Sacramento
