Courses/sentdex/Data Analysis with Python 3 and Pandas/datasets/avocado.csv
,Unnamed: 0,Date,AveragePrice,Total Volume,4046,4225,4770,Total Bags,Small Bags,Large Bags,XLarge Bags,type,year,region
950821,25.391133169952894,2017-05-28,0.9072659038384564,608376.3301991781,593040.1987947169,317373.9600679761,13532.222789209109,104563.68787883356,16291.283567448729,4463.908791584528,55.24429063596797,conventional,2015.008252100485,Midsouth
201682,40.04850120526702,2016-10-23,1.0377696476268734,361905.1663479002,21466.48344641645,102736.89433096224,1515.5385079705427,274028.4431428552,58462.62902625921,57786.13128822706,-19.93516433906609,conventional,2017.008034553959,Midsouth
881802,21.3746759253562,2015-12-06,0.9516901481999404,430063.015581125,13871.17160726585,21377.62974053497,1531.043216386759,75350.27188518077,29868.10733126434,6053.21184917844,80.70137365634814,conventional,2014.9793246132924,Midsouth
838148,1.92840229327429,2015-10-25,1.2985369299773648,3900357.70212385,744491.453693094,452094.0921265198,26585.821018568768,383511.1548814837,1254158.6998678804,82985.36292385368,2079.9801631558403,conventional,2014.977746428834,Midsouth
97182,20.8800204975798,2017-08-13,1.294295538651144,312882.61744407075,129607.94786700046,157724.32927933137,14319.450558155932,79413.0017588852,18104.921989533854,66534.88479241796,41.68088179199029,conventional,2016.000077528182,Midsouth
319577,14.916353650932836,2016-05-01,0.8329733452805018,1354656.9062252012,529890.273861188,1709013.3047079665,153772.3444690518,1300377.8677753515,106804.1045776672,1303224.4354653538,16390.992663506742,conventional,2017.00572399268,Midsouth
404943,30.8952015071459,2016-07-10,1.2460514207603646,1208132.0328353024,765366.9094165632,2583789.491157971,9656.555432668794,814529.0434374054,47707.674490510464,193394.80252133968,2357.113930455505,conventional,2015.0014996119248,Midsouth
794652,1.114720381533108,2016-06-26,1.1742170775117875,4817720.837475201,723076.4354594328,1436866.5201877668,12458.527396900809,68845.72866026395,522197.09802208265,24768.205351252836,42464.93986238248,conventional,2015.9998018979315,Midsouth
321010,-0.7491543572389339,2015-02-15,1.7769136862248722,93401.3939572227,-7699.468079129637,111084.6996758252,1206.4339849568048,22991.680487785525,5981.887494652459,35037.24910413627,193.54187180782355,conventional,2016.004303047871,Midsouth
839766,35.4846407602349,2016-02-28,1.1680684031677415,1049053.010003594,143789.18243485014,133073.52330561526,19555.79964298024,57957.3458370398,31138.271616333208,4580.95719214196,-8.055559796172169,conventional,2016.00792957558,Midsouth
71604,45.54255003212244,2015-01-04,1.1258292261539928,1301296.5491004216,303902.9897278955,390507.0329913297,41824.92113247138,775414.7909911533,610596.8651161417,5077.5475102357095,148.0073343816901,conventional,2017.0068885313333,Midsouth
602197,1.1440776906143957,2017-08-13,1.3898983194444912,664029.351649058,689139.8608049435,1942589.677854365,271305.04940509674,618780.453236117,173411.6256618811,3237.227619288682,1759.6884508514163,conventional,2017.9860173514903,Midsouth
36071,38.91933297776284,2015-04-12,1.2718391938358824,558476.0970915619,114085.34818114236,318910.3188117361,128159.71361622751,528229.0309030241,738399.4402559788,318087.5891296288,13763.13013398547,conventional,2015.9785609673124,Midsouth
305214,2.860573031575661,2015-08-09,0.7606436793968434,274271.33620944974,602816.4038789097,182615.40088230415,2765.310735837242,88774.74736829434,39644.27131776136,1587.2636354358822,62.07086433017787,conventional,2016.0185338761623,Midsouth
755432,28.224043064702627,2016-05-01,0.8501016581236978,711175.5854674015,1248209.5185901371,429283.15618700586,9635.983914546612,290450.4882570782,1113662.0295723833,78024.3000665353,-135.94226883781278,conventional,2018.0079476303583,Midsouth
574636,-0.7077028941319123,2017-10-22,0.9648718104643742,576741.5463482914,349961.8464407248,550549.038852313,78069.34442324899,18558.03799350568,126879.208068371,3855.572051649581,2848.01410093978,conventional,2015.998441648003,Midsouth
283353,18.543009568149525,2015-03-08,1.026141269711084,421192.0398383812,50279.208634089424,150555.93021722656,2918.5722342563017,34143.8323097125,44417.05113018096,4992.157054868021,197.705324797531,conventional,2014.9976713381363,Midsouth
644882,19.978192499926813,2017-05-21,0.7693277973849968,1279891.364777485,559338.7056011669,82429.25350098997,14501.143151050635,187148.20107388537,233798.71493814015,251099.81565257543,7123.589496095834,conventional,2017.010131837211,Midsouth
617465,21.993656061967908,2015-04-19,0.8270729045426506,540311.8726020848,2620929.872091453,229698.67557242743,136105.87341910767,258110.07908555493,158738.77693372633,204303.25761118124,3895.6655611625274,conventional,2016.0134116969043,Midsouth
307150,4.58374502752654,2015-03-08,0.8541609525191931,1013352.4356432222,310795.1255154308,268009.6171310778,335051.34693557734,41056.633066976574,31068.655682679004,2693.456921143796,152.9853929348352,conventional,2016.004710301456,Midsouth
258032,41.97543703284052,2018-01-07,0.8719956161600957,888673.0178885593,2204226.928890274,414477.0406141755,17860.877947112993,128826.81555392077,515030.74098342936,58033.33273864968,5922.292769509887,conventional,2016.0046656626123,Midsouth
13734,21.664218137822267,2017-04-02,0.8406848214300839,689231.7316504942,153595.32884700608,394953.90850172855,39793.92609642749,81198.42356446225,44467.4213246909,21061.684707703986,60.50872303388061,conventional,2014.9932381703063,Midsouth
239623,13.439513925161643,2017-12-03,0.9114432631566872,1028792.2787759568,377238.76783728285,74376.13602447588,84104.36510595867,1327305.7322919825,269266.0805842131,239129.40074140692,4157.700685824404,conventional,2017.9948576668944,Midsouth
233772,39.66696673292548,2017-03-05,1.204121136690283,1368114.3493778124,92583.20517720662,431490.2136040904,1076.0996071152754,112327.49529748366,6302.141575856396,4064.2117395854057,189.42088489206705,conventional,2015.0136955178743,Midsouth
541367,4.494160469775832,2016-01-10,0.6273025781140991,458624.46288274,92901.24241899306,83936.0832306648,3032.5459277566424,33306.29673572431,29027.859926042074,5821.508209516362,120.54765438289868,conventional,2015.0318978619416,Midsouth
185386,0.2600553009835644,2015-05-17,1.3732671501893925,252247.86445610947,79243.23095493192,133910.0691109302,1245.7604874519866,70450.66900999332,644.8285266258099,6174.613753918982,-225.1150916682606,conventional,2016.0049503131845,LasVegas
836180,26.66853068050095,2017-03-19,1.1299710379505556,573437.1773106086,4981.503220577843,539433.8813424096,19770.184464841568,-19008.82247948533,2687.391590214909,6944.810316022036,17.735289699380207,conventional,2016.0054621415568,LasVegas
481392,1.0692792311253203,2017-03-19,1.4798540304842207,210263.80328325805,2646.290245838147,302504.2220292591,-621.5540308163311,44442.36636630076,49815.5850911171,75694.07056504946,95.2379841686136,conventional,2014.9929808842576,LasVegas
428158,23.84966158880849,2017-02-05,1.2980993292502163,3033182.9089701,820636.8119369607,455193.66529556754,93970.2298894054,315398.4903829544,751563.1426188457,955775.0200933872,-189.66914312755324,conventional,2015.9816208612397,LasVegas
882091,23.66656317219229,2016-08-21,1.3879465137996798,-45742.179955323736,15238.457009895745,22526.324444738097,430.2271374374117,102348.43777147745,19012.075976783213,4356.318806721501,154.93655522819293,conventional,2015.0219206575416,LasVegas
270050,14.623490138876758,2017-03-19,0.9587134795860852,592479.8408431927,132674.65085594117,140782.78887084447,17401.71221704414,-1231.897228074362,58724.99182481275,23748.434126009997,5.545222838253242,conventional,2015.999344039876,LasVegas
794935,24.90449141538015,2016-09-04,1.1864679353665724,254149.777261656,8223.832084464335,83843.48561387647,3364.680788995784,45847.71071452236,12176.790559990535,5911.264321207238,-191.1997594562056,conventional,2015.0373025230272,LasVegas
180518,-0.2710690582957307,2015-08-16,0.8215555030212192,492576.4594346648,158712.63523836609,311043.22197547293,421.5337088020723,65693.13241773665,64600.34174662987,-25.009928990472417,-61.25601007170752,conventional,2015.993246095034,LasVegas
953688,10.533678431026445,2016-09-04,1.2220735793487287,197404.6980595649,144578.8362630432,550185.7547240106,9304.26303671012,80215.04150566297,866.209025237069,1465.581244112154,73.54732830591531,conventional,2015.0138980865693,LasVegas
550974,-0.9528564927430104,2016-09-04,0.7882907041776057,500252.1588206575,45473.85289871739,128357.72642822316,1119.2076946479333,77149.09354856085,25000.233558754622,2102.8859011287263,107.16865386581404,conventional,2016.0240456906768,LasVegas
944176,2.865666658799213,2016-05-08,0.9360412524451288,471332.19746800937,454138.11734663066,77987.1794574622,1202.4329448782296,59691.09552866428,45828.7946087524,1232.3180291727554,115.14405620630512,conventional,2015.989283314228,LasVegas
742129,33.59996635846826,2016-06-05,0.934967655042372,495916.9331815109,16632.058207718717,9360.660618888993,-1264.793175623353,105640.58905722936,15422.718377152654,3239.690351743417,52.51025748048474,conventional,2016.9956701927529,LasVegas
692213,46.81151610899707,2017-02-26,1.168876845976331,-27811.032199117595,-8633.23316019668,45736.83902902396,1945.6544031707847,11256.840355250431,-22085.89415532988,2576.0846660532725,19.15861945466362,organic,2016.001549846973,Columbus
101436,29.919652703435528,2016-07-17,1.256387685314529,51171.77721245894,9362.75991728244,8215.330027941196,2163.6458802284988,19107.75597591296,6414.295497880121,1534.9536598389157,-14.225959241056083,organic,2015.0261462555204,Columbus
308932,46.19141701641921,2017-03-05,1.671254178048,680.7553430467451,6125.896602911576,35822.05922665751,350.7488715932069,7212.524292459289,-9505.078670876765,3926.825517392655,81.84029738051244,organic,2015.0048608378927,Columbus
728202,21.851040094253595,2017-12-24,1.7764142728134218,107763.90223725673,6721.650948104667,-20994.92621868804,141.74061987260535,748.7205381999556,-7795.252907463227,-2321.9223816413214,21.8467646315422,organic,2014.996387444209,Columbus
284513,5.961799548831993,2017-06-25,1.0215181083344609,167082.12593121012,-14045.076585564757,79456.36817246396,1693.1731866842233,109669.25684717376,-9717.535624426466,4099.441401279879,259.6670219994644,organic,2016.013870478626,Columbus
318303,42.417718365008064,2016-03-20,1.1129145550431865,115176.1428412374,3116.837751832951,-3861.9218127707154,307.3866650776366,-21466.48246835213,-5370.567544334782,5763.202646491224,164.3836686988032,organic,2015.0089777372184,Columbus
856874,0.5036866875802581,2017-05-28,2.1015609847410643,7041.403443764993,18065.152766339663,-15260.91403284333,178.93940664960263,11783.691301384144,-1540.6560087583705,32319.285567654595,144.20397412394456,organic,2016.9850602681329,Columbus
100605,45.42057806067169,2017-04-30,1.6100638208181024,37488.54252543202,3746.4605891956567,81035.39991899794,1490.362226383462,-12724.001282322204,-7194.498001933857,1877.3758528272224,-91.11130796662384,organic,2015.006177809101,Columbus
229496,32.93296139417359,2017-05-28,1.3280756890082883,45704.6351947751,1036.3790927423097,-12380.65559883967,-202.96180372922876,-8596.148844273072,-4809.8940428593005,2716.3839587584994,-9.45229863075247,organic,2016.008473429756,Columbus
86473,46.67182748146822,2017-08-27,0.9572925279451124,37885.36913359525,-9931.608577419063,10276.329495495422,-13.664977444206556,14765.411850257518,51239.765895045726,-1498.8808206573883,-67.50201850362008,organic,2015.0012028988665,Columbus
598015,29.74129615179081,2015-10-18,1.2883304545608718,329318.3510292673,8801.658742088905,36958.89054663947,92.94055283378675,95387.8786615232,41110.67674395896,1741.6518788369751,2.977594621479632,organic,2015.9947779070253,Columbus
672282,38.66050115980452,2017-04-16,1.0406336936955654,-20129.109147228686,13390.552641865332,131772.99372266678,1117.1142642591756,72402.13630518326,69891.19893071489,2377.0293203634164,50853.59337948192,organic,2015.996107488339,Columbus
427357,8.944228551063025,2015-03-29,1.8364820634922647,-6693.232334758672,-10902.245897388735,-11455.20210610853,151.06407760212198,16201.028315258354,10298.006123037196,3851.5470603199255,24.915072054871075,organic,2017.0069018364584,Columbus
447882,2.0562890018198137,2017-02-26,1.5097812469019236,111522.7361893854,-3089.2917153253866,17535.873387611617,882.2332842032276,6902.6147712144975,-5999.57651881748,1320.9711569328017,-28.849117349826876,organic,2014.9899484756147,Columbus
979007,-1.35468024057676,2016-11-13,1.4765946263515777,28058.862651852636,-955.5761670948276,9667.632841975475,-256.03241957540814,4296.391590684107,12623.174019284465,2216.564665144151,75.25433064868994,organic,2016.014527358664,Columbus
526527,24.23715650130405,2018-01-28,1.7845028646992656,234005.4836406485,-530.6498057726658,27032.98913271193,932.6798065396792,85292.8885868119,41817.50609890599,480.5841122230791,307.10138690707697,organic,2016.0081117008456,Columbus
42012,8.758128571989104,2015-03-29,1.3577879778931787,68913.645577409,10269.983740621485,10625.00869537476,-262.1920249354601,3736.12930806312,6044.712668969952,20297.79281230269,-118.2484375598836,organic,2016.0087236767465,Columbus
857392,48.14526278040904,2016-05-01,1.302822702878358,64253.9627117537,13108.861189856483,157641.62028895135,-113.8688435964794,-1805.4101699038656,61217.57415493932,103338.38695224962,108.26614020972843,organic,2015.9964840756095,Columbus
851799,32.577522718246385,2016-02-28,1.247146753514008,91918.80678444973,-6270.045201875267,-23854.449866589654,879.1500276740876,-5145.10324884874,6152.51189028646,9503.76010644063,-66.35090026480522,organic,2015.0140392933308,Columbus
987756,9.122876952634442,2016-01-03,1.5792793302855774,44703.79495898762,1960.3614983313464,15336.583102353774,650.2056175071207,1263.794065239954,7571.804072426029,2256.386620574276,31.037965575717585,organic,2015.997161864533,Columbus
262046,24.50717140703505,2016-02-28,1.2299840567646143,74580.76683147787,20604.33773883615,19613.042814633685,147.171101409968,20552.308245785105,-8315.459071677138,5154.064067846766,-96.96608321065273,organic,2016.00767785524,Columbus
122501,28.989793343713675,2016-05-29,1.7174885801578288,52767.37308556889,7070.451623450217,9111.822027719489,1679225.3263329908,6272.937418235637,46830.19393733512,2457.0031111928797,6.660879857918955,organic,2015.017986260849,Portland
253727,20.199939335521115,2015-08-16,1.00683249121008,134582.38668577845,15392.868145035887,33144.3881160488,130.6174897588347,13763.966010715716,-19858.06534359673,-3165.144799117894,-14.737457209278189,organic,2016.0132662626688,Portland
383314,22.63201704051579,2017-04-09,1.4672014730760792,72172.85691562871,-5243.085421852021,44439.07042267615,601.2628938417998,18437.016363107297,-16832.89222066232,-607.7996299097993,30.91568460566163,organic,2014.997467104457,Portland
258924,2.513283830518546,2015-09-06,1.430699793148979,-8466.407465878132,4774.365992669891,29400.31675061507,1046.506738577136,97201.70445011176,49958.10827566791,26951.347160326608,86.50510372070549,organic,2014.9762024620688,Portland
214824,47.18050904822204,2015-04-26,2.068600980961849,9173.518418557736,5245.254390821884,-7269.243325551282,1337.9812967417065,6480.371251695946,67411.09115033477,4975.582751015004,106.0777391768055,organic,2017.9977000074937,Portland
217396,21.6609571334873,2017-10-08,2.151986711713416,49548.62485016599,-14400.392108791068,2097.9153430062306,1913.2887628641904,-9841.980267841976,-15522.065021724557,2132.397018871859,-4.451993327907033,organic,2015.0133911184032,Portland
902915,4.566476558498229,2017-10-08,1.8031721040931072,5021.998957349118,-2419.2746264400585,11631.085315401968,721.6759544804427,-11288.683466139131,-26893.318133695757,3508.953117085177,25.51971705173112,organic,2015.0175707111769,Portland
958913,29.887530384780124,2016-01-03,1.700558506136101,54271.32927536956,-10305.721919567608,43929.60950955597,209.15984499668605,25019.455702345294,-182.50079903532605,14950.746814585384,49.42102787543713,organic,2015.004214441076,Portland
887893,37.46600247310225,2015-09-27,1.4609342097012936,5966.441347239575,2405.7706512436416,37216.51715249484,1545.1525697608383,-1254.2242984402092,-15179.181434734135,1805.4791844365784,218.70993184747292,organic,2016.0008123422824,Portland
43974,3.2667555456604918,2015-09-20,1.3823088721921388,92613.46002027416,-16704.649916974147,-9745.102489220117,-182.47208797946308,4202.5303265654,-4120.400517532381,-3152.3874824635213,-62.161200604744224,organic,2015.0031921476248,Portland
890522,4.739526942814952,2017-01-15,1.7415821244071927,35971.16647791336,3648.914703169221,11603.100199381712,1245.7406685062842,193.41253985034385,-9828.05706609575,-1229.4417480166574,4.207529024650867,organic,2015.0328091428328,Portland
