Courses/sentdex/Data Analysis with Python 3 and Pandas/datasets/avocado.csv
,Unnamed: 0,Date,AveragePrice,Total Volume,4046,4225,4770,Total Bags,Small Bags,Large Bags,XLarge Bags,type,year,region
237643,21.42496751684972,2017-11-05,1.4759076646555336,12763.881357972998,24907.28158308507,-8381.283756915798,1495.968745727771,-13748.397655283456,10576.501921783802,2288.35009081916,0.2496936789328785,organic,2015.992749864733,Philadelphia
326979,6.408650801664632,2015-04-12,1.6714521765583188,12108.079176312396,13105.42072751508,4151.072991620933,-572.5307836426043,20804.75541488976,-18252.146414760264,21170.124593667388,-61.54297566503611,organic,2016.0160779689545,Philadelphia
247756,32.99396238108705,2015-11-22,1.3692724094340354,45470.70495274802,-19443.48820034174,4398.892267675339,1811.369328266041,-17627.70855488354,19470.287285224083,2620.022551327974,124.702598178108,organic,2014.994106921873,Philadelphia
546778,8.403159395525455,2017-10-29,0.8150956250363679,12920.473310263758,16431.288137738462,26204.880855765376,2222.028299016562,-773.921612396507,37532.10983787773,754.8166977855947,55.383870888324566,organic,2015.000377176921,Philadelphia
284171,47.01594731378726,2015-11-15,1.379415192279708,-17033.97573353281,-928.028003280021,-5517.623108473776,-955.8457575368618,19318.89442742857,17408.79457821977,3526.317512578963,-82.74484222264635,organic,2015.9992589748224,Philadelphia
413071,3.1998727146505423,2015-01-18,1.3090608443908895,51426.10770866044,11856.35876375532,17413.92801586086,2225.2975570744384,-18016.33281938109,-7988.345264820792,-953.2359587089012,-43.8102787411097,organic,2015.0017983046075,Philadelphia
651070,10.976570257524951,2017-03-12,1.4158385916723093,44967.740660817406,1255.3056126890715,27996.561774826827,935.3671904782012,-18170.66177058762,-20763.67253138781,1352.6252033109374,-23.00510344038926,organic,2016.015853681302,Philadelphia
472750,3.648885985046661,2015-11-15,0.9100601186493824,115961.36390138304,-12107.45156044602,-5834.779459470012,-42.60002334843824,266075.5025708601,35948.918121213515,-3343.0351168705074,-141.0767887066954,organic,2015.0183600337923,Philadelphia
477087,12.708631417288574,2018-02-11,1.8236942860730616,38339.23048319889,6916.714837157873,-18109.764119783897,1727.685204344007,2296.1002826173044,-8553.709950661549,14969.452738983538,-107.65303226130705,organic,2015.995703071768,Philadelphia
10752,32.86669384377762,2015-08-09,1.654446361073137,104408.31220166442,8614.410907567471,6727.796435162199,337.75974863710945,-1920.5020788620493,-11782.892598677648,6235.2857337001005,-0.3544990797072458,organic,2015.008041686248,Philadelphia
781700,27.579764710582552,2018-03-18,1.215127000114269,354142.70682771143,6906.768041744209,18434.259645760096,383.5769242046208,12144.48045707754,-212.2052493912097,33348.3949705016,-6.245328539861031,organic,2016.0065721000656,Philadelphia
247234,9.913480220299263,2015-03-29,1.8266393823404103,82471.75521215945,-961.9927348972004,-17956.57313045881,108.89749848820728,20208.238712193943,-8645.943650969111,121.00856590701552,-182.932278015833,organic,2015.0023486853936,Philadelphia
98942,43.39088503868528,2015-06-07,1.0166227026336565,-25379.551609940907,27616.095932121403,21977.95967139159,1151.083286205864,113332.62144844144,11878.536101706784,3277.039346667574,-60.55797148430909,organic,2015.023260750089,Philadelphia
255594,-1.8506066378666488,2015-07-26,1.7477935724417872,102726.38993034029,-13430.160621384251,17279.990134195166,892.6453915569443,104739.46604606032,17481.107186885918,35884.83249242205,81.70619766862634,organic,2016.010093788452,Philadelphia
328669,3.84730303689742,2016-09-25,1.2169939281552145,70041.83765678084,20527.904020667545,24897.248913291594,169.8314980375795,23005.297520774096,3026.7514823340243,27605.4077830074,191.82569112027917,organic,2015.0053272432892,Philadelphia
437605,-2.451583234510537,2017-03-12,1.7409314046703153,38719.128237412,5274.900435553388,3135.8500720009506,1547.702342224182,162.90976739528924,15437.965944602722,1446.9914065592886,-41.11044715435767,organic,2015.0315503235083,Philadelphia
221897,21.539024512127035,2016-01-31,1.741995916572855,69724.55035562813,26823.18353281784,-6897.375017949658,861.458544528132,-25304.7750643086,-18364.127753582197,327.06602534400054,-122.43427212807744,organic,2014.988032080417,Philadelphia
688664,36.43811683252147,2018-03-18,1.9478246916505264,422616.485687328,2203.483746081636,-23281.106894583198,1394.3772640486538,3380.6057707848577,-2875.127037076808,533.449567206424,-106.40965118355544,organic,2018.007035740936,Philadelphia
484910,48.81112959520944,2017-04-23,1.7835319181728126,60753.92050674984,-4246.686848583678,83.21474860281523,502.83157560429777,-7329.705819773359,-7933.999509231328,19097.237337423365,-96.80145226921158,organic,2015.9961952653496,Philadelphia
67758,-1.5015439187589554,2017-10-15,1.8876201826110175,88566.49537635036,-7823.968490913506,-2146.424430736768,619.9398451300409,35571.24517698544,-3465.286124707657,872.418324520099,-44.65610465900893,organic,2016.0174032516704,Philadelphia
439124,0.6498114861629878,2017-12-31,1.9640016178483484,49789.52728782057,-3538.904305391411,267.43448656595865,59.39702339839232,-10949.797277563068,-2665.22201265879,9219.139974254627,121.36986029494324,organic,2017.0070894469843,Philadelphia
826165,14.179136791502415,2017-02-26,0.8282832746552724,46832.17802410806,-8049.193090904927,-4156.00978078968,-251.45370062875836,14436.795701608811,5178.73167095414,1109.431284816376,-87.82851665820715,organic,2016.0145667254064,Philadelphia
249311,34.417149668051145,2018-01-28,1.8247435044462337,29980.94566508485,-6564.440748165681,30939.898265806696,1024.378451708867,14439.56859305918,1106805.4294038622,757.3399884050539,-28.96304767404975,organic,2016.0022539454487,Philadelphia
270692,2.754126497857545,2017-10-08,1.3640518240953088,75805.74317648807,-23730.509592549966,29075.78498890811,688.068772956661,25442.79765028258,-5650.13206729648,-840.6561025939884,-114.83925674868011,organic,2015.999802893804,Philadelphia
990419,43.41856467501098,2015-02-15,1.354417997196906,75824.22209360517,9763.030511288329,11209.189357989168,572.3805959892231,-4495.244387896686,-8443.017946750671,-1030.0717125326858,-22.82582609785472,organic,2015.0156104953096,Philadelphia
134777,25.502284709429997,2015-03-01,1.4668665427382002,171393.1217390333,111442.46969677764,234703.57633739695,133690.0507455551,16067.717135692728,40662.79483859643,6231.228144116533,-142.29749857375353,conventional,2017.0001352592733,Nashville
822180,-0.0967107502129951,2015-11-15,0.9260072813266066,983055.7818928788,784536.1125739974,83904.4041241062,145357.32428668585,66714.6184966189,766371.1994009811,246553.55582744957,4716.349562012486,conventional,2017.022004688068,Nashville
68494,47.828785246052426,2015-01-11,1.2021449873743364,140178.27346609003,16550.295898405617,93791.7059459254,972.9498789132848,85399.83120572576,8856.631958090984,4078.3712106691646,42.41005833848105,conventional,2016.0047025369577,Nashville
137326,2.336820946116636,2018-01-07,1.2990685190430211,174728.97890859243,129497.63319005196,48839.3599071378,12519.075013381656,31433.97177394488,28769.081810934276,4345.730849606803,1587.7815982888349,conventional,2017.014583594413,Nashville
962032,36.3736309954536,2016-10-09,0.8701181430495797,548783.6659330367,11986.584484803643,465774.26127847,11151.761329179832,3380.106089753196,44950.39050144841,4971.782776812467,40.03852236164455,conventional,2015.0068528961103,Nashville
193569,19.3716695576112,2015-03-08,1.0797294802164874,29890.29987963692,404927.40327287663,736.8334531171859,128.61197881716214,16054.1278909558,16141.7164579421,4089.430265747572,-107.51453812972704,conventional,2016.0127848486,Nashville
474762,2.8000392527713998,2017-08-27,0.9105294917547142,199600.3208957504,9716.748569505358,17334.36076336427,1312.7702235017684,67562.23298201164,38562.86436850066,964.0873855949936,67.82599361081841,conventional,2015.01188577739,Nashville
446313,-1.0995725356982555,2015-10-18,1.2119806471242778,402307.23517798656,10886.868904176146,-14055.608135324628,2135.0224040637318,81435.20782055552,6136.096810315662,1304.190798354578,-8.321454646434429,conventional,2017.0063060732568,Nashville
528202,-1.8423222683351883,2018-02-04,0.6066143651710951,1144531.4086166504,165929.76119493195,142074.48617660583,12699.295729680634,48816.15999879773,53380.04468355376,70750.76814312111,7905.384913750263,conventional,2014.9987657457705,Nashville
18868,33.52595791525536,2015-05-03,1.3515880686265476,375773.2996265886,101995.0701977139,2515.0006682473067,1699.5955377386697,102594.70786497464,39231.85233383981,2680.0444016035262,-88.70290630411668,conventional,2015.0316367621124,Nashville
34486,37.18136627142439,2017-01-15,0.8779889767593368,291978.20159167773,135876.52708386615,367414.671210966,1509.4953931654316,21109.22766687605,21364.233069474685,3391.3093629317336,-53.17824771430124,conventional,2015.998866332712,Nashville
518594,2.503358623189775,2017-12-03,1.1864852839195985,3961149.231593827,564037.8306413244,1802573.473889803,145152.69533824924,144393.26458960888,152851.64741805656,398045.749092399,18415.911149967083,conventional,2016.0024453184303,Nashville
727694,48.22999577861737,2017-06-25,1.267360983278576,262199.6760775467,94225.5316993468,4307.492434436339,2680.876819246772,57383.07728593283,42880.768956307584,34860.73013905322,257.1790813404978,conventional,2015.0187062726104,Nashville
596746,37.56615037412726,2015-06-21,1.3321993213052663,669662.0393813752,23237.279627503576,157676.5473614761,-116.13218166208004,54105.65567799174,46955.6892751117,-236.27042846988596,-66.66932590821509,conventional,2015.0088872184128,Nashville
878141,46.24395201869841,2015-03-29,1.311237706811368,222552.08448480623,803.892200588798,14515.993518966085,1330.1939700509447,57021.72390793607,53308.72275370619,4026.6215246806905,-21.299908802079617,organic,2015.007370744421,NewYork
395817,16.92127648120112,2016-03-13,1.7007027357307185,2354.930919681272,25079.14927491842,30414.511643024955,1170.7468629470886,-14929.504437985115,78690.51660115652,1494.6355553146495,121.56669034795964,organic,2015.0052049866931,NewYork
610321,35.28606304959493,2018-02-18,1.3171393983735258,81291.33002992213,9691.950089201557,44745.69633998634,1317.9494058708588,12639.870465799206,-16319.924610859576,-3985.7022601341214,-62.43028889977268,organic,2014.9990521190591,NewYork
902272,20.311371626282675,2015-08-23,1.554135484904095,66137.94318284198,27570.60047081929,21178.60193024037,-958.149529144972,13206.053533719927,76571.87856413264,900.9897273977472,76.26100730836184,organic,2015.9981991083907,NewYork
704289,48.591462021564205,2015-06-14,1.2376705016213232,26020.36919185268,-39.969934531899526,8789.706316644013,1096.8407124482117,3755.494605917863,-5936.260345674203,-85.84030165257923,67.22356361371459,organic,2015.0237427349211,NewYork
612041,37.27017485732948,2017-03-19,1.675635588039054,9499.4777235106,15110.4758403387,-31433.00671937602,1110.4827292960745,-10904.416188277432,-2260.35856432472,5068.76941185003,-179.26677270134834,organic,2014.9892616383088,NewYork
558304,49.90744453088527,2017-04-02,1.319752318736489,46572.63137470707,10061.916359830098,-380.0832622778107,939.6811746026948,-4646.375187200374,6228.311744017803,126.46143369589072,-109.8632855448896,organic,2015.005959680465,NewYork
550953,30.46581319745256,2017-07-16,1.6465000585763585,15427.897409237605,-1892.5322625922963,-5617.487364298611,75.09907137158899,-1570.334890282962,-25637.873072781567,-791.4711257690744,11.186310061556531,organic,2015.0110352676984,NewYork
815727,1.1208166334531549,2016-12-25,1.0331420431027292,-39212.830792665714,-7061.034933434218,-6929.304846127803,1447.827079978209,9161780.984348295,-5338.892112450439,14127.278237883897,31.71655011706774,organic,2014.9853038497204,NewYork
574852,1.0944244055167311,2016-02-07,0.858504065363135,86559.68906719808,-4497.736982681598,7319.531262007975,1929.274984862673,-10980.31744703663,-21558.440541290827,-469.0438615302053,-228.54681385503025,organic,2015.0159572019893,NewYork
823915,42.53572408288909,2017-04-02,1.5769348595285335,17446.100527471302,1866.8746574947872,-20926.364520201285,543.4539767535109,3172.009236587432,10680.588252439618,-272.6997089257716,-19.87156010765576,organic,2015.992425844003,NewYork
852077,43.50456983341026,2015-06-21,1.7194894271365948,72781.2842932712,22988.461092793863,-12884.784709819322,940.105111977738,-11048.726389823982,-1470.144421728069,904.0293320687902,-28.83106527347072,organic,2015.0167320870592,RichmondNorfolk
790669,29.00702951811612,2017-01-01,0.919596956939153,21776.394650632406,-10389.689924062775,24790.545662891083,933.9108957946256,2492.6865917858104,59835.28271047954,7947.880768876725,32.73724897049014,organic,2015.0124599037745,RichmondNorfolk
912062,20.211368023989596,2016-07-17,1.740565315274886,-4455.74629394459,-10063.745932939011,22146.177157715658,1215.7776052086374,36257.66387233728,-4948.803256934011,1278.6057332672954,96.4078486023499,organic,2016.0078705436845,RichmondNorfolk
500205,45.5952110688478,2017-01-29,1.7217530682207858,238636.1609559316,27460.04707550419,39452.53358537505,1044.400867098375,-15208.527485866596,-12073.095580098268,513.986193317585,-10.09513232074638,organic,2016.0220130423645,RichmondNorfolk
475336,5.247664417062976,2015-10-25,1.2538695106911362,90253.5434852518,2493.0800584771023,2723.7013931628608,230.33213897950776,28570.20167785117,11087.15009597603,15952.177939381196,-53.772967502305775,organic,2015.0044284995524,RichmondNorfolk
818607,-0.8384201849258912,2017-12-31,1.3039146851094945,37774.87180397953,20689.278590184127,12398.740131777882,1310.0871433124046,-26880.233596601876,-17250.471951373067,4224.559430456416,-90.52932700207282,organic,2016.0199517301571,RichmondNorfolk
154433,27.23028619381718,2015-07-12,1.0939353138708243,347273.7774982217,3240.918899243369,14810.919559409504,397.3961000041684,67239.17702693777,-261.71599906422216,1271.813724958732,-152.20290008184924,organic,2015.002997484432,RichmondNorfolk
250645,40.88324118466964,2015-08-09,1.8870318430126247,-16355.429351691288,12415.389281433982,2724.393382422928,315.5867855072292,14581.995567351963,4000.570096238736,167.71217699574115,139.83969615422626,organic,2014.9963537118044,RichmondNorfolk
570138,22.228111420864188,2016-12-25,1.6728667523946297,23212.93874879773,7871.713572012466,650.6870131637024,850.0694499495884,15057.71945477381,-4413.531243193288,3955.854347076424,-85.715429986447,organic,2015.010492582556,RichmondNorfolk
635320,25.914241902532456,2015-03-22,1.7532198988660015,-32964.24393028545,10488.076528896556,-15519.5412850388,-18.263623834436657,-4489.0423507976975,1430.843950994451,-212.5133996878235,-154.04284360768156,organic,2015.0046993574265,RichmondNorfolk
78110,7.41893783787542,2015-01-04,1.6642250846074442,11748.510531420354,1832.8442059472145,-803.7623988495361,1192.4955519064292,-7415.318480865522,-13403.326402181752,20542.7342962481,47.78993913287447,organic,2017.0128467125817,RichmondNorfolk
