Courses/sentdex/Data Analysis with Python 3 and Pandas/datasets/avocado.csv
,Unnamed: 0,Date,AveragePrice,Total Volume,4046,4225,4770,Total Bags,Small Bags,Large Bags,XLarge Bags,type,year,region
671141,1.430142657144101,2015-03-08,1.9636168047865543,-13833.002635021126,-8935.567865961471,-11247.17470167804,529.5551454285808,-3704.00092401093,-4040.011497638082,1399.23774929995,156.07465000500588,organic,2016.9933509216855,SouthCarolina
272734,28.18369295887158,2017-01-22,1.2881170839846396,426748.5355746662,6580.979086094926,8621.240535612422,818.6662581521779,4195.682183528953,16650.445943225855,-1852.629415805828,167.51484254046312,organic,2016.9978223379296,SouthCarolina
765522,39.60742612059428,2018-03-11,1.40090338327013,90377.29633649463,6686.318810198562,16807.24945691861,-1105.6444376838124,1356.7212061147493,-10310.19315980816,5602.684218052112,-50.04189544852476,organic,2016.008723826283,SouthCarolina
167584,35.58371876384066,2015-06-21,1.276301346291206,48314.62290717435,26206.36217036349,-16450.16976220045,2290.2786721345483,-15732.85622675417,80845.18298106364,2728.451236392083,24.505191296826155,organic,2015.0023294041216,SouthCarolina
410182,22.943899805191624,2016-02-28,2.009078263501764,-4866.283622991206,12951.457639199652,-8891.359495026032,594.5606363452662,3831.183234450823,20120.088106710773,2396.9430829439134,1.523231461833813,organic,2014.984392080883,SouthCarolina
565648,14.954804235676802,2015-07-26,1.2956484652402245,147548.92899507712,-9471.711058100434,-2465.5783406581995,799.6264718771492,-13279.980998886527,10739.576840476358,7655.316781273679,116.51002161888132,organic,2014.9996185125472,SouthCarolina
456004,30.174649190329585,2015-09-06,1.380374815465368,11159.18064770364,-1264.606630439279,-10090.863137274164,1055.754591368713,1969.4973556106715,16490.007582477727,3535.4447824562294,73.4726631203891,organic,2015.9972158438875,SouthCarolina
871451,13.709136617751192,2017-01-29,1.7939412684326328,30884.806093391548,-4863.856478698358,3111.103988443514,1477.0756485837076,-15061.859021810846,-11158.1606892194,1647.1395999027172,-115.4680083210186,organic,2014.9939229524475,SouthCarolina
583053,32.33136279919119,2015-10-18,1.8283698159021893,42667.56024157701,-11498.915706296284,-7889.642811827382,-90.44104147824794,-13746.368003123896,-23709.93578387657,-1544.8543919309002,-54.674103184443126,organic,2015.002601952382,SouthCarolina
181981,40.87739868387252,2016-05-15,1.2576380158573284,21222.367950788324,-6640.643247309113,28345.483668781188,312.6195177303443,3570.628088219255,142.80777022938128,2421.0788027911717,-170.80671580520848,organic,2016.992577087094,SouthCarolina
658510,2.323946846251255,2015-07-19,1.3722552020302976,5232.594539514259,7213.61241795152,22316.651698937447,248.07740090695864,-5589.440498625096,2409.9109674350784,4267.741655153904,190.40347713562116,organic,2014.9909965038137,SouthCarolina
139079,36.69079411995753,2015-07-19,1.0194414148032338,55348.31921322376,25099.03411108349,12377.705867410185,-648.7025868284777,-14827.59270355068,29160.89454077813,-79.47055489478407,-133.9207259181304,organic,2016.0037719577888,SouthCarolina
899137,37.501315744288114,2016-02-07,1.3800887077319872,52716.33453461223,-14091.85190653319,6573.928391597045,1494.4192513670507,21070.84667901177,9594.498181605406,-1248.8535765779968,-161.23101562196445,organic,2017.010815702121,SouthCarolina
376795,-0.9863752145312632,2016-03-13,1.938798727406258,3805.529321509748,8207.706476288447,5739.148516757333,653.6869165844375,6560.590353799345,-7935.311971225988,-3337.1603672852416,45.762416306847264,organic,2015.0080883058165,SouthCarolina
834451,6.526531917811401,2015-05-03,1.441445656840611,84069.98727899682,8439.09603748742,-13431.413909383156,-857.9017575180958,19098.64913958684,-5439.528171320732,3817.8854297669104,-276.1931096396981,organic,2016.0021112700435,SouthCarolina
648068,34.65912859060373,2015-03-15,1.1263148909284515,90940.4650584569,10167.21527881272,19733.59954067056,-823.5194309884014,-7016.9441539938725,-10644.203173907375,594.7169105721855,-91.88531508448038,organic,2016.002148651635,PhoenixTucson
729546,30.27496370883868,2015-08-16,1.268128662200257,46742.3659540972,14868.551662122383,1033.2127021213746,1361.5033473499025,-4409.530244196543,43870.0735212331,51.25204128594055,-58.927481980795605,organic,2015.0072651624816,PhoenixTucson
40593,37.23186001578119,2017-03-19,1.4498634235262275,60042.30838277073,867.5642595733034,-15719.45648443849,1163.3227148197277,-12567.694870011646,8399.0326154637,1206.841725739175,15.6703259806159,organic,2015.9889758912605,PhoenixTucson
531670,2.6823018689776568,2016-09-11,1.440226929346124,129434.79358119538,18277.59028264837,40929.49256170051,2089.272610199161,14126.530024735068,25365.31479776037,54.06657819594693,-229.52279449440852,organic,2016.0015028734288,PhoenixTucson
321579,20.009700301330238,2017-10-29,1.700813651791805,77451.73346272085,18326.55402932811,-11115.510054515076,712.659563828456,2056.7516186995063,340.2342875990498,-238.37254616779228,-27.133021554481136,organic,2015.998918667168,PhoenixTucson
230287,2.539304805205747,2017-04-16,1.5815994007088916,295193.1633023113,20229.80992938937,1228.8029686456375,1305.5789841523706,-3359.192017133071,7475.743043046999,-2936.9126208048965,36.64202544364844,organic,2014.9946118685464,PhoenixTucson
308668,19.973735196151317,2017-12-10,0.9719357437244844,-15905.678001923668,102649.56861138792,129679.06695761227,2171.815481109178,60254.28337826221,56593.591174794725,-127.97177130461635,103.1582665038988,organic,2016.017695501644,PhoenixTucson
760246,20.255299110887144,2016-08-14,1.5366866698768686,47163.78035138048,-13266.01238298061,-18300.6909263127,-557.7744935883698,882.3412383728391,94.04142355994829,5348.158859322676,1.9782723727215803,organic,2015.0148477923628,PhoenixTucson
561211,17.475525253482473,2016-08-07,1.9637545201638773,61874.34714668028,-5858.817848233454,-583.4036462378353,626.2438792486013,-17986.630309777516,-9872.59115646522,-373.59751024758793,112.9264822190052,organic,2015.999208741275,PhoenixTucson
847833,36.93553925626579,2016-03-06,1.1804280685774824,51539.01927710184,6971.018088328212,3410.898378688038,1057.9226682974884,-19953.48889752179,-9901.144432062703,-2163.545160284035,0.401845467175125,organic,2016.9962174769853,PhoenixTucson
272712,49.954919463768746,2017-08-13,1.741920910799588,16316.981434920588,-11032.72634313077,-10723.303983426453,-609.395975610917,-11514.945222882418,-14051.301030664376,34331.24602950213,-136.49125170538966,organic,2014.9952268914656,PhoenixTucson
135971,21.660526657718616,2015-03-08,1.208881686212495,4185343.5318104746,9692146.907800687,10491476.35488325,43.42354990056669,543802.3693425346,411087.3613125216,33860.58792766033,15156.43941270354,conventional,2014.9921087430575,Seattle
79730,24.08332030140012,2017-11-19,1.3412975461608494,71296.40685264455,12962.707260277211,28672.85806262843,229.4203861037878,14215.042672162828,7728.187005401953,767.3049458050629,-24.07857028574956,conventional,2018.0110992378757,Seattle
276745,46.75001770313904,2017-10-15,1.2149720923055838,1137997.9396940484,-19782.22119397831,68219.03744169319,1541.1895039395397,173085.99822110933,27337.36464960612,6393.405339676357,-238.75984471633333,conventional,2016.0041954732496,Seattle
864876,45.8508137320636,2015-05-24,1.1802747005913945,576422.8288246568,-21589.020383939813,116719.42700288063,-706.3455564124681,84069.03846640719,97948.9733485279,4311.170365759317,-227.92034937839605,conventional,2014.9957603020805,Seattle
452488,39.07114969090333,2017-01-15,1.214400290492673,425218.61298601615,6982.96658330059,228324.70635312784,16296.187256929985,111398.38198969788,-7872.337518397668,4086.0815410132823,6231.770766510248,conventional,2015.9917225128488,Seattle
564345,42.00872451195305,2016-10-23,1.6112489147581577,35053.769223572504,21224.516094523235,22111.50613107474,1064.2394870826654,11154.36285527652,23742.12900262365,4148.726228189104,-220.99987742201105,conventional,2015.0107610027644,Seattle
264875,39.09054226869664,2017-08-13,1.6391890416527284,22356.491892063947,82296.72882955402,24088.0272137219,1961.126779219377,-2097.298312973849,36833.59538964836,74539.70707758138,1724.1022720414776,conventional,2015.0189176538795,Seattle
795257,34.7299669760751,2017-06-25,1.284908643806969,929545.6104091617,388824.3976470824,568882.0139656946,18872.81561416899,103672.33872727113,64618.456886186206,99305.1460910547,150.6459536995697,conventional,2017.0095215878196,Seattle
796249,32.062835381031185,2015-10-11,1.2991568615141311,324411.7358836093,21764.18993401757,257333.2695214791,1234.7912796610435,38834.372205894375,29061.66843018202,1488.3569496074429,26.705997202274204,conventional,2015.999263662869,Seattle
714769,39.76744146076479,2017-02-05,0.9103460195284124,3577946.720280429,292296.730900622,244341.5346434422,16111.827431479003,145147.43000035087,670396.0543636245,80352.57324233284,7090.450166521214,conventional,2016.00377579791,Seattle
838942,3.868226101484371,2016-05-29,1.000749809023292,162220.71501824504,76416.65916106864,56501.99855919435,772.8070260947327,54414.29244467971,35284.85837305815,572.463304053497,91.02786543795224,conventional,2016.023861237352,Seattle
293861,45.25351272673009,2016-01-31,0.8602098639589861,348653.6057036291,191008.63362044605,69719.04524715887,10496.806766323029,73420.04870225245,68425.84405950345,2585.923139928632,244.76494557842943,conventional,2015.991864544186,Seattle
847178,18.492869273791538,2016-05-29,1.4542196223860993,28923.19806696564,-11930.980595240091,22948.49452199717,2832.557141924755,108339.67760390748,27041.068242857466,122.00919337464325,-96.807254900671,conventional,2015.00058371511,Seattle
703394,35.07843607755499,2016-01-31,1.0949129324616482,966459.4766684776,64684.24343438093,174233.95104018308,953.9472712444278,41508.43918389676,30300.24113029433,-219.87374839768157,18.9703313670309,conventional,2014.9707633659,Seattle
863608,28.1173378214346,2017-12-24,0.84602991538563,3018357.816001635,689975.6202707568,465870.2255804624,137158.37108970806,1062408.2113913177,713798.9076772816,218059.11585790283,57081.16604562987,conventional,2016.9994835783407,Seattle
513653,23.12570286406368,2016-07-10,1.316545388052022,225226.5845121693,7145.449996752221,-9671.169161872833,16864.66072404703,-14032.432977498009,81368.00609741642,4472.721928640766,-9.625278969612012,conventional,2014.9954492509407,Seattle
556831,47.0916865393112,2017-12-03,0.7149356977343716,3707535.418602458,533110.8963057054,295450.0906185008,120456.86544491818,474221.9450366604,168422.38942816888,218260.73284613696,1848.7799500616327,conventional,2015.9967160381905,Seattle
453705,6.978727375340452,2017-10-01,0.9143128239633468,449940.23581660487,145023.4684854074,112965.10514418772,1057.915290441789,72669.3769327847,14259.047960564669,2160.9682698477563,-185.9548597544664,conventional,2018.0559117252933,Seattle
745888,25.531772315288958,2015-08-02,0.9149957686072856,1285743.7915922685,518986.4320636978,39313.27576927093,6783.741983577307,859769.2890099462,6672522.6183040375,-876.3412670057357,1724.454774989303,conventional,2015.9900965013796,Seattle
997211,7.861228630211515,2015-09-13,1.076618072490021,39389.78989502807,-1189.4153547503493,233093.0427437964,947.5167466831774,-11982.551951417578,43469.59359110512,3661.790177780691,-90.0083585600445,conventional,2016.0055391751105,Seattle
7819,39.6026967834953,2017-12-17,0.7922412606397025,1181754.059388944,103590.51556200774,185720.88036908276,11083.333158304318,76398.67802260337,39272.414753314566,7010.120777659737,16.35564696761044,conventional,2015.0217725580928,Seattle
266781,25.972645404892923,2017-01-08,0.9491555372635996,1162745.4789580707,478692.3400710829,1637581.3520376838,24553.4273377992,709832.5034281389,1008253.2542302096,4549.064710648701,6199.0501455655285,conventional,2016.0009258852117,Seattle
828691,36.55434717329023,2018-01-14,0.830472059041941,1354705.2403063253,143220.0941677313,84475.8117981413,16534.448179271676,55081.87878119654,59330.17816012419,5473.720441612077,82.99499107898733,conventional,2017.0013820239133,Seattle
324478,25.607914634712817,2015-12-13,0.9569188243827074,352387.7307314348,17916.0721411741,8914.533524962557,801.2013547413057,12155.86728894317,-8661.825454450933,2504.654639841642,120.8811508883951,conventional,2016.007830958331,Seattle
960010,48.851515374207295,2015-04-05,1.0089284622946562,939771.930884912,1741883.8821242496,248535.1355777006,101072.0744280576,704614.5008107934,369463.2248735544,170730.61392917842,5070.971310897707,conventional,2016.9951964324168,Seattle
66762,23.87179352393447,2016-09-25,0.8552302064769602,1099404.3895917623,227712.53218425048,269474.6200577491,1117.3772631152851,77767.96875640198,39512.64393091783,-413.15454902400256,-70.11678810734284,conventional,2015.000677417013,Seattle
