Courses/sentdex/Data Analysis with Python 3 and Pandas/datasets/avocado.csv
,Unnamed: 0,Date,AveragePrice,Total Volume,4046,4225,4770,Total Bags,Small Bags,Large Bags,XLarge Bags,type,year,region
864659,48.94297037087016,2017-04-16,0.8816786862683565,3601168.7518791584,519309.5624756965,1852229.5988731645,47512.178102427584,1238448.006420167,918931.1066322996,86613.94284794873,5819.451029467157,conventional,2014.998509398989,TotalUS
143093,28.028668590947177,2015-08-09,0.92174832911676,1031303.4365695388,94778.48976359588,37995.9683788616,1919.02121207882,211760.41469762733,21771.779609151577,63730.21326547568,68.12464935926451,conventional,2016.9925664940613,TotalUS
806968,41.56851114733465,2016-07-24,1.1232428792925888,5293138.834226881,585610.1451332252,277428.7412380206,110250.96084270082,318344.5770624066,502176.9589689033,184347.25048000464,2200.55646077258,conventional,2015.992706830937,TotalUS
178822,16.958059245881465,2017-06-11,0.8895153811260086,208191.5580115576,-10539.291511596268,30540.52338511736,1384.2104342309844,343848.3576472744,50299.80481271687,3634.98032887525,-110.90173685514358,conventional,2016.0037708647324,TotalUS
733618,28.867881996947983,2015-12-13,0.8348755713209167,1122056.76354807,111087.91106394088,460185.8663071391,10810.286242679029,83413.83296216231,-2712.1554580214506,1779.3449059101456,15.01503560888743,conventional,2016.001467354683,TotalUS
536449,11.120149674977286,2017-02-26,1.2655017330756613,1126409.066566632,87523.50933360922,384081.9951065498,14298.555282032885,45430.43402071668,52460.33366898955,7111.7118585730295,-51.12874030565772,conventional,2015.9920078583468,TotalUS
722952,48.3349623454775,2017-12-03,1.1241682784807177,3265496.007520615,2517519.586737106,323593.5123837205,84318.61460666175,418177.56346179656,83753.25001825475,340973.2006340019,4225.726558575378,conventional,2015.9902019578235,TotalUS
490577,23.83888606251908,2017-01-08,1.011468524893201,4306769.594046636,601606.581038171,425224.4087517481,12598.703121105573,246977.55017104375,556107.7503199166,95923.65334203694,2697.012446287903,conventional,2015.9946571508235,TotalUS
693842,31.50633514206982,2016-08-07,0.8437755378498011,1357322.5201529122,84149.51819352308,214170.002191434,412051.87457891874,610583.2943209781,5049118.276603965,744917.1151220581,60920.94493227529,conventional,2015.9812127290345,TotalUS
955437,37.03700600222237,2017-07-09,1.285900603554008,31778.66960476101,15288.549028665137,458151.2408117892,797.3563707771575,4162.479490451174,5083.675021003878,1648.4346984084805,186.50620613155365,conventional,2016.0084648614056,TotalUS
442571,1.7415624268268377,2017-03-19,1.0981100165993076,3012879.7042994727,503673.9791343914,468821.86354964087,16663.554945109478,280577.0822597856,436479.6391210046,88796.40921109039,1657.1570615709136,conventional,2016.001361626113,TotalUS
454561,18.067096246217496,2017-04-09,1.7971744677806236,732931.3622188605,1277.6964409444208,28074.60596642951,1038.6501179083343,1390.8014675662123,27413.3277065764,6955.445869018708,139.9183462794294,conventional,2017.0054664369984,TotalUS
525165,0.0684528447756904,2017-02-12,0.8709737068858703,481888.08398236585,807422.9245733868,866935.150627642,67081.33870983346,1410565.216488191,826829.2302296989,152995.74618282358,5683.198846229954,conventional,2014.982576789859,TotalUS
313527,33.102523488518315,2015-01-25,0.8181871252371429,613430.7123617481,623463.0250519147,357945.9850793985,115689.07659609467,45738.08835096273,174156.48805923492,192586.53028312896,16257.517597110898,conventional,2017.010644533375,TotalUS
433525,-1.6334290307194117,2015-06-28,1.0968253819181075,706154.5154942229,552290.6610057144,30331.278776556755,-184.93318151057628,110317.57977275307,82374.45626470052,5862.398945666388,177.1930325757497,conventional,2015.0028733876984,TotalUS
342910,21.620340316736428,2017-02-12,0.7823380444643129,1019951.4643172696,2291833.0967224124,2957239.2496328144,110639.0411877221,1340682.715032246,673852.4118247872,121195.95785488468,7294.791139988611,conventional,2014.994472907757,TotalUS
898604,39.34024841713992,2016-05-29,0.6269895074864898,1191428.2428349038,691983.7143464072,1156066.2601586129,141875.55235285143,161276.93492848176,39387.39675573641,372723.81362094346,13251.605640199485,conventional,2015.0103005726453,TotalUS
2695,-0.0599095757440988,2016-06-19,1.377021562923289,805878.135577448,2348614.7034144457,1665080.1819407064,42701.38911185428,54044.58186762609,66433.82831039416,140119.87536112705,1878.5777250691929,conventional,2017.9974056950973,TotalUS
618109,0.7056719005385783,2015-03-22,1.1864903586014115,512480.4273294353,309508.73572105565,400384.381214896,9836.71654666602,317164.74543844204,48704.17187794889,2748.979137751795,-5.594639824664291,conventional,2015.0125761342904,TotalUS
396083,3.1904462562141798,2015-11-22,0.9839470106878117,1014148.6278438685,2904342.761524413,1212542.3688134286,11641.271699895316,308391.8357219725,47327.400834748,388489.17611750273,6503.585308009784,conventional,2015.993613571601,TotalUS
441867,45.80404667485125,2016-02-28,0.7461763805797909,3666214.69499828,712188.7134658694,12627123.383394103,128258.16621086648,630907.3622852347,553020.8008142225,102909.28814726652,9200.581729615938,conventional,2015.992045911144,TotalUS
646939,22.295498705927805,2016-08-07,0.9973873477017912,930849.3743392492,256383.15459380115,220247.01214517545,675711.4229436157,69958.28063218354,627362.9261373644,7446.084068902025,142.61607054219186,conventional,2016.012664728496,TotalUS
470294,39.976330833313554,2015-12-20,0.7255707088396566,6256748.5474582175,478050.7864261057,302056.5752533844,106987.61642133346,291789.4626354482,147578.0815031194,210673.06321800256,8420.631019314824,conventional,2017.010879116125,TotalUS
815072,27.735683012119893,2017-02-05,1.9129646261878075,29950.24431777389,-21003.819422446973,28639.75707996517,-688.3101711594245,13977.811128747657,-5111.547098829148,3839.0366346448136,90.52847459535268,organic,2015.0155124074256,CincinnatiDayton
456773,15.08869243296832,2015-01-04,1.8741789466202907,328694.7515563287,2242.053909755237,5370.481281776026,422.2255274377322,8468.118101290402,-5325.319405258965,22735.57469889032,-57.52409908325767,organic,2015.003841727319,CincinnatiDayton
509353,47.96400945914392,2016-03-27,1.2506130695716342,120548.19784535305,10639.832962614875,-17715.701127875087,836.583199888478,-1733.3188581984632,-9390.349545433852,-3296.1878067253538,-126.75559464528796,organic,2016.009154963537,CincinnatiDayton
6158,8.631929226638187,2016-04-24,1.689094919947791,255462.91655153935,8670.732887913524,-4251.210576619056,1079.663907069211,-7062.230526178728,-12649.834454745169,763.2189912393471,146.01014054203884,organic,2016.9991662049508,CincinnatiDayton
177792,24.72463943982333,2015-02-08,1.4624283948703751,16769.878494850338,2402.077383038613,24799.268959156943,1701.3030050096602,-10121.571618328127,-19425.360239026635,-1659.4828963273742,71.05803935908813,organic,2016.0124333496385,CincinnatiDayton
700792,24.534509579509752,2017-12-17,1.5791214198176489,13531.439749738103,8154.846665049131,5670.906676615612,1433.5095553423355,-818.913201767713,-3414.9146138916703,-3549.6263590604385,79.7835291920565,organic,2014.994305823289,CincinnatiDayton
452179,21.626631316065996,2015-04-05,2.132342934992155,-4846.819754371558,21380.50450799279,11734.034586295857,1473.8070415130987,9807.719326267414,-6203.113645308763,1735.6530350150176,93.5444147678578,organic,2017.019338560273,CincinnatiDayton
553757,21.61619920299061,2018-02-11,1.7689040851312037,3401.6889810531466,-9119.126989499327,30767.760959024745,543.3526397355215,29957.273695700555,-6981.712932885487,2799.165248383507,-37.4667791095564,organic,2015.0063222394992,CincinnatiDayton
337570,1.2079058360912758,2015-09-27,1.497764943624793,65353.00499804135,-9340.195403527849,-25090.06887637134,6.535880788542215,9248.557775055888,-4397.028623597434,4142.427773986436,-141.89567882933457,organic,2016.9933986684357,CincinnatiDayton
444985,6.542322357857908,2015-11-08,1.945055571967376,-57114.77081746399,8835.06389488271,27711.29169153373,1191.722902351709,240.686038149508,-18977.660372804068,1166.419960928344,-59.62819217562157,organic,2016.0086413209935,CincinnatiDayton
509797,32.14053488178796,2015-04-19,1.7303269937436725,46955.58409744302,15032.110819690104,11772.014342159597,1671.526413398221,24351.67887882847,37756.27754304789,2242.5873085420926,154.43137673511018,organic,2014.993409972969,CincinnatiDayton
741061,5.142329563262797,2017-03-19,1.6462989452590668,60526.07975294831,16994.440782146026,19504.03832656795,1434.059205591944,-26018.493547707505,-12232.5495943504,6944.490714737973,60.74371712384084,organic,2016.005237378729,CincinnatiDayton
451236,39.51410253207941,2016-04-17,1.7795515239836557,81009.51461540806,-2860.6707860845045,2768.956370644817,1099.018988177513,-13248.12899099588,-4834.996323949902,1137.7775692990706,97.94829744506733,organic,2015.0137946738064,CincinnatiDayton
331822,30.69157569050143,2017-12-17,1.6158938577244408,55620.48960091353,3532.853066242966,11930.22170911424,2045.306810775484,7997.637361134783,-8361.815865323337,15244.343091346198,-100.11532410964504,organic,2016.003880131694,CincinnatiDayton
432229,44.43620444344706,2016-10-23,2.216761802857389,-23086.898060573814,-239.6232454030096,-5698.263419976565,1063.8827460600216,-2773.684727651311,-6041.430758374066,4788.400299351392,101.2110292263131,organic,2017.003733881898,CincinnatiDayton
951954,45.45958999411307,2017-05-14,1.3475283794515158,-872.7994599603044,-6837.273441382183,16499.38206607079,766.5527744191639,87517.53373274693,12645.703028809148,4066.478518781375,-81.35384859244995,organic,2015.996026525095,CincinnatiDayton
860174,46.03056608854867,2016-05-15,1.6424042385746729,4388.255940395335,-834.7901306469175,12374.380025143608,336.9833016566617,4067.4850038767145,-22122.42916565701,2165.8190497296605,-75.98401753627694,organic,2015.9967395628207,CincinnatiDayton
980241,40.59607079938041,2017-07-09,1.8507698671628297,400461.9669877823,-10419.105589257266,10352.76692786295,1383.8036395206543,-7245.670488359477,89494.10292719486,4152.024116470731,8.903704280653129,organic,2015.001158518993,CincinnatiDayton
543364,4.271694228743238,2016-10-16,1.3237640072649275,96803.32783548528,6234.792554399377,1262.783872903985,1594.103485015943,24837.868472078044,1388.5027280535069,337.6796032206976,-28.705265022415592,organic,2014.9986857280053,CincinnatiDayton
11251,29.19598051246271,2015-11-22,1.555290970905161,42263.73353366715,-4369.155219308123,2354.2625154814777,1223.185189326634,-4986.679232785044,14969.49073008803,-134.68704391197593,35.18100573689813,organic,2016.9883871682468,CincinnatiDayton
810033,36.11097850101325,2016-09-11,1.3640137836292825,12349.267897448688,16093.349539756857,-7595.615828473425,289.5210134527568,-7591.596670426121,3003.246054094305,-1610.7370168306286,-17.10833651998998,organic,2017.948023791639,CincinnatiDayton
186405,40.81204430399095,2016-05-29,0.8710508471566012,73157.87317277829,-14540.359250470578,-2662.186677712561,379.490930287624,10640.679701835244,99.2367354642338,-2432.5595156290246,-81.95255831379019,conventional,2015.0055392737756,RaleighGreensboro
642831,13.871707229204352,2016-01-17,1.3596035455898952,433128.0335498431,132736.24282635003,157011.24190557576,2834.275458983539,21129.995593281048,11904.675895063112,6667.854942207106,-32.58077865533957,conventional,2017.0033534416823,RaleighGreensboro
197572,15.81397894488972,2017-09-24,0.841156703769602,1309237.561825974,121139.42155890298,119308.85646645608,9963.826434435388,68379.5295894125,21511.91608963142,75622.00631498887,-104.09787681772649,conventional,2016.009441597931,RaleighGreensboro
560484,33.36680038434055,2015-11-15,0.958461590411684,190307.6467744928,215902.7686312119,362973.9697946235,2466.939112236309,63444.50653986049,23053.47488150845,3935.2815840662543,262.42106474553105,conventional,2015.9974969733369,RaleighGreensboro
837905,10.228754628918004,2015-09-13,1.0674851110072958,873243.6240731425,14576016.346200245,419516.77672459016,131794.4560762187,966850.5832756947,581572.4531325462,3187337.8423724333,22005.193517449512,conventional,2017.0050630616504,RaleighGreensboro
178976,41.44390781421719,2015-01-25,0.820308606194931,377921.76940982096,72008.0384956985,492444.5854348286,165756.70189587446,119897.15783504026,43184.07036054615,101198.49412485848,-73.32112903690606,conventional,2015.99907592786,RaleighGreensboro
109386,23.510895176747116,2015-03-08,1.3149718341837255,34472.3518616961,79645.9287776057,-17335.019913887598,2159.426470087604,-3034.5240251852174,66061.7050928059,484.34945282639137,-127.42247779578848,conventional,2016.0098105713785,RaleighGreensboro
57003,44.97358007496231,2016-02-28,1.3385481816697216,815666.2115251927,129617.08337447664,188973.8477010415,2353.825011256872,8221.975244525398,12303.012868192927,4152.754055018111,49.69662790146653,conventional,2017.0151379397491,RaleighGreensboro
897778,48.09063435799508,2017-05-28,0.8094871644682105,358491.99541413604,150013.74835650605,907623.8864866224,1832.335747525485,80020.03920785664,21387.78807909481,3090.2995367063213,-46.02713364155059,conventional,2015.000410824961,RaleighGreensboro
185319,47.01121955343445,2015-11-29,0.9954244427122242,370964.0219538506,95888.62935221504,35944.10323176953,2277.7713260941086,74988.56513071692,-4087.0144041825306,-1564.1224201679777,-83.44106811192106,conventional,2015.9927902114307,RaleighGreensboro
883230,1.8393354582032992,2016-05-29,1.2814307590924117,556072.7336576311,118009.55617035694,277475.2086200708,21508.288016506463,49421.98066747113,66550.11343293854,3255.285294373945,-147.32467475429536,conventional,2014.9977406680416,RaleighGreensboro
508226,34.7008802957163,2017-12-17,1.205150314105824,354639.0074265417,124199.88879941544,329118.7845676028,571.6344199167188,27878.8590739079,11974.406664741737,1778.6431514668125,-231.27722660792475,conventional,2016.0133721631676,RaleighGreensboro
893200,39.24456910153281,2016-03-06,1.3210052908923948,55345.573959122354,12120.970229475031,716.7769658402121,747.9260033994669,-11725.238449635131,20799.95609467789,1972.521413325939,1102.1988015070192,conventional,2016.0025375397795,RaleighGreensboro
834837,18.946722190170465,2017-10-22,0.9663581407780112,7682333.227649979,709019.709249377,360901.9308084019,32943.8962446806,755227.6881904848,656150.1456377575,73647.11258866481,5058.218378238594,conventional,2017.962330300208,RaleighGreensboro
411363,29.83332804657716,2018-01-07,1.3042132925601635,978859.3403165316,-4409.610873393448,4681.735410218194,118.36144288666748,54925.03700937984,39164.08156206959,955.0098888581314,-13.579732359946266,conventional,2016.998473808677,RaleighGreensboro
391704,24.1920897831544,2017-03-19,1.25685545498719,438960.38368438336,-6541.692805388288,-12019.106145474065,1724.114466849314,43599.77669412399,-6613.096280262216,2338.594987428501,-102.27741854830956,conventional,2016.0156980421675,RaleighGreensboro
