Courses/sentdex/Data Analysis with Python 3 and Pandas/datasets/avocado.csv
,Unnamed: 0,Date,AveragePrice,Total Volume,4046,4225,4770,Total Bags,Small Bags,Large Bags,XLarge Bags,type,year,region
292506,25.73969796980189,2017-10-15,0.8141479619886369,1231908.1848240143,108768.5725386598,526360.1145644336,16139.0493938173,278505.0713153794,8163.259828107897,41602.97701135148,5428.297682954104,conventional,2016.01725701586,West
36603,8.955266571012583,2015-10-25,0.6985694909103359,3839473.778953029,654240.5580600302,550652.8243968287,85303.76290386758,1209951.964821776,297177.8856282151,59952.53834094242,5593.050699444482,conventional,2017.0123097652925,West
759448,2.075516901614868,2015-04-19,0.8301689121313339,1249844.6429409003,2108529.050603629,351802.9427014402,132540.19317413855,685199.5424630533,107228.296049022,105.39276210268643,5209.536267419912,conventional,2017.0074038134228,West
874782,27.937879224186503,2018-02-04,1.1072906318303837,974261.2893696476,104794.16112236616,573537.5196012933,22019.099176506294,15142.385213837731,95775.65292695828,4218.114948037138,-166.3161581931957,conventional,2016.008937617554,West
910326,28.347373492450394,2016-02-07,0.8724655327394344,32603.44336921093,12262.62881987398,12381.120075211771,1430.4709637729443,21198.491503326302,-2544.6482395557387,4126.89511107381,-90.558320184735,conventional,2016.0072743085595,West
140233,21.6198085301341,2017-10-15,0.9719381070695524,417317.2204461462,-25685.183422968967,135962.1558787709,2760.653283597172,59490.75215025152,-9881.415175813854,31574.934286546148,-201.19364859722828,conventional,2015.9947691090572,West
302771,11.230483014048636,2015-09-13,0.7345401425707094,984064.0052740676,101131.81211676664,381483.8799036121,14149.048783207583,631739.833063372,119228.09664379973,23342.870510575733,11578.154295509692,conventional,2015.9991304026955,West
176193,22.824878573359253,2015-11-22,0.6672239541614351,3423565.193748684,440486.4081897868,2028633.6349414303,11375.120683106046,1032344.574317552,428834.7934287929,208385.675415884,24.58484358691832,conventional,2017.0058386230296,West
985158,7.157843850373917,2016-06-05,1.3658834518098826,805722.256169647,541232.7563860406,413531.98972375394,13040.487581125912,572011.5949099521,643266.5849351553,80466.80253642437,31980.878055176945,conventional,2017.010408136222,West
225005,25.45792813828222,2017-07-16,0.9969808204130092,1086425.432549731,121279.67007981845,514191.96260053787,18547.631129972,53906.486138897526,849.1432241835792,5489.29340912263,-22.89624667344933,conventional,2015.018041705988,West
128035,0.3407708831240588,2015-05-17,1.0606806642013502,698233.4006536088,522129.6094000457,188462.2659659597,656002.4563047758,730736.5604925202,665110.492624772,9357.096401791838,7332.034450723377,conventional,2016.002933978934,West
81319,16.293618443882742,2016-03-13,0.7650334368732324,4706906.723855829,1621887.8317657786,438066.6025144143,129452.81541697086,245530.5686532267,145916.77944745554,206062.49600208385,101264.02353889465,conventional,2017.008731925761,West
78869,0.6959720296646132,2016-10-23,1.1148947104440967,192313.6330378413,823079.8073921539,402802.51235293,621.9774533606019,95512.48866036764,65586.0207046995,3578.032159896877,-115.26189006274012,conventional,2016.0071621351296,West
523063,46.58514061556672,2015-03-08,0.9545349960820924,819395.478656421,109974.37896362416,373416.0208430281,13923.294840018942,73584.45903796534,35419.60190354752,1427.5232224483352,16.945165860034088,conventional,2016.0099718291283,West
125427,9.985032221043518,2015-08-09,0.9642463514365828,4056411.492422896,323818.6005503909,266478.1900670165,97785.37202396907,33226.983268255135,1289822.47835146,102449.30429819986,4160.860599583254,conventional,2016.001826651732,West
284195,45.39140696087198,2015-11-15,1.4595140364272714,695400.3314919778,652694.2751321238,1699470.105517844,254945.8141249769,382391.5940031264,247865.1702119112,4783.95302115401,118.7731277866004,conventional,2015.9989614424064,West
141924,8.808431433245559,2016-12-18,0.9066721676831978,56482.64934676894,3163.669918142637,2267.338209902917,1295.214688196863,54478.91827818079,58458.53624024151,23618.4864453658,104.77964757386496,conventional,2015.008936211552,West
42764,32.16792519061905,2018-01-07,1.084666086662083,396662.2595552032,17328.232788315156,413589.5075405791,1098.5538939407736,28800.789058112077,56737.48801229872,1133.375962894817,1691.4139022419129,conventional,2014.9937061943149,West
987136,6.207270826711862,2017-02-05,0.9590284772880194,1161834.4560527983,652103.1130060453,1017278.2800188336,74944.52207554475,141918.45535812492,1587736.0548305644,112175.97141542718,10807.240734899991,conventional,2016.989247825352,West
294797,25.67961887452462,2016-01-31,1.585815882824013,493160.7627905354,9489.800140536829,37381.20810722106,614.8004633991725,14565.463084011348,35095.93170277329,5825.049343135226,909.6014649449208,conventional,2016.011047952597,West
906523,19.34864149229238,2016-02-21,0.7862390223842272,392259.0460573608,3277773.304140472,1468608.6250947532,19698.17701219426,96101.28499830056,398603.957677165,-791.4069219623264,55135.36679450704,conventional,2015.001038690832,West
971320,1.8367262044766848,2015-11-01,1.008134298509088,852630.4639348256,-18941.006084959092,488873.20297207753,11816.583796642686,1087031.8853178397,35801.137782392005,4678.699285221068,137.05079767013302,conventional,2015.0215518644884,West
531827,7.021035826277945,2016-05-15,1.6044114011933135,104960.80523999936,-5707.376102648982,34019.18824385996,1627.4787342426637,26632.075232678,-12993.829570409252,2281.1246814980896,-163.28211101408826,conventional,2016.002682643251,West
684899,0.0290743237324733,2018-02-11,1.2956745101844382,79521.1438346772,-10841.51876287633,20207.58978128724,608.6270607256433,-9952.795409749664,-12077.579343432444,-580.0668259653987,95.5858124747026,organic,2018.009067595951,Roanoke
40637,4.88179577110087,2017-07-02,1.88950362796722,47626.51499785736,2178.980046049556,-25494.7108407812,146.23326383609495,-5835.489430922002,3994.5801815846926,3873.3386829799647,-112.97271699638225,organic,2016.9997647892492,Roanoke
567264,31.21028421216469,2018-03-25,1.3093963478147872,69600.93042171607,-7872.874672690711,13966.76329232512,635.6860879055156,-4716.223250018951,-4707.48008943677,661.8172811756101,-81.01448953158919,organic,2016.011611268496,Roanoke
373576,45.246354397423474,2017-12-10,1.6657557572953308,53713.95408123046,2279.6519461373077,-24923.229767934918,906.5582191081278,16817.19881636588,4031.672771443141,-181.5248348807345,-69.02409567582177,organic,2015.993021604711,Roanoke
508493,49.71757597418521,2017-07-16,1.5787804800257108,104947.61575102052,1017.502122079094,-16443.200086199766,-440.26290128439047,11922.67837770437,-15667.10074479086,2064.625141261265,-6.347930749225284,organic,2015.9984847549536,Roanoke
401205,47.954509813031024,2018-02-25,1.4967648894204544,39728.46367990899,-10157.062477605576,12242.566883432812,-90.20296096810364,203.6961107920997,-4081.679275083091,3817.494738463388,-7.845109538934086,organic,2015.991558985488,Roanoke
808559,41.27530289735829,2018-03-04,1.763329134443562,40906.912994902,19965.853744143493,4737.1785605111545,842.865371684635,16500.454199848522,12314.23123428976,1307.218934443422,-92.86333313662588,organic,2016.0045292536856,Roanoke
270759,18.490280034602417,2017-10-29,1.5370465902537007,82605.52798526218,19905.1429196868,-7989.811990977245,-318.8761264402381,-12714.76733149725,5247.687238890551,4091.171667420816,-93.21538607801148,organic,2015.0038220192416,Roanoke
775051,46.52740989664889,2015-10-11,1.3349622073434526,62292.39941712181,10019.47687529122,-10779.409875231975,1356.559822371683,19463.218159989523,5188.634037705151,1460.8694290154388,61.72786988575216,organic,2014.9898514486893,Roanoke
697210,27.497155661400114,2016-04-10,1.257803268244464,63094.61003865232,12743.770186764985,-479.7346940676253,274.0783884264428,-4627.049032637278,4877.942447693058,4255.69240319477,20.86902653639001,organic,2015.005027376227,Roanoke
655546,25.2780972380747,2016-08-07,1.73652406276824,22401.227946252115,3733.652638235769,-15709.3828134475,-614.5622105665739,17271.82205333656,-5320.296491788212,17650.350348280717,-202.26317045218155,organic,2014.985846897574,Roanoke
513995,30.58687525332905,2018-01-07,1.8511865727103665,6809.259917396084,5992.3732055898245,7800.377921390331,249.0653373759673,-8394.463275678938,190.7849051707481,2424.848700447013,0.5598673012698399,organic,2015.0002080417007,Roanoke
953059,44.8853626382019,2016-09-11,2.412194393983661,19070.641705464222,7442.527287975963,4795.91737188444,1059.4304994730824,14891.139619782298,10870.011714799446,14925.056495912117,149.95754787988665,organic,2016.0011141878608,Roanoke
807135,49.34540793688579,2016-07-03,1.3816679842226796,111468.171921026,-1515.0096390912222,4480.666480523392,793.6265392274554,41309.179349470345,-9257.45461028895,2331.271702745882,-108.21182267465528,organic,2017.006278233878,Roanoke
431290,-1.5893718500588765,2017-02-12,1.77270920292232,10231.2131905583,5395.5438189772085,-19049.246574636418,1841.3420840407832,-2972.071628235652,4113.055894571831,10548.353150178478,91.32979203287503,organic,2017.003542946718,Roanoke
95239,48.18359070328231,2016-07-31,1.6641688516766726,53325.79798580759,-8320.731533229471,11064.47508152679,561.0795836045814,7760.820325848147,-11239.186426634236,50315.87691619592,-61.26739061998295,organic,2016.0075137426384,Roanoke
444321,2.51201158351427,2017-05-14,1.641782913315402,42903.72196109993,11901.277136909535,34829.66448510977,789.4024636778092,16696.745242952864,-2161.409337114964,28592.74653520316,87.65357532038652,organic,2015.0204632002683,Roanoke
366953,33.7599461513513,2017-09-10,2.314734709050525,55807.79568102783,6970.121634898137,-10143.22531739932,79.71780795221633,3542.435736472496,-1490.8930293297751,679.6295842991217,31.08811189681538,organic,2015.0194113128025,Roanoke
593852,40.0882942004045,2017-07-23,1.913493404421055,38963.71700091069,4553.0330199434775,-3735.015214063218,1535.5254083880077,2017.735905186653,-12075.421297443429,1427.0765047156592,-44.39729830733245,organic,2015.9828109495363,Roanoke
486790,32.23056592463227,2018-01-21,0.9880116895456544,88468.11269460576,-20044.34297766345,15548.159596485237,1558.581858436034,12426.203183956488,2304.0962486403705,1036.892578358253,-124.3659291903848,organic,2015.0024538573637,Roanoke
362094,1.8752217031351168,2017-04-16,1.2213603534233142,897509.9198417809,2558319.8193853903,284237.8576866906,15332.028270238909,78736.36350782716,555428.1128124772,-117.96124337931316,25871.784919338115,conventional,2015.0084882222968,Portland
196189,19.29524215870774,2015-09-06,1.0077800978504323,662062.0432230091,12307.080917317677,72137.95884701553,1834.8696792986505,-49.855768987968986,40697.96191129652,5257.610023027349,-68.38266021027592,conventional,2016.0134341030491,Portland
272361,37.47533689542242,2016-04-03,0.9572310745859266,419328.2033664379,130081.48949564793,414532.1191755633,1375.142760248695,98463.5451113306,7712.580984319968,1904.3173499168463,141.2650561438924,conventional,2016.0104244715144,Portland
225493,2.411404129826377,2018-02-04,1.162840843199256,3295126.102234718,121278.51055145117,468885.0590718835,-542.8145891832144,1210283.3401746694,138528.3207004777,247.1736032191459,2361.133121205807,conventional,2015.975805858594,Portland
468285,40.66920234836005,2015-05-03,0.9270136703055664,729275.7034217492,-815.1537829777844,810.8352326394743,211.7629984159728,240555.3786331964,45246.88349189989,-1256.1225817015986,98.0733386599935,conventional,2015.9968041541244,Portland
478747,5.620956614477092,2017-02-05,1.2590029565275638,386076.00762339495,15270.671288768392,5491.398315170433,1203.568917660188,54002.87274539484,19515.4548239156,-3500.8031109385265,-113.8973128872945,conventional,2014.9992613092209,Portland
2647,39.13773915663813,2015-04-26,1.2877312352505252,432293.4898677336,162644.01429136662,224466.77648117105,1872.5573575136136,15888.000139650729,2462.881323344758,-706.612123994151,155.12809200294168,conventional,2017.0033449824768,Portland
536927,17.836820720212792,2016-09-04,0.7817864013175676,4564134.477225984,596557.7034599539,344196.4159635296,56326.66505524828,238375.9098785261,384418.0376268726,185526.92326785089,22064.70898516305,conventional,2014.989003232228,Portland
104280,27.377421375569146,2018-01-14,1.231236766882719,7209215.393658485,74217.1389188717,385224.7124936398,20485.20073856973,901479.5666794162,135872.5362649952,13833.092093695155,6814.922708914284,conventional,2015.9854909151584,Portland
547121,21.062057301712617,2016-05-29,1.0764752580218098,4668985.870323976,430390.311205689,212884.8532558115,977.0604295166538,10017499.02586498,114210.00670244632,164401.33180858183,5403.343817141716,conventional,2016.006719901832,Portland
439729,40.73277670915287,2016-10-02,1.1492410248354592,5942429.518118136,-4243.143728832757,1501.6595611475095,599.8544286394128,978.4211056021468,21975.4643536481,1608.252887730282,23.1442994415329,conventional,2016.010666795362,Portland
42803,22.536830717671787,2017-12-10,0.8708493368587539,1125869.3005065036,180440.78214151936,-5477.120578814787,17788.38263432329,101018.77367050594,29966.382099841983,6024.034155778711,38.30147941628636,conventional,2015.010312785486,Portland
559207,1.8380085178838144,2016-06-19,1.2874664305493062,537814.633999073,-14248.259584376196,-18661.65293555825,2775.3104789228946,2433.439228015326,28134.058059598698,3691.367676589002,-92.47027226964224,conventional,2016.004914052925,Portland
145109,22.23503913370101,2017-02-19,1.1563416187944977,1163885.439326006,1710284.7090763487,440384.8847710672,123459.39640795016,387829.87924201,76816.56688713668,72671.72646484317,13575.258255328392,conventional,2015.012532324254,Portland
743702,0.6756630515635027,2015-07-19,0.9947790969062046,878351.8337938981,2854956.189942614,31698.50627680264,20093.220334527192,554403.6629902716,89170.89790963822,95862.94413841916,3342.295910580114,conventional,2016.985939192436,Portland
37597,28.75370307075595,2016-03-06,0.904846745502394,987158.9621144582,125871.57033946869,330957.6522185593,35664.56155057068,244853.64497919983,59040.40551006817,224080.82441681132,12003.306719741233,conventional,2014.9880236470945,Portland
603844,35.493997985643134,2018-01-28,1.106367335981675,997370.9101211516,330522.74697133864,1693944.390691037,6517.493465839039,74068.96609752307,153899.37275766616,149916.38415865498,78.32583026837032,conventional,2017.0007491147544,Portland
735229,21.39747986960866,2017-01-08,1.530463569157862,22405.66960038949,-7681.989455890457,-484.1106549280557,1310.0629121196662,2253.6631554640558,16111.071040309096,-3655.404257302099,-76.36476404080017,organic,2014.9961088134528,SouthCentral
199285,26.11665274199348,2015-09-06,1.786337748800804,106843.57582256373,6109.000346476883,12438.943494317466,1758.3624730061272,-23364.423733768133,-3860.619769153188,-2749.0510670465665,-55.641689483474366,organic,2015.9878024333664,SouthCentral
398911,38.68755108424174,2018-03-11,1.3856586293913484,61549.83118761437,-13132.381218239929,5547.862025163495,610.5318856365941,54117.56245976965,-3644.010781374779,5120.619352994152,36.65903634215668,organic,2015.9969927140023,SouthCentral
331491,34.28016888522984,2015-06-21,1.1959819995136127,79200.94257665708,-14724.804873507444,13636.83481559122,264.61289793322203,11665.196221492472,-1939.3784936735929,2873.441356435431,12.73896902410806,organic,2015.9992293363805,SouthCentral
328326,3.8655001183692974,2015-02-08,1.7035794844616738,40823.87928274455,12983.986126498628,24.08575983199262,1085.9936009359026,-6512.565927333713,9961.635700967408,-134.1971101311458,180.55298589906408,organic,2014.9987970446448,SouthCentral
208615,34.7065697025249,2016-07-03,0.9722606496120924,52018.39755908983,-2353.516319446243,6136.406358361456,1043.4784181401892,12789.961551621636,2706.916563682093,-2284.3973832216943,-81.41440169836828,organic,2015.0220929062084,SouthCentral
861793,33.417609873022926,2015-01-04,1.4142769641149433,95179.59608995554,86346.35538464363,899.4920005382064,925.9641133892616,4174.986497008672,13263.444438040726,3522.9270654970715,55.23273530963653,organic,2017.9868143167744,SouthCentral
296491,3.8578050240781616,2017-03-05,1.3534065501400634,410568.1552618809,1241.4674898275998,30306.27257473429,1639.5325591533433,99918.86182488655,62043.31171218987,-429.4104668069647,-134.71399857141768,organic,2015.0243527578657,SouthCentral
875091,27.578488907989907,2017-01-22,1.9105437776574976,22400.06236350515,1635.3774019573266,19347.201947777503,861.6748169648117,27636.975346895168,-5525.689566738903,2452.8689025042686,-8.201486988791196,organic,2017.990540828529,SouthCentral
