Courses/sentdex/Data Analysis with Python 3 and Pandas/datasets/avocado.csv
,Unnamed: 0,Date,AveragePrice,Total Volume,4046,4225,4770,Total Bags,Small Bags,Large Bags,XLarge Bags,type,year,region
61900,38.41424976011672,2015-03-01,1.0630550485638497,4385178.500135861,441626.6487048529,2002266.5168151285,38517.92879155173,235961.00217702912,180637.3714659264,1142430.2128702537,14223.15688039297,conventional,2015.01761721378,NewYork
150706,1.450603065209656,2017-10-29,0.8605602761992462,6504323.113834427,119119.90683816918,1570618.2624234348,132661.50201557498,1189367.25918328,7348300.043146903,857304.5203115836,7054.747919809694,conventional,2014.98855400952,NewYork
806624,43.99567426781172,2015-07-19,1.1408811459912744,786815.2019286412,87016.03930453217,458073.0457478048,116162.85630079488,82719.5893692291,621172.5108951457,3311.5971975513767,1813.1283654395563,conventional,2016.0004845347084,NewYork
611920,45.54771931357002,2017-02-05,0.7275594278188489,774947.0371270652,559160.3640903567,324570.6653080005,17840.31328526511,1683457.9768164044,1631643.3199069211,97887.9885381313,1891.17765769002,conventional,2018.0117264814344,NewYork
621460,1.1409569141501743,2018-01-28,1.2616469204843666,-13456.727304089249,1494.6211414055897,28302.55170920196,6837.343863200679,83943.9031683667,64448.09083164565,4137.595070412898,-185.3351067551829,conventional,2014.9866390309032,NewYork
985199,29.13220540537228,2017-02-26,1.4154203649968065,1211534.1559551172,141812.1715585632,261016.3542581368,144496.06565916928,14176.718123049484,6616.243405510759,5233.928337513772,2309.9222859177808,conventional,2016.0158779183173,NewYork
162775,8.611571248749845,2017-10-01,1.356363251393755,123015.69315989332,39256.335168801445,16246.810031047167,1735.6660189170825,2047.9738563599367,32816.25755160005,3053.18538188918,-62.18766699608244,conventional,2015.0149455659764,NewYork
619708,28.1014878447044,2016-07-17,0.9547156003572168,461608.3172179336,14749.706042597363,109018.79979163856,1744.5985768753862,78750.5384622633,33772.87861615032,7899.881435852133,2.422184915100445,conventional,2015.0101447605696,NewYork
135158,2.174779145327853,2016-02-28,1.0563270903865167,38070638.47494956,405829.6791375531,1156702.7968757278,127961.0834687576,19966.36119833544,46734.3058569405,44794.6192599497,36399.38295785094,conventional,2017.016192290438,NewYork
22495,12.76731487287082,2017-12-10,0.8272762672022448,643645.2194667276,1695928.5797983326,333544.7522517585,15642.613524074684,1023364.5840431616,163951.1900383823,1360.6664263026084,51365.21792088015,conventional,2016.0160786141612,NewYork
945154,47.11429543671331,2017-04-02,1.2969577031366588,30823.900986725926,1723.8786425269857,-6847.147301099712,1408.0997139900242,10364.648879268148,9641.545916900206,272.97421689107045,-221.33369352166704,conventional,2014.998152648202,NewYork
294796,36.870950467642025,2015-03-22,1.3797018154741487,6526148.782189027,7983.604871603948,83100.95605179091,46441.02327086858,80505.77112170719,34099.359379963,31292.588707424125,-61.70206863893121,conventional,2016.0157988265532,NewYork
697026,23.832772325390287,2017-02-26,0.9242659814553836,809861.1313496776,566004.4298002643,123223.53906148998,12966.533253165377,43528.758195144896,51116.13226332613,3470.7615737822457,123.35308187743142,conventional,2016.0202028553888,NewYork
218586,36.71855154570267,2017-06-11,0.9534344373833036,531544.8155253418,59079.424786181306,471388.8543740355,26705.287950150934,91856.88335663282,59139.41849278844,7789.1223753923105,-141.15031533802818,conventional,2016.001592804008,NewYork
796176,1.5126325141378278,2017-11-26,1.7074636950925377,-2435.713006309954,24937.416809561226,-5221.726758449635,329.32173474319336,-8534.909406114102,-9009.520196016314,1354.613951668695,-115.00605493801577,organic,2016.012621769089,Louisville
441078,35.0701593488129,2015-08-09,2.002508530433061,58787.73237063365,10662.626265480438,14144.955971852043,-787.3416815746721,821.652705800032,2120.909148919267,4736.458001942674,91.1062359182658,organic,2017.987801407132,Louisville
490145,4.572313065218906,2016-08-07,1.7841071828869035,29078.609525911423,10411.96181622949,-23628.923597057445,593.2583001504772,7315.073675947185,13849.988834776035,3459.146963366585,-24.71130679776501,organic,2014.9898741872332,Louisville
561049,27.23019226243953,2017-12-24,1.286599140093431,47350.75073003111,3671.643725226954,-3561.9768277411767,-1051.3662766221985,1430.4671675807058,-17062.986466347316,-41.71851399135744,12.916088481858257,organic,2016.007453284456,Louisville
668028,14.176902601661752,2016-12-11,1.5020905552009012,-4481.205074996724,20968.607482651507,11795.76491329006,-193.5881657311681,7771.6980532970865,7367.663371964201,16235.233558151358,70.14593760235101,organic,2016.007853586124,Louisville
518505,11.937730471110983,2017-05-21,1.4495422315259483,88107.83856541952,14025.45130254521,6357.458967110727,1172.5365716095523,5396.068728744348,-550.0825455022223,15293.530680446893,51.21164903386428,organic,2015.9999784067556,Louisville
914834,23.67829115981124,2015-06-28,1.186145740524002,81957.20495956126,13708.06721242814,294895.094901822,-55.78027322781827,11401.974982174172,-3148.712486204903,-1667.6772869179506,12.702539035162763,organic,2016.0162644945328,Louisville
749403,20.099316938210347,2016-10-30,1.5605314789686315,89496.0373926451,5303.16354346497,-25565.472965548164,1143.094659785577,20969.355372524675,4041.9209603662034,-1642.8913769425783,24.45615450428033,organic,2015.0051059834664,Louisville
528012,12.193883157642244,2018-02-18,1.9460899070189888,13601.485478998347,-3730.4045072337294,5491.646609877958,-885.5507057432692,-11689.44505055083,-12719.987571979573,1533.0788504528728,-25.4172403596362,organic,2015.9937485128712,Louisville
71322,15.077388867141249,2015-09-06,1.3294469964708882,114271.51430412488,22627.486939648534,10670.762284722392,-134.48275325051907,16821.85203556692,2647.7488111607063,-4330.4779175842905,-103.58962223085798,organic,2016.0261726546044,Louisville
573852,34.91745711969643,2015-07-26,1.1361074851817785,56053.12358417052,7291.676302203739,45871.47574516721,-580.5169507776579,10297.816058032797,22605.57935153284,4134.871573285646,115.78365400543352,organic,2015.0105944216025,Louisville
9759,46.95189497941251,2016-11-20,2.0200787815819425,9302.071630324275,-2631.084685311148,2131.606258959549,360.8629838742493,10414.822152480803,-3497.3619442269346,13708.070526349273,36.77500907280546,organic,2015.020311461896,Louisville
327189,25.27295445037363,2018-02-25,1.7277865417291358,121396.45580166204,-3782.092033218333,-25508.874218082587,-669.0355231446301,12615.771970783326,-10723.943912739334,2854.7281746607687,67.30699267033486,organic,2015.9857596158315,Louisville
113178,42.82755805994776,2015-09-06,1.7557302509384538,42967.4311122248,-9658.919796458897,-16818.559454726732,696.1578322459543,17961.19099307747,-29.431184928886974,2371.085658017122,-67.14329403415373,organic,2015.9865473985224,Louisville
713503,37.1308387141284,2015-08-09,1.7589819082160376,92152.38002415885,5422.113919119912,24632.91274970056,239.75458293965855,2421.339485872246,-5871.666401161677,1897.252690623752,69.73455000778037,organic,2014.9977953173136,Louisville
973542,45.14311269340082,2016-11-27,1.824772339315235,-45707.37606347576,2268.8928260000826,-8007.684231579007,485.6534230433127,6889.776738054787,-3589.0442081347564,684.4483129115689,120.6922407781452,organic,2015.0040190506888,Louisville
100218,0.6838355896206565,2018-01-14,1.832516013699333,52966.71500039345,-11169.147486814232,-31056.50482181894,1321.8729784645898,11005.947078174126,5883.163575827525,14638.927197768162,-63.42214937395392,organic,2016.005433712214,Louisville
283126,21.92760457419146,2016-06-05,1.2767700874694798,36508.939880401245,8762.740070901218,35419.03024440782,-840.0615237814941,-7259.895450494883,-12787.174640741458,19959.305790418388,15.710147288055078,organic,2016.0169861032653,West
639915,28.02709671921337,2016-07-24,1.5098990802150536,72528.26081748918,13997.203725164623,-11557.872901108642,726.7509427207578,-18163.80154628832,-6314.344799356212,9191.866183572967,-231.325964717257,organic,2017.012210387648,West
583811,36.37675371139688,2015-05-31,1.3483035784490618,-37315.65060818856,22620.972511511853,6195.966595834822,-290.881720971726,26185.062708055146,16215.246988413885,3211.175456317133,-31.57186483655079,organic,2015.000776143925,West
23485,36.990967426530176,2015-08-09,1.4729614858477211,32509.348975452813,355.334967069216,10409.553607663542,-86.29768834978393,4161.926168612437,-10246.493944342656,27348.97694512763,21.61264193503265,organic,2016.001546202122,West
140221,46.00904993955671,2017-01-08,1.851124696098556,-3052.3574015048944,8728.459451881386,-914.311416900424,862.915562530894,-8448.285784946273,-19063.60061548525,2180.135080884764,49.82092256441062,organic,2018.065860073261,West
789302,30.4712877395814,2016-05-22,1.2110001113595623,42926.408222957165,15751.105087065764,8605.926850624663,-158.7025898776613,7203.88111538792,1419.6719500049803,16179.082803937476,-59.1137354645942,organic,2015.007507781189,West
91745,31.728153487793502,2016-06-05,1.2661260074986127,6279.93198412293,16703.53462836417,9683.83858326207,915.9852380621314,-1415.5913101352637,-13901.700599471274,3861.5029036148753,24.851614200082647,organic,2015.0001409697436,West
898223,36.16612814073413,2017-08-27,1.257242899824774,1055168.378478201,20220.498806404616,21757.87472747992,559.5348089015513,21292.713755579105,26537.771143403486,34513.71522540054,32.20451921370724,organic,2015.002001930126,West
885842,2.9793991024111963,2017-02-05,1.4172953264224706,57403.820979360346,-12956.746862950817,-2560.332330472531,1578.3718713710098,-12950.094867886555,-17618.128981234066,3874.554504594815,-106.80365085838272,organic,2017.0167555866312,West
153018,5.271362288768199,2015-05-31,1.3238674137358388,399792.1461205599,22933.747571766093,12120.971084493964,599.4558436018464,41738.22128101968,49762.764412628334,3802.167649253756,-76.93444063020827,organic,2015.0198530379107,West
647578,15.586812525001424,2015-08-16,1.3485406307465413,101836.75719465068,10461.08578522128,14164.808191615874,671.1436464885054,201912.9414056865,63769.32635489237,1597.6626394308396,-48.4555498882999,conventional,2015.0064755616304,Denver
578277,29.235056649586653,2015-12-20,1.1939960006862664,232163.33488469548,106011.43336909826,13168.127013056292,1276.77352088035,354966.5063609993,39250.75745765738,5855.77035832492,73.68742040829308,conventional,2018.0143444725804,Denver
574505,16.745302983166066,2015-05-10,1.463860417954978,120994.54079124036,21748.256928411407,96798.56623977884,1524.95431547716,53192.42333065096,-10020.191094926377,422.03064554034063,77.05360082406007,conventional,2015.9972430636567,Denver
431162,21.6041324533524,2015-08-09,1.2900181328032616,16624.354466450717,-11864.433649081571,35238.22191393001,1862.263368183007,80064.0203162006,70939.32630277865,3046.067873445223,-89.30980562579555,conventional,2018.0219573254644,Denver
875487,47.14912353388415,2017-08-20,0.973061149483582,859472.2915194705,8059.094885151649,140599.97571589073,12875.344804988175,22146.45794146584,56793.8797991911,1621.2984063109425,-27.599983577203272,conventional,2015.997611083906,Denver
758794,15.212077757515903,2016-02-14,1.968663200610793,151961.9201270789,2928.006402784332,28736.31820719968,515.6145785866058,44580.28150436493,58257.06081472831,4838.273492376083,143.68862854166093,conventional,2015.0090474562696,Denver
638194,6.939772351791781,2016-05-15,1.225567199519456,340080.06083230453,175308.3793662708,419059.17761291855,15478.578532725069,107732.00954154565,28995.367170249767,76951.01323099095,32.71213710908599,conventional,2016.9968966361607,Denver
835009,21.7787579434913,2015-05-10,1.844652855226856,27032.037077894867,11386.173436938956,-2166.367660778731,411.2283814432215,14130.134107069824,-7169.7910494286525,26190.024680623468,-34.58249175615329,conventional,2015.0073559772447,Denver
926612,19.145874723381382,2016-03-13,0.8180926504362382,3176408.9071670803,606536.2055691791,254871.69619897465,14743.766366093932,1120499.3783552109,1690653.065727214,76931.15746333583,18365.60335670221,conventional,2016.005130650468,Denver
439574,24.5110412010858,2015-05-10,1.013787324100324,313563.68310697423,2931.951277584184,30739.36201849195,11970.81081668055,-178.83049871752337,-10510.62692076802,1140.9251761150608,20.761882750450777,conventional,2015.0058878725767,Denver
555880,39.33835113534149,2015-05-10,1.3446052953538477,3395135.154255058,433252.4181789531,391155.4365661351,6568.816603593314,1668370.3503243905,279590.3726069101,3106148.8801756594,15309.811349961165,conventional,2015.0187625624997,Denver
518470,23.949995332883883,2018-01-07,1.3875300730823974,214421.0033195517,14272.313589983836,347971.39867221913,169289.56607797177,26710.266646288983,70174.59866800865,4793.155836835431,-4.399460037930059,conventional,2015.9948779160245,Denver
179721,23.910257567667124,2015-08-30,1.057725608426708,866804.9815074941,-1022.7165114569616,44283.93788075087,20946.122700021733,47055.008114266246,71352.91797661064,12167.33983734695,-39.19478478100434,conventional,2016.0055238214584,Denver
