Courses/sentdex/Data Analysis with Python 3 and Pandas/datasets/avocado.csv
,Unnamed: 0,Date,AveragePrice,Total Volume,4046,4225,4770,Total Bags,Small Bags,Large Bags,XLarge Bags,type,year,region
870484,29.303084395366326,2015-03-15,1.79033289021472,-17561.371253304416,-5567.156634813368,3533.1670313925806,1888.2371815048136,15319.80505538379,11741.662823266306,-639.629527881654,-165.90224380730106,organic,2015.9937525480725,Albany
383968,45.234024383470086,2017-03-05,1.396834109772774,-36420.74207690744,8975.868126186559,7966.101570520402,1644.657998906897,-12362.5260317113,7067.479439136901,1786.1250152482155,163.36032819990572,organic,2016.0094981772804,Albany
451046,42.70973319372571,2017-05-07,1.869620665883724,47840.277591038925,5703.10131039637,-9742.04081011981,778.6564721877336,-18384.22950282442,-9740.458900608532,-727.1532914401162,-12.55540061978829,organic,2016.0005316380052,Albany
735387,43.51163203474946,2015-08-23,1.3193687589879706,431401.8229943733,20126.8742895095,-14678.244140845947,442.28478689828864,25811.66083475427,85615.25344185614,3173.091459453897,179.49322165329474,organic,2014.9937756617132,Albany
104033,8.7977449889435,2016-12-04,1.625273537167632,-33540.84612754444,-7337.011629744077,-13676.858517257328,-877.955564960286,1572.0363722108232,-11921.715808910198,-592.8676877883856,-30.925545572754228,organic,2016.0043220124053,Albany
502323,7.181935867249154,2017-05-07,2.0729602543781587,52736.042085005,-11408.575267090688,-19107.172049712128,1011.7019213107706,-8668.501111256131,4676.946228832683,5960.637656203368,-232.4937617762737,organic,2014.9871677239137,Albany
47638,26.671463291393454,2016-12-18,1.8220070791114755,-21684.37824298932,-4737.8929589751015,19144.356372995026,767.0379045973616,5528.4948336461775,6866.072940392938,-2086.1360279842147,-48.87801341796265,organic,2015.0241427352853,Albany
559383,4.809171863280203,2015-10-18,1.7029504895069874,9681.998779716308,-5409.224446468273,-13238.670008754174,112.95938779332327,6057.1858769252585,1812.7469029962776,-1448.1213315496414,-61.99455721882963,organic,2014.9930030178896,Albany
343402,32.3681554949541,2015-05-10,1.372651629589734,11661.54851571402,-1972.175703784652,-2574.205719468897,444.0802730727525,-1158.5088020985932,16342.67288275668,2429.3131941761726,-137.7794858259714,organic,2015.010586854296,Albany
161051,0.1210568410732406,2018-02-04,1.3409307004023852,12380.031443254193,8781.941083994943,23068.736990321515,1231.1518268436596,-10469.66662870241,-8543.269517856006,1947.644564835646,-196.91803803215169,organic,2015.026485032183,Albany
18242,-2.660566644540379,2016-06-26,1.6886208686630575,78184.74868509453,-3705.908722375746,28070.380600354096,1070.8392683334914,-111.6809067701288,-18445.08410974621,2105.5316751933933,-246.49839782264112,organic,2015.012765728097,Albany
818777,31.394180580546127,2016-08-21,1.1382496576473489,-21805.45570693285,20050.40123532416,-13669.67975097662,700.5637864049754,-1112.2047043308758,2453.535874330276,18417.08398972306,-129.5092378986552,organic,2016.99535197296,Albany
377693,29.35835143714808,2015-10-25,1.47726642506466,46775.29537076732,-9149.73232934617,-8227.234003940628,420.1948721128488,2957.6219114785827,-13453.951588196043,1143.3734272695356,-118.74806310444409,organic,2017.0282939113445,Albany
445782,23.83044569440518,2018-01-07,1.6351427770635654,24717.54844880813,3910.59563564247,10051.60318297204,1311.0994285135191,4869.931181182195,-7570.688925645597,30233.72208502546,141.0136953374018,organic,2015.998140777684,Albany
994630,26.26150934949152,2016-01-24,1.777583978878365,-37929.95361347951,10873.600194142233,12432.29795492275,409.5805789636041,-5390.107393533988,3537.8618368376965,19552.28859341668,-33.69738571858116,organic,2016.9948396983543,Albany
354476,1.5944991206225718,2015-05-10,1.317108831136148,25648.826910744923,5837.657201329154,5064.114860438353,-396.33572710525726,-16355.715881478978,-4665.095372399964,4115.599494335209,-86.77154886133393,organic,2017.0022760286931,Albany
437109,11.432168468664324,2015-02-22,0.971516735418776,238754.2915671144,17944.64927762169,38586.70815999978,1377.0988323239892,10657.491864947837,71464.19797702476,-1752.0214430248827,135.10170275149494,organic,2014.993578345828,Albany
844733,26.68926102187544,2015-06-14,2.1253735712353112,601.6150010371566,-7604.424587387074,-1179.1864857965102,-689.9187606976589,2362.7115334919035,3227.840390209166,2213.9590944095776,-11.890405072292683,organic,2016.9909920088555,Albany
949170,7.622095436272728,2015-05-10,1.920355894791055,60278.58257080432,3178.669892620238,-167.8031109019048,485.2266918479124,-5075.714274018632,-10668.71643708738,1559.3968921225546,-180.1812714142821,organic,2015.0074556931927,Albany
196585,28.66642669317569,2016-03-06,1.3401559898981397,38951.00422505097,-4198.001332266183,-6313.01497952211,736.9638479705895,-17821.12087467491,-4614.389964314411,-745.9457659287898,181.31446892079308,organic,2014.997804473843,Albany
426268,-1.1452954748999984,2015-09-13,1.2219800250223611,75670.70598467445,1279.7251240511969,-2266.1559969185582,345.23618822088906,-7814.228249306883,-6078.711617147496,-1665.0755137271517,17.085181184908674,organic,2016.010286763824,Albany
942668,46.12912529246982,2016-03-13,1.4091808168489028,1603399.8441734922,99899.54069984102,102122.72408035364,11545.67102642576,76220.84700930225,62973.78392058315,830.6941540963584,-26.136546939621308,conventional,2015.991018270814,Houston
126266,48.0680857408392,2016-09-18,1.3153243627112992,1568950.2069347198,219.59500806573035,-3623.056081207191,1014.2053290142776,68334.15313446619,52628.16165275299,3909.344056282779,45.19341885502821,conventional,2016.008023907136,Houston
806080,38.47256940213099,2015-06-28,1.136425211532688,509383.1183184529,6006.660019882995,-2120.061175172974,1871.3172991007584,35724.45698062661,65241.44499495343,1926.7096174172216,-66.81573998256155,conventional,2016.0018043036555,Houston
439326,42.41652407248668,2016-12-04,0.8866341313423913,330785.9220138354,3119.2233373354334,-1638.8440855517783,1930.274611978029,3346.6371256421035,85988.13379865629,19774.013352915837,66.7900291426185,conventional,2016.0012482588604,Houston
661154,46.05335696153353,2015-03-22,0.9049164194699648,63113.88986789086,-11215.95926555427,10036.56735158556,2382.90041724919,9886.233894320854,35031.862933010794,7645.042146837337,17.136663621823907,conventional,2016.0152166053267,Houston
43287,28.379064012917556,2017-01-08,0.8681227165714895,1211678.3490817123,1570.1098357576077,-4878.721621585855,14443.486896368668,-791.9710191011382,69392.39406082654,4342.743043432844,6445.828806160222,conventional,2015.9973118619007,Houston
590465,23.848630057167828,2016-01-03,1.0054252886752806,3588182.200230524,10516361.868973896,2503912.196605784,33906.80696783606,789525.0756875688,464601.7822264504,175679.3815772967,-87.46943264531131,conventional,2016.0070151683376,Houston
621583,37.43013938735709,2016-03-13,0.8630960192804742,638076.6437387802,75325.04763495253,3949.771019331776,8653.223950251548,49472.93896021648,44098.65754741039,4750.478533558203,4717.867081033115,conventional,2016.003249327891,Houston
398660,44.51987903268086,2016-12-11,0.9141099595326496,1214348.689954802,-7182.179311400397,80710.56101583,7720.228479781662,60287.61577812152,58749.0290484168,3302.3282539743614,5.377333534482247,conventional,2016.005415408068,Houston
655302,15.061169867055796,2016-08-21,1.2939897178026238,1149132.4937514465,5868.096862190895,10575.495059168634,878.3072161583041,2732847.7921699947,34895.624587830614,35610.26815933189,-55.62499568229632,conventional,2016.002830913741,Houston
620243,3.604589333502555,2015-04-12,1.6602944343426282,31107.32184662813,18467.885459197656,22134.550244644517,2506.277838825738,90616.55982903478,86786.3551116857,22529.67969143991,54.83233126747125,conventional,2015.0120814569416,Houston
320895,24.497774830795837,2017-08-27,1.7329302767349375,-13673.83583546331,-18826.64189309629,312.1312676753605,-9.985633573702556,5823.248169014736,1763.5230737042557,1442.8714006843948,38.311217050835324,organic,2015.988871800378,Spokane
507607,2.7224660783764625,2016-01-17,1.0453544297002644,13552.839439995983,25636.598196899984,4068.9938554478495,-728.1173915857678,171.50196153741308,1655.151728089003,1222.418338891751,-83.63804797469973,organic,2017.9609368991653,Spokane
793248,47.80652741599797,2016-07-31,1.7218715809001777,51853.80841406295,-6278.840159567305,-5028.949254025649,188.23574895112583,4535.331424666909,5013.134163758388,33540.07458994041,-92.00736010416074,organic,2017.0050979263356,Spokane
404452,42.90643337385733,2018-02-11,1.4786748502747715,114975.95570851446,-1762.750271001002,3770.739016848476,-56.31100868070712,8950.648390985534,-862.7383114977883,4819.71292122724,-93.34569060925286,organic,2015.013980297879,Spokane
323744,34.32405161849279,2015-12-20,0.9075227291857316,63893.83854058167,1207.3449344359742,45213.09658486083,1224.7947915117288,9591.518671561207,75064.73262530378,262.3987157199524,-67.33418163326589,organic,2015.0238005843487,Spokane
760646,23.42610596324148,2016-01-24,1.1126224543757992,22255.39548148232,3393.769066109821,4636.131948936203,5.890173751003715,9009.267040793478,-12970.544950328009,12974.205693050117,-118.00684434989444,organic,2016.98701150592,Spokane
432714,38.13191399320509,2017-01-29,1.569909027026878,-10234.910041599673,-17336.70679029897,22160.824056289603,588.2517740711377,-10199.991578767234,-10710.567785758514,2090.4124382130203,-220.5988466756735,organic,2015.02070916076,Spokane
192298,33.094195707767774,2015-05-17,1.849438699494695,22954.81073629271,-19931.281671427987,-27635.74303562205,1522.1727915465517,-5606.588159870265,14772.587462984957,1295.754630810357,16.126023557628383,organic,2014.9846007955773,Spokane
737125,26.28729790356836,2018-02-18,1.8826276932313524,17600.38857936163,9422.56361481671,9734.414161619552,630.4108487484954,-10262.298034061516,-1746.6778512946105,5082.257477194455,31.44721213910214,organic,2015.9981257073537,Spokane
645044,25.439954823482378,2017-10-29,1.4361461434538827,88648.29747311251,6994.186942219362,10905.262634397986,-209.45033848921415,8285.940993515836,6882.46245409553,2827.2900601132715,-93.74796977027616,organic,2016.003534497285,Spokane
205685,19.59172843508765,2015-10-11,1.3348823279326,57144.99003866362,20573.92907907296,15358.965718995978,1324.463256802362,-12625.481966497317,1993.1182802883088,2869.1610688962937,78.9488041775431,organic,2015.0105778940383,Spokane
527300,42.70677936881142,2015-09-27,1.583105586948002,132169.36456489871,9036.280092857598,-18333.361282565915,1143.9461511315951,-2818.926640788861,-9636.504105240729,40908.18748332275,-55.811279128047374,organic,2016.000256806916,Spokane
262317,4.910740996600563,2015-09-20,1.6630583906135246,11814.643719763884,1863.3195450558376,-23586.8217756733,1456.0894103785613,-7.248537653729727,-5366.315051836665,3049.6267289350358,-192.55951275730536,organic,2015.9828937819832,Spokane
221271,40.49134510417167,2018-01-28,1.4234395298643452,118189.40599543738,-8252.725316791733,-21385.19073717648,206.7980360653714,7629.58229233543,6046.018897492859,1325.933559284718,-33.020130738871345,organic,2016.008244898159,Spokane
199848,34.37963493593179,2015-04-19,1.4745489351786452,108111.69576989509,18347.04905346003,-8159.00834340391,386.38629140315385,796.4550574896475,10955.147929964627,23005.856427653183,83.69995087740362,organic,2015.9990706641083,Spokane
115566,10.076431607765883,2017-12-24,2.046823225251293,44457.73345442305,1585.2143864748114,8707.470051614664,-451.1646957271778,-7391.900160948348,-529.8991060061453,2898.927330947157,14.158308533952098,organic,2014.9972283128216,Spokane
121017,27.2397863206568,2017-07-23,1.4310842806309951,152553.56641551046,-4282.202474616609,4583.9993947435705,1676.0146089487152,9555.86160952822,-8850.479578383642,-1888.5470911644104,19.20623836023008,organic,2015.9966950378375,Spokane
557756,5.5580796988760985,2016-01-24,1.684830308096001,47129.99123223107,9490.856936205832,20977.66554884808,-184.6785008251082,-2345.7615648396004,6521.685008886057,650.0924913565714,-40.40238130020319,organic,2015.0153301576277,Spokane
910566,46.51929322491161,2017-06-25,1.7847260249094148,35710.085101960474,301.7612311116054,12055.41762573907,370.5596019719368,9232.762067530452,-12757.619673335274,-2167.0619896227427,-153.4086689219481,organic,2015.9981228293505,Spokane
853592,4.874407591282612,2016-01-03,1.195823056268521,584263.0378101198,10285.869734890575,309.7951816301302,141.07505772340514,-12117.829234353068,17234.328678264043,12838.097954070405,-66.35009129208885,organic,2014.9925085354837,Spokane
605300,48.15919482701933,2018-03-04,1.4336345874185663,70339.3748058322,20565.57737113043,6750.782675529463,1711.0196409658265,-3075.694069490284,-11104.497182596322,17958.549445258355,157.30920229409975,organic,2015.0254163111524,Spokane
944864,49.4494465684605,2015-03-29,1.9138241218255767,-12720.37892403565,-6660.797679101045,34850.095592471785,1914.3779368948003,-14723.13907141166,3261.410074785141,2934.0874216396805,81.97110627128686,organic,2016.007775949492,SanDiego
321634,7.14162755119432,2016-08-07,1.3595847016706373,41361.7241495986,3770.3687323402783,37415.1628751944,199.90827615278985,-16019.922496193663,-12775.517145161137,15506.785952066242,62.63497798374621,organic,2016.003225343645,SanDiego
444778,20.021598245338527,2017-10-01,1.4781486455512982,4111.8662794870215,5743.223507791083,801.7671863285814,1090.1797383942314,3996.913998288923,3091.734250939682,4172.01803254183,14.4206042046753,organic,2017.000538417083,SanDiego
677410,22.15320160345512,2015-02-01,1.864599254520649,37287.69272313199,22644.34578077044,5457.297308459575,863.135343065627,3212.7516041874496,-1352.3733620695612,290.1067090450258,165.12526697141732,organic,2015.990941819845,SanDiego
664628,33.57076530738396,2017-01-01,1.5065267877690822,49922.82462585546,19709.5709604053,3518.122487911098,203.54183391880608,-10161.706540031822,-11195.317239918448,2460.772502509551,-139.86710483814196,organic,2017.000743914741,SanDiego
136355,6.520560481464456,2017-06-11,1.1363515237093595,123320.69659143424,15848.974056107663,15881.466771454936,1955.4898081373285,-2895.951940244044,29415.32835069074,-635.805654470297,89.50293688660827,organic,2017.0184391968944,SanDiego
358371,38.1378292277847,2015-02-22,1.2813931207454765,22744.528702702773,13936.40559393909,13952.830163248747,657.7107773833382,682.1353828531228,-6200.425121839525,21470.219315918504,-79.84062018354095,organic,2016.002339723836,SanDiego
580913,5.806012018998541,2018-03-18,1.3037616323969403,101398.92069074092,3613.471512971979,28537.27048354508,-984.0786413410706,18198.72940056915,-1019.7791591198738,22788.286707963645,-60.44787129634214,organic,2015.014631567073,SanDiego
844176,26.708275495420324,2016-01-31,1.2669724867449077,126823.95437340232,3894.663589451351,703.6789532989205,1892.753586503571,540.2250033599939,451.75997396848106,2932.8472957446734,100.20287444365329,organic,2015.0114574513168,SanDiego
750495,34.596173639227295,2016-10-23,1.6698998345920242,21108.013036459964,-1849.416630302414,-7061.584318280829,401.4143912453351,-24036.420300774786,-14069.539626973434,1683.9430665874952,-129.3523471282658,organic,2014.9984613759837,SanDiego
942531,44.51291269228694,2015-12-20,1.5565154919998063,26075.627868062067,-1521.847869804651,-2980.402170543901,1426.46514978774,-721.9122590583775,-13322.021694320913,-1509.8586589329375,-5.034628461753375,organic,2015.025806004385,SanDiego
907404,38.82115313773094,2017-04-23,1.4116864549315604,837472.8934327958,5396.902410640433,-10956.078715999376,29849.421921471017,-3857.785735138496,78059.88970709509,5178.209965111339,-107.31910630115873,organic,2015.004196545667,SanDiego
95792,14.300081782364868,2016-08-28,1.996067652018498,-74872.05588871783,7186.891149976226,-5666.795332833468,-131.16221186233946,587.8870350725574,4627.447584742496,7328.61500176221,-51.45969004519516,organic,2014.996455905292,SanDiego
660759,22.36510047650257,2016-04-10,1.9824380071085983,80933.81308331569,3258.8141484646326,16060.32608182255,671.6255578963244,10937.77686114078,3931.822310694101,-444.86069770272456,114.84406715097462,organic,2014.999669778315,SanDiego
844969,5.60935116272772,2017-09-17,1.8358031567355388,-29588.068749103462,11602.778172483544,8372.177919142894,954.311390122771,-28491.39854288689,509.6604112136956,5309.319809489231,-107.28429051240212,organic,2016.9872256025317,SanDiego
