Courses/sentdex/Data Analysis with Python 3 and Pandas/datasets/avocado.csv
,Unnamed: 0,Date,AveragePrice,Total Volume,4046,4225,4770,Total Bags,Small Bags,Large Bags,XLarge Bags,type,year,region
714003,2.9022945055334746,2016-01-03,1.6020761591204324,61087.95709565097,5667.919230999211,103223.16717862064,191.091621052588,16179.075210900177,62830.74890067983,5422.872646953093,-41.03641116983309,organic,2015.0008836242623,Detroit
751909,38.04050721178373,2018-03-25,1.2492035988518853,79234.6285996717,-17120.491097554,5544.248372615639,-176.3434406805814,-1800.6511188402185,3031.775841247503,4969.897979886297,-62.213644008863824,organic,2014.992960700639,Detroit
246706,27.12868019492866,2016-12-04,1.9604200940873333,-34733.35315433728,-279.03457621487723,-11707.837926113409,1353.6305243313295,18602.82927953281,3318.473985419714,2854.5658423228874,-85.19088608475867,organic,2016.0043988804816,Detroit
407836,27.444998045812497,2016-08-14,1.7658408160561905,13456.561282655644,-3669.86733689968,10832.422208253938,-86.89106324419936,-1519.4863046798928,6837.0144373928415,-461.3112522626104,-116.5918312211439,organic,2016.994911773832,Detroit
800599,40.13372357134895,2018-03-18,1.3462629416037832,101394.14248310572,395.6726131043479,-19872.89301435753,546.1844885985113,16814.249055227323,-5563.268186713766,30043.47315946389,83.04778403921894,organic,2017.0222715135287,Detroit
421194,-0.2437644976993485,2015-02-08,1.2249041648283676,-4167.16572810676,-6434.675066630104,4318.517590659923,1225.2183672271792,32991.39491001592,17557.355013371955,886.1854333810746,119.1983078666194,organic,2016.9904754966365,Detroit
353183,40.62403557044664,2016-12-04,1.6436684737838465,16064.222089731817,-6922.733336268003,-6820.528117117092,1776.034028708502,4075.634057297336,-116.5603042517114,1794.7652248194415,-171.96292757594125,organic,2017.001536027796,Detroit
37124,26.723682312035116,2015-10-04,2.0030932796733585,33961.93405470915,31940.62277716012,4788.128758953673,697.5249416738692,-18673.396945499568,803.4032818688092,2399.145354529633,113.57266166035696,organic,2014.9897365248776,Detroit
778100,47.81686123925029,2017-04-30,1.821765610417805,37859.54738598595,-574.5080253052265,26612.324381010498,1217.989298284342,-7200.31452810058,-2647.432949037334,3263.607991310183,-0.2338972274036415,organic,2015.0094178773868,Detroit
811762,38.7289091611745,2017-08-13,1.7329600422812608,21210.73001603628,-5097.498026855182,8787.756363095072,-337.68054465207075,5337.18562009252,-15084.953023465525,-1769.9316721438602,-147.9708741702821,organic,2015.005599763785,Detroit
276975,3.3549221189627243,2015-11-22,1.660788070365397,66600.81585885468,-9844.299889746886,-7034.397603538151,677.8362657568828,-9040.787642370278,6345.722683607338,3534.090223908817,26.38182635448045,organic,2016.0052076084935,Detroit
533736,0.8945720574651275,2015-11-08,1.56035611545103,56058.68566324376,-255.89156656642623,-713.0993599306075,757.386909857345,-21174.690008883957,-1459.0448670397482,-349.2421911023291,-10.848548086775946,organic,2016.9807359237132,Detroit
241763,40.5749513083287,2016-09-18,1.4007498139892052,14304.253488274608,-10253.15173174416,-12373.588845208977,1189.8971723937716,-5024.312849827342,-9103.702353117713,3214.7636794788023,108.88272722936884,organic,2015.0062854143048,Detroit
768154,4.014774519223618,2015-05-31,1.8109890728139195,-15320.316893379008,-14335.403252661112,23062.5009971784,1484.2239227734442,-7875.427094422661,729.2383383500683,-2441.03198769173,-160.5109500058504,organic,2018.0345133924477,Detroit
891683,47.57310194215286,2017-10-22,1.325953094105778,30019.38050055578,-7183.695187167107,10426.760928728989,2698.936508024473,110135.36379238222,-6456.050222383202,27927.52922974356,-59.77402698555383,organic,2015.019559761966,Detroit
407634,45.62490339584859,2016-09-18,1.7267030477273626,9766.996004622568,2093.4007039909807,-17628.035049636455,-478.5198316989088,-15373.580732483815,7876.481446278258,1528.5787610800662,-29.15477920148948,organic,2017.9733774061776,Detroit
178653,3.0634009496689587,2017-08-13,0.9464067433899118,1092176.2300388743,2614.0654134000342,19672.311819217022,19426.570315328765,15923.170867617078,3831.2306991876135,5220.5249320785615,135.34499380545674,organic,2015.001358664496,Detroit
492038,40.6644429467442,2016-09-25,1.752026587533554,62026.02626993669,-13972.067019681836,-8251.81704686305,735.8134811368254,-20887.927220767364,-9821.140622654726,4559.686288684284,108.56692825045783,organic,2016.008042851175,Detroit
249499,9.555384984410177,2016-10-16,1.8757218229974677,-2122.590448188799,-8396.121407832143,9809.014275380649,-1153.024592994122,2586.008548330692,-38.64660502465358,1161.987771638226,5.160299138191441,organic,2017.003542791012,Detroit
855516,5.196767069062526,2017-10-01,1.0441920849562276,70209.58569736808,704317.0106786336,132365.3992278439,19301.74867364321,29406.70490294644,25143.54891723664,5533.297118489422,-198.33735569473876,conventional,2015.0101092202224,SouthCarolina
567160,32.2128921742754,2016-05-15,1.3981192467845864,1423398.7861971655,75439.582019503,152413.20809182528,20873.75675803536,60844.07174464211,63448.9024614781,1395.9036830846303,143.98219575184785,conventional,2014.994255452558,SouthCarolina
896195,21.295554620962164,2016-10-09,1.0686163477867583,612043.00425772,115286.96855390948,80805.994158719,13565.022827178502,17593.67408399831,-10006.41905433336,-1909.872071645436,82.10152565667931,conventional,2015.9983609547971,SouthCarolina
539498,44.35211917417471,2015-09-06,1.1320975105150082,445361.12903936335,3117.7338454823853,136731.19934145248,574.8649261491937,67980.38456437388,32820.67971172705,-742.746512517466,52.26114382042853,conventional,2017.018159592505,SouthCarolina
230553,43.11659569025335,2015-05-10,0.8273268843168725,6889944.513669923,567366.8924806002,1060322.1067571044,115348.462342013,232814.3483533472,251097.90605728683,437957.8937761759,792.5092034694652,conventional,2015.005254278744,SouthCarolina
573772,36.844011007384346,2015-11-22,1.065736622835757,959197.014822774,58744.22727506292,325589.12823839945,18016.533720145475,62209.1663384339,34198.0502379029,2464.088973438715,-76.89148517770049,conventional,2016.0228458999836,SouthCarolina
681973,16.276469980297342,2017-09-24,1.0377857982160743,419598.56051503215,16426.147591942245,29197.26519701508,1956.8453082923045,80015.65293937782,63760.213556771945,1825.195702593427,-73.55232544939217,conventional,2018.0125447170324,SouthCarolina
238865,22.603715553923752,2015-07-26,1.0214868361044722,1153923.0825523231,30010.48391069498,555117.9813020711,16352.3818485007,115673.92328274452,9378.450745823364,3212.6232825396487,18.82359020803676,conventional,2016.003424196474,SouthCarolina
922467,44.14652871333851,2015-11-22,0.943384191120908,319868.26367382705,-9922.029777637534,7054.67112813189,2138.781349210679,13155.814693101318,2578.367436450091,2269.842381479658,234.2888287999071,conventional,2015.008524688915,SouthCarolina
974649,26.33569692979836,2015-07-19,0.892520457416348,983149.6820240492,91167.94451715756,91334.82607145632,1664.00779978514,-4651.440028269863,-4986.224054104132,1978.0725868646573,8.663118541315374,conventional,2015.0040624164928,SouthCarolina
236444,21.00539862066768,2015-11-08,1.1977747570912989,111214.7292444315,683.1819579292232,462954.7944953735,2075.464012942712,101984.36754886268,23219.35259922996,-3896.645301569092,-63.962732907524966,conventional,2018.0422877330263,SouthCarolina
30821,14.833053603906803,2016-01-10,1.0238584316735089,348807.02810142207,104497.05074084582,364971.7851024927,2015.4769828719388,67767.477932714,5388.837048993781,1022.8600465043972,-81.35648524426628,conventional,2015.997105528085,SouthCarolina
553469,41.5308891209443,2016-01-24,1.032348715749999,98340.8882530201,3341.416905354718,15860.818172864152,-27.54402598939356,-14155.464692404175,39164.17693436106,1800.8064713822616,65.06701712991361,conventional,2016.009336495212,SouthCarolina
267840,30.760051701104985,2015-12-06,1.2256737786093146,82109.78042276636,2570.754780002821,1047.1844133327504,2328.439401097299,65404.47288319336,30000.258292524315,44.34223316949169,-182.77619621815995,conventional,2015.0224455651269,SouthCarolina
579476,5.442865491623373,2018-02-04,1.3168179381855822,234595.0845248316,257545.4454169152,22660.054480708764,1383.8430604163034,103613.5467043542,73459.37268999236,9771.33549614954,21.7922688336792,conventional,2014.995285559651,SouthCarolina
814253,33.65540520681188,2016-12-18,1.018657331952326,2592155.5770355514,647153.3941335409,461738.19631459226,97944.37880229208,173763.6275469825,423144.9963060958,2160353.825079418,119.49815709950506,conventional,2017.0011301786712,SouthCarolina
572749,21.577313664293964,2015-08-16,1.3103701936433805,532822.5380117202,21578.050943431183,183005.6597058698,10320.118804462443,77603.88169933196,26374.563849843165,-1572.1108319842244,-55.27876035334636,conventional,2015.015021262668,SouthCarolina
796374,38.09801763718292,2016-05-15,1.455973433507384,1015417.727507846,-14147.74934572306,12808.810625918735,1213.2271094261075,90413.27209066814,77482.28299478522,5200.173338017821,-133.32485259495618,conventional,2015.9929459067364,SouthCarolina
76967,6.005178127898036,2016-10-02,1.0365484242625622,528899.3743412683,449700.5266922149,81880.15593001245,13702.31967273208,25381.265781231632,11244.617173954612,1608.835203092667,1085.121283486911,conventional,2016.014703078162,SouthCarolina
187858,28.11886428449383,2016-01-10,1.403924615358286,476493.3795138574,374910.9916712885,509.2274820497714,830.0051905451572,131644.4290953185,-3502.067703453089,1726.3311916532234,-173.45391422880866,conventional,2016.006528872708,SouthCarolina
757503,40.11691872675405,2017-10-15,1.437267988598417,541971.9452781928,-10485.829067783554,67.94866899131193,1135.928664275778,11992.474037236048,-3608.425325803306,1380.663076605224,-198.74148250949696,conventional,2016.0089616556936,SouthCarolina
247942,31.02519243919314,2015-12-27,0.7203564408925127,3630583.909395253,11204455.594787993,1783828.0563458966,44873.058277681965,241912.636084084,622320.2874556604,159576.0815983263,7079.446017130673,conventional,2015.9951991111263,SouthCentral
281006,49.75769851942786,2017-12-10,1.018036311936371,3931165.868372034,767511.2984902097,544646.700421384,119427.7571499562,709977.997499894,605783.84127465,51196.747095800005,6065.811253943553,conventional,2014.987931131016,SouthCentral
452903,33.91449941471513,2015-06-28,1.508282255747886,1311259.203969759,159698.92106152818,123810.6114415973,299824.43003403884,243607.8391202324,46699.5592008722,-1456.6768432362169,5.7253903004587325,conventional,2015.0017524308407,SouthCentral
131894,21.40148693175404,2016-04-03,1.0668564052707623,1303539.037539104,471518.9207268777,1229948.98392181,110733.92710635478,1661528.1383476043,159229.3529171705,186591.9367389477,5875.584070684771,conventional,2017.00379288556,SouthCentral
740971,3.2763366961711924,2017-03-05,1.052485341151392,3005233.0108157946,381542.5439841566,1454408.704751697,87316.62664186308,138364.76551966072,393103.01261782553,82186.37699880052,2676.1927874595663,conventional,2016.0048851017232,SouthCentral
182809,27.435346316646218,2018-03-04,1.4558607906702703,585472.2783402778,-4542.288379582164,-12965.67273162998,1805.2794147095813,63522.16540637755,59079.975035865646,468.5514681887191,66.09741866227377,conventional,2015.010174461508,SouthCentral
901801,25.85069285445505,2017-11-12,1.3413005136283758,2828692.0191312665,155273.5829240667,930749.7193068236,18143.239938854906,537570.4590105878,520359.38509475393,160913.58495400415,79578.47961240684,conventional,2015.0033056950256,SouthCentral
999357,31.961182578027543,2018-02-25,1.1870931062285643,998983.032713282,249055.81963250745,150562.37093299368,44957.2209015532,1935553.085923302,601945.2841172486,112413.83469397233,5004.783256406689,conventional,2016.003790736352,SouthCentral
1531,-0.0112003383588885,2016-03-13,1.5698213823916003,354700.3207642458,-27913.12168337347,183254.58363727844,1371.2645397679396,315429.1183871297,41666.794521901706,7104.528323501313,100.59257957196156,conventional,2016.004812288963,SouthCentral
556178,19.13605811841424,2015-08-09,1.4186150877017938,20346.81337571869,14052.105291540667,16073.238028906322,789.7274509881778,-4585.961140919622,973691.2305836529,4542.466503657432,-43.413971995943086,conventional,2018.0125640162655,SouthCentral
427052,25.207702968109587,2017-12-24,1.1547650571312549,578697.9300250403,84388.90638984091,331769.68854599114,19384.054983962284,291149.10394026514,31323.778508738167,1999.803828578681,-60.21927658006116,conventional,2015.0014631978815,SouthCentral
23100,28.398265600558428,2015-11-29,1.4625835475521602,1061284.4708993975,10097.59604583525,11584881.951321796,1153.916021134857,61559.61466421238,41914.552271411325,1515.3554351706434,66.8381130826554,conventional,2015.998340125804,SouthCentral
13004,38.67570499896306,2016-07-03,1.0059743033156927,1044037.5932015775,1922992.578091965,1151026.5994677865,40129.078445209714,1722491.400525229,631303.9499820503,736119.6928781918,5518.756972588995,conventional,2015.9968196899524,SouthCentral
977353,43.61422727819127,2016-06-26,1.2511078492743275,858142.1887090524,33867.97438600676,6429.830962575354,1060.843865162956,59648.55666554258,205482.6856465855,-158.08902766807932,4814.734273936245,conventional,2016.010991106056,SouthCentral
120718,7.874327480259593,2015-07-19,1.1164454736034908,665764.7367943276,108851.23748304285,794288.6733627715,14924.159576797343,976876.0540563206,689423.7671027315,30328.32681243113,-68.26506953419438,conventional,2015.0100441573384,SouthCentral
471804,25.343706487255613,2017-05-07,1.4021642338669995,363809.2449122192,-14967.43326236475,21420.5841026442,2292.120821438013,9877332.07639713,23023.32166641713,2544.10737274905,-55.760948041576086,conventional,2018.04148261448,SouthCentral
243732,35.65826412168704,2017-12-17,0.9301851005390128,640250.4398054427,25805.981515674863,9415.473178367232,2018.349283360418,91322.3362102416,42652.90703462287,4115.571746948697,2205.607766825148,conventional,2015.017112626273,SouthCentral
454748,46.93781757262928,2016-01-17,1.1852526696085248,1135836.3203479247,153163.5527546946,384753.3328908408,317.0965379994116,59876.84400885551,-3751.055560885368,1629.403871084799,160.8750241927555,conventional,2017.0064748192929,SouthCentral
1768,22.257214722226838,2015-09-27,1.1785810517215607,1259671.9623830903,-3956.145272517865,427425.962653006,21146.387947014875,74375.52540426973,59376.13373670365,4638.801986522456,1508.489574464085,conventional,2014.9841424921017,SouthCentral
948044,31.04531069920801,2017-08-13,1.39748426826075,288191.7808477663,521309.2167925574,421781.0220947752,14718.05070357681,64743.77156575646,51788.95458405708,2419.7393837849395,171.8022581148083,conventional,2016.00253983406,SouthCentral
770240,21.924910369631,2018-01-14,0.9011724404309766,564849.8111848313,672338.0945885687,291808.9549989284,296106.8127734008,96558.96031181348,46995.57143711973,1643.781805368047,2211.9805622746603,conventional,2015.9922995299107,SouthCentral
328756,26.638122906292576,2016-02-28,1.1491911696604282,1141553.603368482,27568.967546417432,23562.833501615176,1188.8612346552677,14908.154387136068,28609.40913127828,2515.482652356807,-15.757669180973137,conventional,2015.9937194238987,SouthCentral
223833,2.281283363792052,2017-05-07,1.4548426993687518,452771.4586634697,8614.851998633132,294424.31426210195,-123.10975252386874,67059.6217083487,46908.41381414134,-1916.7169670802996,-15.27400586658484,conventional,2014.9907338804803,SouthCentral
669797,11.933974513424012,2015-07-19,1.0613674285627646,387823.0576683052,1245636.839418953,75283.38746127299,408013.442120804,642556.7654541185,91727.91118192836,108174.18868064476,26642.59558764351,conventional,2016.993100423853,SouthCentral
553853,28.61809780431349,2016-11-20,1.3616691138188275,117152.2418388395,9207.847967490256,2205.9490547718706,37.66860545924544,18461.298734943823,43084.61263152788,-1131.66562894533,17.819799571014684,conventional,2015.9964029791493,SouthCentral
