Courses/sentdex/Data Analysis with Python 3 and Pandas/datasets/avocado.csv
,Unnamed: 0,Date,AveragePrice,Total Volume,4046,4225,4770,Total Bags,Small Bags,Large Bags,XLarge Bags,type,year,region
816158,16.06704536871511,2015-05-24,1.071855343177349,478602.2653914356,9849.380023772048,79106.39416739336,672.6241723648195,14764.580176122616,47929.18539613251,-841.4314091309941,-123.99274308519855,organic,2015.9981787156717,DallasFtWorth
361509,4.417172705277075,2016-11-27,1.7765053755119684,-739.2482157422346,2530.9827091350776,-13503.201572190226,165.80214001286376,-6731.348899119543,1272.5141298219933,4944.480563698181,12.229495984506269,organic,2015.995409261532,DallasFtWorth
610002,46.00638376323551,2015-09-27,0.9349570136021472,8987.025179043292,-2898.615651004337,98.2095086842928,483.8664268277972,17160.548789941426,-4120.509648458147,1047.447319623404,-89.35419925202133,organic,2014.994596925923,DallasFtWorth
368071,31.26822508316752,2015-03-15,1.3618594769965962,293460.88537769613,-20138.455836815065,5454.390580191789,1797.5472772727285,-4754.588508339719,-10282.504258960464,2465.0503596206727,129.39251263446116,organic,2015.9969993649493,DallasFtWorth
642045,-1.4139836315605874,2017-02-19,1.2742346338028223,78487.67409824807,-4742.027078392032,-7632.199159967027,1794.88907926337,11192.487213215967,10933.582647223073,5388.108614759293,-33.61182936333633,organic,2015.005041241942,DallasFtWorth
654526,3.747881043432356,2016-03-13,1.1360616826702938,21174.775878056425,3373.8069970338533,-4520.624647010589,961.7257011091992,9146.866040418034,8854.213370511556,2101.116524216344,119.39705548459312,organic,2016.003668871532,DallasFtWorth
427880,48.03232493536233,2016-06-05,1.3544962124533662,74645.69183536584,11801.412104872294,-1278.1645971012586,887.7522457600446,10742.777184222958,16074.494112142933,4764.756285472059,51.30328017497003,organic,2017.0029048058784,DallasFtWorth
175366,35.08680488528192,2016-01-17,1.802107510436371,-30577.184994687545,4998.183970282536,27565.505982959374,1061.968771161365,14118.8632553276,1898.4981540411163,3445.607656498164,-3.216921698303881,organic,2016.000182354132,DallasFtWorth
951618,20.305396037702884,2016-07-17,1.8017985809857624,29288.71305834238,13251.436501328271,3.487878079964503,324.15603719108816,-9720.011704067008,-3499.147065992799,32292.582314683503,48.55400387617361,organic,2016.9980983743428,DallasFtWorth
322161,5.753977141352558,2016-01-24,0.7882176669823141,32354.286211491817,24223.943975753547,-19593.623075350035,691.011777895593,25890.23860508921,371.1971162197715,5174.158441609179,-40.53311029243771,organic,2014.9946379872724,DallasFtWorth
219510,19.24078907110741,2015-06-21,1.2617293239658225,67371.39556379283,-1915.477153034528,-13105.265431761034,2620.479956525087,4804.128891668334,-5457.985029481323,-148.1222474470585,-44.74160109034884,organic,2016.9992094260176,DallasFtWorth
61589,23.33967203806048,2016-02-14,1.823670362550336,-30466.250145524624,-3516.3551736540967,-1875.0003555700368,1483.9460958740171,4236.243815436668,58787.249250927285,6509.0819661545975,19.735515782251337,organic,2016.01093856798,DallasFtWorth
849130,32.43167761711214,2017-03-05,1.0473367307453083,51261.30385102227,-7591.717135152859,206579.96809721552,1201.5915076689,1279935.4699811267,37321.85870176919,22565.10945678705,237.5794102159629,conventional,2016.0005816323048,Southeast
225509,16.061783007059066,2016-08-21,1.0189953509775234,978968.84788447,659978.7141902843,1619991.5322377137,18868.088662243983,522371.8541598532,1423235.0788523154,222731.7898073555,4227.558359779109,conventional,2015.010616805706,Southeast
708710,-0.0983767297650213,2017-11-12,0.8407862079119777,608340.6575972638,129649.18617441865,282507.63564479776,557.9044112898523,58068.71292723125,-21227.86058490714,-4854.7576969894935,210.73467931674415,conventional,2014.996598225292,Southeast
680037,7.776414259608536,2017-05-14,0.9840658180657248,6851149.396624273,557115.1980189013,376375.7361331476,252000.48610609776,642244.6442480508,641768.7074109726,87221.41182220596,82480.46710099046,conventional,2017.96761282028,Southeast
670394,31.20046071871853,2016-05-08,1.0488720551688602,945399.9555494904,1839877.400459507,849930.8774486122,15125.293348247897,398119.9665105923,205785.34792441997,197014.6807697509,19838.154065470702,conventional,2016.0062690273128,Southeast
16735,35.904233582748404,2016-01-24,1.3560348871303378,657626.885120339,19683.062322788737,63407.800004952434,622.6935393549596,2688.535943920192,82729.9302051205,4685.462558781737,-80.37792787697656,conventional,2017.0153003719215,Southeast
513384,42.89839560863341,2015-04-19,0.9204958073301024,1397317.0772462958,66542.5171048509,307352.12285240047,953.9681751689096,152847.12298088818,18255.473963927918,2296.4201751435176,158.69051821365213,conventional,2014.979066445868,Southeast
282823,24.97049345590869,2016-04-24,0.7598202756254895,1257500.2929549008,143495.7842327386,299222.29064455285,45445.09353882363,313615.51147741324,312171.02060376026,216122.7594383946,1498.683751750499,conventional,2015.0095760269985,Southeast
258112,9.508488322955069,2015-08-02,0.9684866140581356,1208372.681198678,-8427.771550659963,111101.80759001164,795.8093718676297,252000.4919674457,4544.4146730530265,4581.148993419532,54.157665499819714,conventional,2014.9906107312847,Southeast
202641,23.45536766315433,2018-02-18,1.5472426698097403,362872.8306120222,3166.84222397974,30313.52850528501,-452.30341712204375,63218.46071715896,37131.15499266569,-555.8686744984882,1475.7065761935098,conventional,2014.9965851334389,Southeast
78158,32.999785409561625,2015-10-04,1.3410851386431353,520014.7250011381,90513.3457236006,285297.80098046095,14147.460397233424,225909.2931398667,12470.159621303006,70653.55564187374,0.0081703801661134,conventional,2014.9934401524024,Southeast
234972,42.38320764862691,2018-03-04,1.1925130587615147,246425.7034691809,805672.4901746514,319578.75292718806,17249.864182334088,72105.5413056938,36830.27876955312,26103.141302685653,841.0848953783352,conventional,2017.013089533244,Southeast
458799,30.898004986006367,2015-08-09,1.0187212348867374,813152.5997655978,677106.4161755287,423494.7943535585,77651.88030764605,741309.3769882898,339820.4214861901,196095.3799821704,2441.754692491776,conventional,2017.0054657080325,Southeast
35303,12.33519626116848,2016-04-24,1.084592454070026,904523.397292056,2441819.6219814536,333845.9300394676,14021.61513743735,812332.4578552318,675135.9081653766,168221.33351558898,4129.969730555002,conventional,2017.0158613250112,Southeast
699393,47.521064802638215,2017-02-26,0.8113850004966521,974922.9978450168,378141.50392938335,464635.7973973028,17175.64014272802,198280.25927111923,1277823.9543199728,206833.6392837466,587.2532733034157,conventional,2016.0057867167857,Southeast
879313,36.814860951216886,2018-03-04,1.34103742257313,343770.36545682524,-5740.603523806217,-1313.266872444714,-12.095989631417694,94518.86906322886,37869.4416328119,2782.934445023373,-119.72294513889892,conventional,2015.0124185452853,Southeast
519475,47.135911011785495,2017-02-05,0.8835011150474278,1302692.6588057666,87214.59446548251,145272.4419003703,20031.10192196211,112826.13052601204,65110.16333266648,466.8555357729356,-142.4913823681115,conventional,2015.0071390176724,Southeast
276850,46.22555152360296,2016-01-03,1.425881507081726,1171787.18859535,3605.977282223432,1880883.6892579012,682.5797568141534,7248.530080144571,24988.66431588716,1040.8664800656622,111.54410764379932,conventional,2015.998571415472,Southeast
984726,1.2792178499139657,2018-03-25,1.1801699491232625,5610156.060331824,143783.72627224162,90246.15355431478,15732.597348499869,1710574.5689728574,536043.3340997249,879619.0412163462,5070.07537994621,conventional,2015.0043046589024,Southeast
605829,7.301673900592184,2018-02-25,0.8634829290193705,3776650.4176375503,666067.1033901729,1369601.4837418662,115596.82988552596,59056.84159200677,264359.57681547257,445287.8593957188,123.90392238606071,conventional,2015.0112563440985,Southeast
756814,30.01903627449872,2017-06-18,1.6198949597745145,379485.2687915106,12506.161122830816,86222.00439479215,522.1409610230102,-1338.5747091893354,2296.058864365802,5127.686227521115,-45.39181540796498,conventional,2016.0031958565417,Southeast
762470,4.705833870877855,2016-06-12,0.9961952700621012,1245108.414011878,1832241.339655378,269450.4922624178,94613.6281422896,355704.3467876815,230884.91540280156,716709.0566731348,11599.081644992762,conventional,2015.9887059479945,Southeast
215677,6.9797096525655125,2015-03-22,1.1389837642884582,1214684.7289276205,420073.4945634996,225422.9559319865,428.9940228887441,482155.7243045197,16336.937699464075,32949.67719115164,23.971437215793586,conventional,2015.0039209459685,Southeast
109399,48.62268606887073,2017-12-03,0.8944676928075155,1215612.4026044516,370353.7655748189,3262950.8770171143,228474.1718793184,684134.5324865652,230795.9410606934,132161.2598220236,18.880786638968736,conventional,2016.0096803131728,Southeast
758080,36.73089352614329,2015-12-06,1.0446418255305203,718484.2255238704,99892.87106640478,9259.139820428994,17969.833129808263,337965.8470881452,32328.81171626327,101404.48993247045,91.05501096687952,conventional,2016.9992268365188,Southeast
346271,10.912235868132893,2015-07-26,1.3168635570498657,991053.326330054,2956441.9044148466,134353.8355652194,10103.245438738468,1178715.801413254,388476.4637114495,143399.99074057196,17.741476842562854,conventional,2016.9938812316825,Southeast
265442,30.4122867576452,2015-08-02,1.218412966597117,199762.2626399827,6631.635570708063,17822.321744149405,-127.00743029073315,121572.85388431414,47340.91742409744,-1338.7595646631742,37.0655313995738,conventional,2016.0036230872563,Southeast
90486,19.413884505950485,2017-02-05,1.1064941141699314,1231026.332707791,333962.8386766452,1011216.331754661,12922.21221557178,776133.7036210675,201736.2690966988,1207471.1649272314,3012.993411066438,conventional,2016.0090379100643,Southeast
646324,25.91603826501353,2015-03-01,1.0427342659306222,77733.66475388227,13843.896876738076,32519.481329335496,18736.76670510714,62071.91377287489,-2246.773710360576,-2228.020769898345,154.7683188651393,conventional,2015.003877150996,Southeast
6536,13.46413883706021,2017-12-17,0.8359310795527752,405233.1903437263,15130.93536611406,464486.18683693744,20132.661785344484,53154.65059682056,21075.321203008527,8729.718676103612,9813.441055851788,conventional,2015.9995489407152,Southeast
680766,4.580258020753639,2017-02-19,1.0054691722375977,1000166.0466107466,531649.450888966,308974.2385690163,9305.174211922138,190864.10602307663,508800.2783212933,231418.27868041524,1390.5977103374655,conventional,2015.9996907703064,Southeast
735565,37.44238816582021,2018-03-04,0.8830109562768189,760993.6426524019,643965.2634067526,500272.8939863414,15676.234423573947,159040.05250125402,479263.1591490657,110099.68731534178,10485.355434433472,conventional,2016.9910197526076,Southeast
333359,25.43567669329056,2017-05-28,0.8242854756004814,719032.6470042529,1163284.414430263,922189.4961147548,1955.127280561195,219017.25686369496,51089.21392065166,5632.992465550475,123.02245173205353,conventional,2015.9927546476156,Southeast
350270,23.36534559712988,2017-12-17,0.7346723285102507,1132086.4260620316,617894.7672896564,470809.8827729512,37049.25313005257,919980.202323392,745371.7759808418,192513.53441843216,8595.558529066433,conventional,2015.982767163505,Southeast
647415,3.789292144595487,2017-06-04,1.7460624650907393,15923.91932673673,-9805.871479645775,13841.547462340288,1216.3489550338325,33479.99790689118,8215.636468588436,2954.7182111187244,-37.999382776456045,organic,2016.0030504261017,Midsouth
683937,25.36382380904581,2017-02-19,1.4429927785412884,68849.13295806016,18281.774291647493,-3403.246190580545,1075.4006637856312,14768.521084065756,-7033.786452510628,-378.9412113114252,-32.9359526334396,organic,2015.0028791311129,Midsouth
342760,40.79483478722984,2016-12-18,1.3434487946611418,27326.425108647403,25772.23070141874,14968.251749749374,400.8882624315135,-10483.92251887073,-331.65085444708984,-495.5347167585867,15.135216745441934,organic,2016.006029390184,Midsouth
323654,42.94464440407111,2016-05-15,1.1312146352902657,65292.053881530446,3379.449796604675,20696.6507016704,1010.3996574479004,-5967.509605391919,43096.271407566936,4316.302011978784,61.63149227201113,organic,2015.0104707466533,Midsouth
812731,30.70861155411128,2015-11-08,1.736630926559036,30008.23802367461,-125.04750252339365,-3427.740867967956,-692.4262913205273,25115.561665102374,911.8570177194106,4018.073506813831,25.92655011742442,organic,2016.008008293124,Midsouth
907485,12.201059227953456,2017-02-05,1.3948235220183376,30971.384267703503,2067.5411106504816,-14599.217971678165,291.64544711013366,13302.052939738627,-5493.149760104773,3191.843325541142,-138.30045426799973,organic,2017.00816001766,Midsouth
480728,3.836664040502504,2016-02-07,1.1576919962516337,380866.821260724,14352.974490828468,-19229.469950164166,1574.673106380356,810.0450284494236,-10662.5140423527,30558.655637533047,-55.6105090782827,organic,2016.006494039874,Midsouth
974492,20.916328757573048,2016-06-26,1.9530657106577416,-8803.325634348155,-6638.559397837408,782.9689744867301,381.5482896527138,5138.336248766107,68.42456485910498,5315.580997128992,42.86564730341587,organic,2015.003463489311,Midsouth
559445,32.86463251765386,2017-11-19,1.7826548605708064,87680.11059492349,6191.932171483306,-6389.88926122468,375.0902473171725,2954.754302927437,-9515.081134536507,-117.7125295790404,-52.11387432151204,organic,2015.9953646841732,Midsouth
823223,18.99494655380913,2017-02-12,1.6394480725906626,204906.3534088589,-17143.52089622747,-332.94211622816874,1850.461403012969,12034.474518155845,-5168.280725800968,4796.344963463356,27.07925009764614,organic,2016.0078563202835,Midsouth
