Courses/sentdex/Data Analysis with Python 3 and Pandas/datasets/avocado.csv
,Unnamed: 0,Date,AveragePrice,Total Volume,4046,4225,4770,Total Bags,Small Bags,Large Bags,XLarge Bags,type,year,region
658673,20.38072082388943,2016-08-14,0.8513051246636039,435374.9532342574,62094.266086448944,133645.30169375468,18224.18066847221,263598.67307171033,59913.17875942876,4483.514649315787,-85.75562893932863,conventional,2016.0059137349128,California
947314,46.15218906207328,2017-07-16,1.1776503322089584,977410.4038026984,90409.21144542527,462497.25614807225,10837.494019622223,90364.57118122769,40571.91088394412,12.578058021894549,206.06834491697572,conventional,2015.9955152238947,California
636181,11.71066635063358,2018-02-04,0.8282657678348904,4273969.415460384,645085.5381732791,223625.27675840817,113973.1760868212,118275.67845404633,147312.1919641415,486693.9634830286,4178.922930332874,conventional,2015.998117820456,California
102847,1.6847351305513052,2018-03-18,0.7473119238784626,880415.965214724,3676260.0156437526,331511.2378763231,15393.608772621748,665792.2953803731,540450.6770566321,95043.8559861974,1656.6609762253815,conventional,2015.0023942733924,California
67146,8.105799100627431,2018-01-21,1.0810079127370555,675827.3814632059,291337.33269097144,493596.81678618665,20952.913532364702,116267.46115059196,52092.90899653622,1003022.459357524,67316.8426094229,conventional,2015.996883700949,California
567562,15.334332247872933,2015-05-10,1.213362624238571,3758808.271104479,566098.038704688,1532403.9169828182,699391.1866904695,494890.0629253432,585362.4999800825,1022998.432174364,-39.02772692141406,conventional,2015.0107635074776,California
411152,48.15475755336804,2016-07-10,0.9775382512180382,5225570.977069632,583074.5424450604,2102740.461898841,30965.74327823261,1469007.656444931,154162.47135619586,38683.72128892301,74605.17972677908,conventional,2015.9949390402885,California
556188,30.629160493535643,2015-02-15,1.2025471957778098,6665217.66706807,470380.5278895579,286415.3705988605,6254.183405411389,1931807.9919417256,155975.4783374441,58708.25742590578,7062.250229681133,conventional,2015.987438403724,California
528303,27.136004793970837,2016-08-14,0.7096398120068732,1263160.6184129005,682409.6032457363,1291691.8943635798,18236.240902248872,661838.4649796023,580468.0348492813,91810.8188500046,195.7282953518842,conventional,2015.017467342128,California
817251,29.42716712346564,2016-09-11,1.2134138539831738,100267.9100823289,-6320.282092316033,-17552.374238309,1519.9181333111856,7444.291722310629,50093.82304643165,410.3017037401085,137.7648908703904,conventional,2015.997353809092,California
406603,9.556226192771256,2016-04-10,1.1344455272305989,266132.9993467346,-10250.76278828903,238192.38870150023,772.5776977467417,59056.82816972765,46690.40346089096,1114.368901865924,-82.1898869392128,conventional,2015.9915941849515,California
444925,24.288373332427827,2017-04-16,0.8476420803315107,108005.7368002952,9667.429599406238,-28888.96545564547,694.4470738726664,-1239.8611266577464,89094.76357181795,37662.00448879355,162.5696023125774,conventional,2016.0169455204975,California
179264,9.365419310024574,2017-04-30,0.9235583899116164,1129338.324808209,450575.7574276833,2182636.5360802435,118711.293672031,735158.8470754058,47946.864304774026,213581.36813758308,24783.87407953668,conventional,2016.0066370025868,California
41238,27.8453435133312,2017-03-05,1.4278230687426894,29190.35593762295,-13322.086354538247,-19769.25393222733,1153.0595388864538,106201.65496652068,26162.397482412016,808.0158302819275,100.7644463249214,conventional,2015.0113091203,California
216396,0.938395187668566,2016-01-03,0.9976891915789012,2685972.449370311,145512.12526053836,467989.6607755378,90808.89923115392,202865.476406608,925808.055653239,172420.0559700445,1022.7574864951148,conventional,2017.0095023603487,California
290878,8.179750425592754,2016-10-30,1.0406964828237708,287848.06716675306,557637.6272096263,1841059.620552224,29162.662523285107,899103.8929591965,937632.513757498,211814.696979224,7737.779725405631,conventional,2014.982616247365,California
129068,23.02809521616464,2017-01-22,1.0758190912322427,1036107.4822599615,457294.82063160767,412437.9359166703,91793.43619260204,52046.88061688577,75715.15316259209,926322.673105536,-18.64844080025411,conventional,2014.9832845710575,California
105061,1.2653452879984108,2018-01-28,1.284153031102388,89290.57787246731,-14506.129240594222,7053.593317521784,1313.441970030011,73411.8151254367,25686.166650002942,4057.536771575973,37.10436958044794,conventional,2016.997907160794,California
165930,-0.8887982750037717,2016-10-23,0.8744283994044868,1467143.855060298,97897.72801836804,464096.84347438987,2469.88114069434,86660.60662606612,47893.75167029096,52855.65158340828,7904.275159293504,conventional,2015.9908219441604,California
232572,8.096777673050948,2017-09-03,0.6598425644428737,1160040.5589890582,372320.14138809725,377404.1861218407,85859.74468711016,2981431.340101906,1146470.6294788867,381020.2183464563,1778.3727689781836,conventional,2016.0121403793105,California
218051,48.24310763337237,2015-08-30,1.2199895616011514,39447123.74102892,13248219.828290427,422431.4265534891,25387.09542443647,113119.85147998705,385925.1880886415,3934.339793210173,4168.336922748099,conventional,2016.0035237022112,California
722258,20.059806072216496,2017-11-26,1.123477204793075,1409124.0925151722,9691.123792996445,399583.15958903456,-35.76852679630667,298923.4942398026,98541.95543668428,4005.147275412368,209.72064699774376,conventional,2016.9870311299155,California
545994,5.519243516530776,2016-10-23,1.3264814662187048,355095.8909839572,-10454.891770332102,23396.09147080875,1132.58967824835,89148.46510576595,52849.40298567363,1746.6892826784383,-89.55200806215137,conventional,2016.0002824819603,California
681424,14.605781242924548,2015-10-25,1.250349984702836,1368920.187102137,-8973.744909321522,96346.93380532354,1545.505115532202,95279.09963078564,64561.28314382242,-717.8202453241872,3.706714989309536,conventional,2015.9906216954068,California
298396,26.309657888550536,2015-03-29,1.0564898023567726,395425.33678900974,112751.70434001654,18809.012901392,2021.873149771844,28810.550715646743,21315.355743282264,5096.212994860563,8.295862405886513,conventional,2016.9942259353084,California
969184,29.882366123374847,2015-03-29,1.5883647745426204,838009.7424140193,10001.034759495891,15431.066239357451,832.0450591481753,10833.848261960018,-14419.770399337049,3305.743309139912,-13.161828040715935,conventional,2017.014030073169,Spokane
961537,39.05568343841344,2015-11-08,1.34873643799816,408302.1481625388,9464.04080606824,3109.985106528404,-106.73398697764723,13745.33162926367,44213.87506100096,1570.7988021114045,43.87974453997995,conventional,2016.0090149384143,Spokane
215260,6.280105512244463,2017-05-28,1.3039561219352296,-18990.22233493293,16989.661935820724,44210.21364368361,1342.7550587069204,7273.792967274369,-7128.5279959467525,4676.175893333774,193.75781758650837,conventional,2015.0214225527527,Spokane
513697,26.05810077284988,2016-11-06,0.9839019602208814,964112.0159743144,-11647.820758509126,21933.526742302216,695.8747612824272,34281.234960756105,30975.37379612684,16.716368057781892,2.616699158874745,conventional,2014.9896484842025,Spokane
307922,25.940138449728774,2015-11-08,1.149426187079081,538790.5116918623,56570.17537923726,12569.34741576859,1875.8734866547572,54980.621107589424,12477.563625318457,1393.160489363668,-95.526391420394,conventional,2016.0097722377268,Spokane
964060,14.280067951125057,2016-10-30,1.28744938069984,211138.89497551543,13847.43759795139,-2722.3723191484896,531.423515052546,1149362.463962194,54511.70455833335,-530.7668088810753,-129.8230294267515,conventional,2015.00823442158,Spokane
632414,36.302896620202205,2016-01-03,1.1004032907569576,82932.31035522497,-10430.804696282106,-8460.170532563568,1904.84314338205,11360.98753048962,63988.85025667654,6619.698846575502,-201.54434326343576,conventional,2015.013309253264,Spokane
184941,3.2201584401834,2018-02-25,1.2540172613228957,106505.19556345497,-14276.051919319249,29570.39924756182,1084.3692430394087,92287.28337878668,2702.0544557145404,3310.989185476117,27.015315660551416,conventional,2015.0125507823373,Spokane
662026,34.49276267825697,2015-08-02,0.9584459297621364,648343.5037348454,75784.11204534443,308095.49896786833,-67.79782368130913,42168.08319180193,-4979.435104050011,14.901952276233033,200.1348196745688,conventional,2017.005132940218,Spokane
474973,35.234366859120975,2016-12-04,1.124035113237523,473797.7248090464,17797.702391510025,25989.007587494118,13565.266437697044,55930.7814533682,1486.0627431088142,7468.817077346809,-95.49878647486238,conventional,2016.0056867024732,Spokane
894077,48.685191794369786,2018-03-18,0.9455559136157756,555976.1007226103,-1065.2085239694006,-7608.553289549696,472.4482005690285,68127.24626156857,33251.95905288039,-157.00505677308024,-77.21572343988727,conventional,2014.9974700049625,Spokane
351529,24.56004502641053,2017-07-09,1.6694059458686912,-7645.912191021693,-170.2882391317953,31903.97994318664,1035.355326683184,-2999.683596114881,-3886.857445504588,3238.8382841882485,10.46728999274181,organic,2017.019027532257,SanFrancisco
916437,41.980355644936,2018-03-04,2.0671555849291066,-24691.523791836054,-247.6310030529048,11048.73512617649,1884.622755531273,-6506.270139634975,12779.832185945,-2241.032471351694,16.910211809351036,organic,2014.9881735577349,SanFrancisco
204104,35.13713975547814,2018-01-14,1.5343644718248757,-26296.02001390419,16961.56642572433,20438.41424916497,312.4657061657671,17324.251351371513,18519.933141922626,1978.228058306786,181.4658267172952,organic,2015.0224979892505,SanFrancisco
179049,29.330472918539986,2017-05-07,1.4420039338219957,24849.54984286778,13268.03390185117,5884.244102949123,470.6841064472466,-1039.898829397176,60055.47786775394,2945.229617609791,-9.897573193553502,organic,2015.0146600983571,SanFrancisco
866532,23.60361907013499,2016-02-28,1.8073110724885488,32167.424467198085,2345.5237039598646,33830.84519579141,610.9949907455714,-15792.004156687772,-20421.50154766101,1129.0370412798009,-104.28191311704316,organic,2015.0048122567916,SanFrancisco
867117,38.92004321037152,2016-12-25,1.365401913734373,21196.645039142943,14281.298511854236,9289.916540604523,2082.548490380224,69033.63385666675,2168.2502890614587,7247.791523171678,149.0672684118567,organic,2016.9952168579744,SanFrancisco
406575,46.89042287989637,2015-04-26,1.4383902627700151,3555.2459876241046,-4238.867615989578,9089.982050137336,2133.4228560153247,-3951.758630125978,-4168.97028399116,-544.2350257300379,-10.69143759540184,organic,2014.9907890343875,SanFrancisco
404050,26.229269370059814,2017-01-15,1.6774096456750651,27212.14602536033,11398.20162332328,-5709.7409828476975,223.5073602543182,6075.223443992291,-11954.089389630906,-1104.7672719529844,-199.07605764528188,organic,2017.0045975650112,SanFrancisco
617769,32.08160173509529,2017-02-19,1.6584355637666457,31732.74879705701,22636.614814360222,14400.067426995292,515.3365527744025,15925.815697681188,5827.220696366668,1598.5677206971004,-20.540797768253583,organic,2016.0065968312333,SanFrancisco
11310,4.390753276439419,2018-02-11,1.4396243987397228,-10816.747136809943,-7421.075575743464,36706.829724904645,1435.0591220349745,28310.624630660317,69846.20607902663,1095.5065525717991,-54.674477708848855,organic,2016.0006383727189,SanFrancisco
433497,47.37478834324906,2016-02-21,1.8590178449488808,17289.670461673173,1373.2805630632756,-2674.710936568796,-296.0880278102995,21860.992197729312,-1659.360824417484,2564.028122810092,-146.5710717260629,organic,2015.0120071484755,SanFrancisco
772122,27.680452141393715,2015-01-04,2.198000989961608,7727.428981566205,-9652.491715676017,18364.76886457075,-975.0163199207592,-17203.903652953668,-991.0415895749002,459.06733046448153,44.54712955318411,organic,2015.013988639047,SanFrancisco
588438,45.74187377575046,2017-08-13,1.2782216384055096,82625.99384606781,4925.88497116526,2649.5079475505536,696.1222449419923,103512.65509290464,57941.28729370992,-2448.0295950202453,-15.023781117458295,organic,2014.994164289261,SanFrancisco
554260,38.71479907728788,2017-07-09,1.703311590050937,-8716.898696101685,13626.705938602689,-18850.12790963681,-152.5884812944226,18550.413995762767,15245.396837511747,-1142.4067030250174,-88.34163506869137,organic,2015.009926648474,SanFrancisco
382138,42.688304542923575,2016-01-03,0.8531686797364498,339702.65100396937,-4866.05641739017,15712.724225833945,1161.7016118595718,23673.586589835955,51384.68701149638,-1240.468599923856,-28.22545431574757,organic,2014.9990515018892,SanFrancisco
677571,32.88671901014578,2017-06-25,1.7410790013670594,-15525.715067096426,16453.070696857045,-14502.785036698666,2291.344989278873,-1802.182056469141,-495.92108386024574,-166.99776155960194,-70.17877938697917,organic,2015.0116366021227,SanFrancisco
209151,32.31640616060777,2018-01-28,1.2877518361208893,27182.018949081128,4739.448082208264,23404.130245324544,1603.871621298168,4958.8951845902,6251418.338161676,1534.1602263596258,-61.50928844315544,organic,2016.9856448274927,SanFrancisco
521376,23.077358603997656,2017-03-12,1.9503749737186769,14279.885310962323,6149.266032636134,1197.3473273525397,296.90212860928244,-4030.7178981389097,-3679.235497871335,1860.271158693696,-139.05336817132562,organic,2016.980419510564,SanFrancisco
96302,44.77645223018333,2016-06-05,2.001083264050992,86997.51534669778,698.0226695098154,15576.018231554854,-1206.139801468132,-2359.639553105826,-19497.797155767163,30169.619114207733,21.63191745778085,organic,2015.0045327425928,SanFrancisco
294465,27.425002921140145,2017-11-05,1.3953570938404358,727779.5027772662,117388.66719299856,199043.26775889407,13361.273268871242,68074.7212227889,58976.60801608371,3683.9323896819938,167.7370004306243,conventional,2014.9999301684693,HartfordSpringfield
520676,30.770018199625,2015-04-19,0.7643089573233283,1250736.928405032,91245.85244012608,404157.73576398427,15522.459444793316,68422.22890977992,69426.79134288832,149223.21557018842,-119.07984179133288,conventional,2014.984324799792,HartfordSpringfield
700251,15.4302068283678,2015-04-19,0.9377191000204405,479349.1126455619,578334.4707002712,1127685.6490016102,114055.42332710425,152395.49222902308,615299.4178604763,121666.17384788828,10369.785748320635,conventional,2015.0026317231748,HartfordSpringfield
667488,47.53080697160223,2017-01-15,1.0197002697433906,246816.469389336,23372.449693971983,68376.5922183824,987.169321467507,42816.291417905246,116611.48952033404,3795.673545595824,-80.60943389630475,conventional,2017.0034933808083,HartfordSpringfield
883546,3.773073595489673,2016-03-20,1.1431327094833967,2556205.5094966106,759503.097663467,332964.9481245468,6279.42886936555,845947.0590959552,46017.23955164666,3957.0867766160472,2483.5688537397746,conventional,2018.0426147090056,HartfordSpringfield
759950,46.12102571014896,2015-08-09,1.3526332194496795,55045.51308485425,-5253.974782581227,128573.71420043196,525.2144346601567,67912.57337999852,-6598.64459268631,15376.995784221728,2.538392347710157,conventional,2016.0083550160348,HartfordSpringfield
744485,44.49813034707602,2017-09-03,1.1605788700454327,9560.907683226023,23467.057611285378,19916.52242106357,2225.840046464104,62018.03064349072,66580.79993111147,3151.2104172964478,-63.57330742410629,conventional,2017.0055958223936,HartfordSpringfield
233021,48.77810383067204,2016-05-08,1.4318666762472971,54660.373190399405,1148.5850804676393,38785.58537550937,1803.3414979458607,16558.77190539876,81054.31689890067,3625.683131572553,-130.02520269462298,conventional,2016.0037932424125,HartfordSpringfield
781616,43.57092590122625,2017-08-27,1.230896477648531,267659.8924513874,23741.4541510207,7753.204416130685,-826.4965404269637,107899.19256931312,41577.80633483905,39919.49233931651,95.4925209420648,conventional,2016.0173165449448,HartfordSpringfield
