Courses/sentdex/Data Analysis with Python 3 and Pandas/datasets/avocado.csv
,Unnamed: 0,Date,AveragePrice,Total Volume,4046,4225,4770,Total Bags,Small Bags,Large Bags,XLarge Bags,type,year,region
97564,7.8376516988154,2017-01-01,1.2579525074358326,11579.586236527564,9391.701631446072,5115.803720078444,1107.7661594283886,7153.400283426141,10237.531509611708,3409.489875899623,-64.80278615591722,organic,2014.992002346496,California
490806,9.661078431854232,2017-05-07,1.482958511676782,59564.76367832035,6888.742072223443,-605.3494135449964,1130.152092590789,-3922.1247420954182,16137.094791137137,1853114.692648096,-3.935878722176973,organic,2016.0011857762456,California
539801,29.59669180333732,2017-04-02,1.754997444539542,-7086.602879312704,18688.114385064237,18208.42222997785,-133.6138299121131,-9495.992229709516,-14395.76159566821,1588.1192979991572,-75.11540055987437,organic,2017.0133393822168,California
813722,4.58767184032758,2017-10-22,1.5031971612702224,18418.92076748634,-159.22810252507406,27047.16620044833,2492.0339480830216,6170.502323494346,-8654.529580757968,-3067.5760765705727,-69.6543952823706,organic,2016.0143522752649,California
201246,36.268681203108095,2016-06-05,1.3754893623636857,43605.57318160738,10417.069262206753,-15239.07903360118,1344.553085540026,-8992.25382673013,4213.262656952682,3284.5879522808145,77.21775237426189,organic,2015.005070886761,California
57489,-2.197278903958328,2018-01-28,1.398674890304955,20187.087641744205,14312.375883901852,-603.7140288548362,1022.506139995337,12587.09612689713,19511.87471671836,3260.2128859079285,-34.720087029159515,organic,2014.99762261644,California
448623,1.1303634167815344,2015-04-05,1.2918468932166027,56057.4536218314,6082.393867264591,1902.9473689820295,1326.9859771281408,12504.948371991635,51170.61611779576,-1596.445897562686,133.57359323953162,organic,2016.00383528183,California
140916,25.35741911384403,2018-01-14,1.955293518522214,142244.06199760968,-5401.810087021991,-4936.601047016555,910.9132877623985,-10826.806155700093,324.3206859137945,3021.7567070755827,49.19204115694482,organic,2015.9855861325452,California
530210,31.89928845389536,2015-12-13,2.0226335951549164,70044.33241283575,-8306.347023501454,-9523.949691378331,1314.4432607794952,24042.51356337552,55998.6437362034,2882.695818712185,-41.9279040969376,organic,2017.003347320073,California
121844,46.71028841474084,2015-03-01,1.891592518717448,46289.46889416745,13089.160561379522,-8448.157798142385,1916.3115137434036,5172.566815687547,21708.29142832398,17497.06082500181,79.95110139849731,organic,2015.9913775403463,California
731066,26.493724682303384,2018-02-18,1.437559307394004,97764.83135763102,-2974.9524682536785,43884.58291342154,163.32875005558486,-14763.341648187336,-19240.730948826265,-2195.2428024647024,73.45810161149434,organic,2015.9951086500544,California
71266,27.16097834982885,2018-03-11,2.029176691256124,134961.12609953503,-7267.149904614685,-6519.962084172488,-553.4845598268184,53533.91539618625,-21153.79174120148,13124.135132815263,-65.85249317297804,organic,2015.9928368712904,California
406239,18.20127518911068,2017-07-30,1.4245507627736669,-7666.742722452836,21945.080924323007,760.9597333445618,1307.8420328902969,-6550.307792491187,14758.498010019151,915.1337551368232,-39.5439663686127,organic,2016.0006857165451,California
832110,29.013681240599773,2016-03-13,1.3618864622808386,207024.66248083932,-1983.759681004426,235821.7970026215,616.9126458378328,111714.25576908392,173008.2337791391,560.2798722143302,113.15306449081274,conventional,2015.0130535196647,PhoenixTucson
587324,37.96143331674803,2016-01-24,1.3330410493598377,912094.0900445214,593989.1539026737,135570.28497970407,15929.120299126642,28381.320872189863,38483.64308263399,2871.9708462181025,198.6365023306666,conventional,2018.017287158442,PhoenixTucson
104298,46.27445662702383,2015-12-27,0.7446441951501548,372027.29942708666,11418451.48199726,2073326.719936981,38798.73059268087,216648.1003371324,645714.1203615476,735728.0029212881,3096.4567827936185,conventional,2017.0089622418589,PhoenixTucson
872697,36.38838050075668,2016-11-13,1.3946433061611738,1251652.422745122,100030.9665795509,164744.85739711058,18646.070206432058,19027.934902251985,9204.160802719409,898.1523545911767,91.85915481525043,conventional,2015.005502039793,PhoenixTucson
44597,25.52357607030069,2015-04-19,0.8399946720057556,1122131.9475306466,491063.47657282936,1150520.5031266732,12823.196077238996,1073919.2944578924,48084.55756399247,97368.93286352948,1834.7121481256368,conventional,2015.9988943468447,PhoenixTucson
815794,33.27471468368194,2018-02-18,1.1450962620387233,1384324.0671234094,551630.8065525844,324189.30594968254,6166.18288835999,153397.3482229332,51481.782816520754,192390.99839760343,1636.7396353137758,conventional,2014.9905300771509,PhoenixTucson
974226,7.027097148739602,2016-02-07,1.0060691277459797,1112814.4781204,361647.0613434091,167729.39118664217,13735.205579626489,197489.1455225977,939066.4268062068,64533.614354944606,574.5400782999477,conventional,2015.9955340016984,PhoenixTucson
435338,2.534703963953792,2017-09-24,1.3647176860123151,1320182.6122172915,170224.45538382768,67071.58106554061,170.02558265822196,58815.17589704257,26939.237884792197,1243.988286263192,-168.4502881428991,conventional,2015.0219482660996,PhoenixTucson
381319,26.78667160941115,2016-02-28,1.152476607161445,2442987.761713569,608353.2172792308,2870457.705686236,29864.333626779386,740190.3593356875,197342.7976607011,59681.281503923055,34477.747481089056,conventional,2017.0128190058788,PhoenixTucson
874201,-0.6927137193908712,2017-06-04,1.2764073364164128,674011.6382464995,74106.01557408129,6657.923566377817,1092.8113182575366,56408.56979403975,45138.09679567711,6761.460446803504,1.369107178388056,conventional,2014.983484407016,PhoenixTucson
692851,45.556129442630045,2015-05-03,1.4278946536739805,339849.49153454584,6380.277794180511,5569.584389463133,9779.349295766917,81354.49782595529,52815.6499531726,-181.6350142841125,119.68293246031573,conventional,2015.994827227036,PhoenixTucson
405220,13.674647234398158,2015-03-22,0.9716303484423532,508134.7698633716,6153.90000729006,85644.74481308855,20453.963632332903,175784.3701707088,47378.57877417551,3832.3851607728666,11.255924785471482,conventional,2017.012429309652,PhoenixTucson
340664,17.69074172040129,2015-04-05,1.3839680495878446,373415.9343562344,-6109.45159620305,237770.284662723,825.0101652408787,68515.76023144835,2164.755325698497,18393.78650087309,-83.00374345383896,conventional,2015.0225224267465,PhoenixTucson
62792,2.16226237027048,2016-09-18,1.800200364082764,371693.0610855504,625.6669449781693,52740.86710392845,1656.8022387158546,21601.830191047982,22418.45891566605,-99.99876005799842,55.30547044605855,conventional,2015.993612487653,PhoenixTucson
223728,4.811030419718547,2015-06-14,0.8628204276958754,1163561.750030303,365124.2961090495,2044373.1946672276,9531.740221695689,181647.7127830513,91514.2363615237,385472.9811551379,30806.912249713776,conventional,2016.004751839889,PhoenixTucson
956153,25.92213359957047,2015-10-18,1.130783026622563,746772.7791901623,361941.2414200255,1306505.4267942717,15433.520800279206,794788.3985590407,239931.1035918244,198451.19626171136,4153.6533870779695,conventional,2015.0006998735191,PhoenixTucson
363255,18.64798964615303,2018-03-04,0.7103668619396858,3487617.619417986,400625.1905456343,1585897.917388268,105591.12177212532,791884.6651545195,573185.1635401365,76567.75589551494,46243.14986184342,conventional,2014.998230589684,PhoenixTucson
383139,41.14287801947212,2016-09-04,1.0695504573658865,825630.1865324285,273935.76831626846,1829825.128090582,84913.96420968948,70846.30075347486,62203.79763374738,68486.20134035354,6966.041948036473,conventional,2017.990933122545,PhoenixTucson
980063,9.677960932136184,2016-05-29,0.7752217817501482,612102.8878538322,12606779.889926994,378496.3041496984,19822.83308591412,101203.61264243691,101678.48473712808,782079.3518686448,4548.417795761161,conventional,2016.0167712083105,PhoenixTucson
776661,22.81330513029757,2015-05-31,1.311541213928502,-31507.449535959957,-1895.8566357135917,17609.471299301367,1015.3053528326808,1804.153192183915,-75.33266411658406,7443.652020600989,-42.23384059983107,organic,2016.0083913260132,Seattle
203479,1.8482492255758285,2017-10-15,2.0704973710296555,12189.059912132983,-4951.1747605209575,2346.7589125157374,17400.944314322645,9810475.06572968,-3623.011389460217,979.976663185005,-2.8623519529117587,organic,2018.0042621070277,Seattle
874416,42.03841366611096,2015-10-25,1.8421216092124368,-8494.681367833757,-11436.542215571426,18674.035791251208,1097.281503160294,6188.437683077629,-14481.933109185458,-1033.631276897336,81.30624555257731,organic,2016.013129919022,Seattle
888498,29.923264293620363,2015-11-29,1.7543182719415145,44377.792200292,19408.82696478051,18503.68259706693,920.3670695262922,12061.24635501617,49006.78523922754,2137.540310892235,144.27812995627897,organic,2014.983791141069,Seattle
166379,32.828474644193136,2016-12-25,1.2885032172953417,87791.51917508591,4136.349592883436,-12496.431873891075,1498.7335609851775,33657.52605465042,31340.84236341836,2455.5441455086257,-177.65843506801906,organic,2015.996488122956,Seattle
575404,20.991605760969435,2016-12-11,1.6820531644628949,88450.77891141552,7700.400781854158,23233.147291130204,576.5222854835589,18053.11248963226,14505.510842449325,43350.05818705527,-13.324928425752336,organic,2016.002141481866,Seattle
809612,30.8367588357914,2016-11-20,1.3438453150172915,11932.568657271911,21672.97642712355,13599.403688352846,-255.89549525345663,807014.1257108491,11658.230001154552,3538.4546650179973,35.30270120046646,organic,2016.9987829684685,Seattle
297915,16.121836358889635,2017-01-22,1.5212230936086262,94701.3322686642,-934.0253067089434,-15616.940017978392,562.8511007895119,54866.648875043415,27671.95400456716,-921.4040353803664,91.45752482986374,organic,2015.012293404134,Seattle
213572,46.691527573278655,2016-01-03,1.3127784168295855,10815.044045730489,18485.32762466523,29285.904540723805,1036.628223787094,17316.922374073456,8618.170134269678,2672.7316487756425,-25.935652048388068,organic,2016.0130196675505,Seattle
208577,31.0188703041916,2015-09-06,1.817538458445929,-19793.88823082881,15814.151127735218,18785.710536434708,-81.64287622474382,9835.41894370865,9234.72833613632,-376.67463465112337,23.415947766926344,organic,2014.9928776829772,Seattle
604549,6.88540888121509,2018-01-14,1.7070866278448926,88811.14165215564,-7711.827263703525,-28073.222130675134,522.333237345687,-16374.22437617208,-16989.79502850413,2842.983232542767,-105.03047254994507,organic,2018.056485455818,WestTexNewMexico
720765,7.478175498254649,2015-02-15,1.3339074675266076,49313.41740891544,15300.589687445008,20648.52011054566,1073.1352280943904,32020.476971955904,18728.430996454237,-5254.366240901711,-24.867069001278484,organic,2015.02566102165,WestTexNewMexico
642057,37.54344556224175,2017-03-26,1.3898274666917931,31877.152613529317,5555.537430467395,-7619.825495895808,2235.926443188265,-7620.3984010712575,-677.6414205757537,2179.823884830921,63.587925372172165,organic,2015.0139416059644,WestTexNewMexico
682617,-0.9041518965849952,2018-03-11,1.692595867594208,84991.01576984735,12797.038828739169,2555.6724614663126,99.11769868410452,-14783.319224443549,-2931.4834034973,1555.7498070323809,-205.33133430782155,organic,2015.001248766504,WestTexNewMexico
88638,26.727501258137504,2017-09-03,1.2894507583489232,471953.3372912161,5235.715886472125,-7609.772982849818,561.1030733951538,24994.36736567384,69752.13688447651,5113.062342150691,-57.5298318034947,organic,2015.997322663996,WestTexNewMexico
74737,18.692777034216608,2015-11-01,1.346597479941862,-14741.066573914191,4008.7178902555193,9085.137503024358,2513.206513310538,-1669.1596204328143,-4937.573612400404,2631.0974041884824,5.525079667298432,organic,2015.0080083918729,WestTexNewMexico
152843,43.83207888647157,2016-10-09,1.3276443513252894,52380.3246345693,-19935.489665803165,-21055.10439261397,179.90429636104028,6551.419950417005,7199.304899775123,-1980.973838173197,-35.178434990549874,organic,2015.0180610915245,WestTexNewMexico
313647,32.66982977467724,2016-09-18,1.882846630405676,5710.701586517993,-11185.754961195074,-20375.127866967,1067.062095543051,2018.885558159888,10892.395479484258,4444.629421350044,-79.48834752117064,organic,2016.0009090731069,WestTexNewMexico
618399,44.63387345092495,2015-10-25,1.4120704964496824,278583.64756456943,-29995.420740368845,25886.182463953985,1986.1437859216524,125715.95026429433,30551.25321595374,1274.5985397594632,-99.93680080958067,organic,2014.99602254439,WestTexNewMexico
127655,34.06659382659736,2017-03-26,1.810675818529325,41967.98821247901,-1760.6678606518617,-35622.3296131886,-925.49137855947,-17829.80198691164,-7377.746894331473,22029.24427816105,-159.03037013780352,organic,2014.9905180450749,WestTexNewMexico
376362,37.80222228560796,2017-09-17,1.3899078929720852,-2014.3309863252,12730.403136689243,41402.74351882711,826.7141967457347,12101.533742257088,13332.230527817585,2251.8158462533465,-98.9422437596782,conventional,2016.0135165878437,BuffaloRochester
496804,-1.5565375987764112,2017-02-12,1.3145792422217744,1170555.542521107,-5070.478021021117,-26891.858156651884,1560.119924353612,12023.403849134644,22478.387749429377,1353.6983638646584,-41.6394304186686,conventional,2016.0058207658824,BuffaloRochester
130804,43.98186655338151,2016-07-10,1.2197731583312328,241878.81286005207,10296.04864878102,-8586.607922726022,850.2772957177486,25735.29468900043,63647.14021666285,4450.447460948277,-94.31393107757944,conventional,2016.012361319476,BuffaloRochester
953856,19.6131750941838,2016-01-24,1.3515608853759833,378765.90778568975,-2898.159928859284,27803.58762597282,-453.6907433212136,18000.49116175559,24928.626485219294,526.1252698454655,-116.07721471303677,conventional,2015.99970604039,BuffaloRochester
446100,15.981390948735838,2016-05-22,0.9767243982130864,869415.0272113226,81046.74974458909,8905.62490444514,22899.31088637296,24816.56365450863,66646.95910579315,62443.59248218574,-43.13296383749497,conventional,2015.0099893927256,BuffaloRochester
231836,13.424256588588712,2016-01-03,1.353498375581148,936185.0629832152,71884.01023810852,87000.3504813953,1030.0455128690626,51392.46641700479,14564.484536308206,1613.0412992849292,-92.02843334405644,conventional,2016.005438339108,BuffaloRochester
6568,49.0301959205446,2016-01-17,0.6283017171758923,1121144.590845273,3732388.3831288815,1126455.783492078,573889.8555877731,1721034.26628814,272987.16361266363,715173.6495918885,8484.713363540002,conventional,2016.0009428842363,BuffaloRochester
903968,20.47350385975551,2017-09-17,1.4033265436339613,403264.1274284388,-8019.168197158625,287837.9947175421,1304.2298492062332,20224.079608262506,39205.81959101472,43747.44838560022,-70.9477029602353,conventional,2018.0722875488595,BuffaloRochester
879485,17.61210190318436,2015-08-16,1.315603198275577,365616.06943573785,223421.24153007683,186039.85131742636,-557.3704474909473,210903.64479438655,36160.021768825405,-4647.454339390964,4864.685258602868,conventional,2014.9988799366283,BuffaloRochester
268222,0.2601665520165994,2016-11-06,1.3287333269429134,325683.0235364754,3392.506955621779,19687.164074315984,1592.693446594326,83501.6756779024,46024.71557147405,-4138.877150323817,-25.69651571850049,conventional,2015.997312743747,Boise
451093,8.027109329126567,2017-07-16,1.6318177961057407,111606.16737548396,1484.221562055437,21960.8130238449,95.99044626546254,144061.72634688052,-16419.127364976135,-315.89469337034234,-44.01497880030514,conventional,2016.0069389276305,Boise
424638,1.4074001466164423,2016-10-16,1.3729189398022137,1197120.7626235902,618728.5640208677,69748.08157177441,10169.520231174092,111621.5468670628,52590.54214970078,72714.4773832193,5050.748159333687,conventional,2016.0204127101376,Boise
779034,25.82625651071899,2016-10-16,0.7900314927719767,1177862.4632044258,117186.048992114,314403.16396089655,1541.4681264900717,70190.24629007626,77536.86035243404,2681.6596235556226,-66.34959192621454,conventional,2015.9950821722728,Boise
65912,19.21154597597365,2015-05-31,0.7417778594259469,428257.45180963655,6262.779110925039,86240.4825731546,507.3393369387793,96342.26859744452,53937.48599533732,208.2171839661098,-63.72865016028536,conventional,2016.0090085622496,Boise
513900,6.731161685009128,2017-12-17,1.0768033953575027,1356863.3676747817,103135.07843028258,84552.30572895244,4408.858693748425,80596.58443185581,57012.905186115,147833.15804580715,116.2747204189084,conventional,2015.0082080949155,Boise
638997,23.60222319490381,2017-08-27,0.953202267473764,1528693.3256653685,55471.738021082056,369687.5407814251,9117.950733477375,209628.4572718545,29818.747304494675,4830.7762295546745,-4.550717961257298,conventional,2018.0221984004795,Boise
195554,40.80577002791845,2017-05-14,1.0968504431019608,1374598.2279590324,473725.6469282947,366636.1016742994,32426.94596009918,730740.7291177941,495210.9531973311,118715.69662703684,-71.48118551107372,conventional,2014.999880269864,Boise
991544,4.869799547016706,2015-06-14,1.4012396569067485,1132485.4270955918,488.35786267313233,426791.5045011903,652.3189391734993,49939.817076370186,29684.383316797903,5644.746015434365,121.05527976876554,conventional,2015.9935763583328,Boise
