Courses/sentdex/Data Analysis with Python 3 and Pandas/datasets/avocado.csv
,Unnamed: 0,Date,AveragePrice,Total Volume,4046,4225,4770,Total Bags,Small Bags,Large Bags,XLarge Bags,type,year,region
780749,31.39259968896832,2015-12-27,0.8154924144217555,1005941.1176031852,3584806.8741117287,435407.1109571358,31671.44730869581,840415.3861952373,123910.9432252631,196071.30593330952,10419.66138897888,conventional,2014.989026047568,GrandRapids
720563,45.75575251806771,2015-10-18,1.0356549478630548,630372.7072154051,11150.90280204044,-18935.573648235222,-221.53497679722688,127982.75844953596,58143.17924310832,-3243.702308655129,16.91269865140508,conventional,2015.0076115111765,GrandRapids
859992,21.54443727565328,2015-10-04,1.01482309604589,705945.1884671174,640561.4213791335,422616.8273279761,132558.33938183694,283300.8995811487,457251.75506014936,190609.68050166685,6414.197141586616,conventional,2015.0225638513975,GrandRapids
249954,7.85965062088846,2015-01-04,0.5844895052641662,167581.6087851384,127896.95306176988,157938.3673884634,367899.19098865247,-2888.7433614335314,12844.517275434308,4406.088504019857,-46.67982481390331,conventional,2014.998696710494,GrandRapids
609680,21.31263432496633,2017-08-06,1.3602025421881296,408866.7055054748,-164.40174814024977,16376.662562449954,41543.747001363634,65359.40880128817,50593.29454917365,491.1990065816181,0.7557810179068767,conventional,2014.9839339510836,GrandRapids
998609,40.19023709730709,2015-01-04,1.1698832542539026,357471.90796816995,79503.78148208234,214113.6823007667,801.5567937894143,39209.610321527005,3452.876850790112,3673.8284928137546,-46.800251888150896,conventional,2016.003857569181,GrandRapids
17761,31.287662541562923,2017-02-19,1.273478241605849,284743.2949518032,479152.8026847941,28283.26562004006,2210.59609461452,1933.420109049679,60745.70271211848,7023.665958062529,-47.27210769644124,conventional,2016.0064962457236,GrandRapids
656285,1.87297438225062,2016-04-03,1.1660155737936366,75505.28866243262,12577.295366883956,-4863.000023864306,763.9356971055424,46665.82791125972,55388.59682018019,4091.984240520729,82.50308573084361,conventional,2014.9890072527655,GrandRapids
565209,1.9164401209057689,2017-12-17,1.265718320604623,4914851.250318171,6177.6771884075615,251573.51034520636,1199.72758645793,44518.24617073212,2265.990093535387,4889.995228442376,26.20248284596757,conventional,2016.0118269680625,GrandRapids
9254,38.06908780621934,2015-03-22,1.4330211349905546,51116.950517574645,21347.419080261803,-10040.753655999231,-178.83708357507436,22644.148947510774,3035.3189827281312,6428.005723050433,69.99352115019539,conventional,2014.9901918900407,GrandRapids
912985,16.75936323880571,2016-05-08,1.678939045761916,508524.4905644723,-20907.06817192926,-1542.1896144422608,2028.297526120012,1464.8289974803774,1553.1464451057836,3658.514770958209,80.59387516458631,conventional,2016.0026894703008,GrandRapids
475998,47.237598914023785,2017-08-13,1.4248119352568638,1021849.4180569802,21338.11179493722,3593.876020821059,1675.241814730158,34226.00350242496,89660.04487523512,135392.20678066142,-11.51353364695407,conventional,2014.9908374775523,GrandRapids
442293,45.63336666231282,2016-01-24,0.9128958133599602,367856.31455058046,5956.55755248416,7103.055614596656,272.5878943075936,64917.698678673216,123299.90563548126,745.9203185698186,-14.566826386857247,conventional,2016.006566067759,StLouis
975899,32.19753860352816,2015-03-08,0.9133028452548512,626870.2058974484,104891.01199571832,386679.3030114246,1063.282029475866,65511.96154482557,7648.767189459155,92116.27855372758,71.99567868663723,conventional,2015.026244182725,StLouis
890281,4.789638254509788,2017-05-21,1.0697575308898646,676479.0292102353,64137.99675034179,355326.13142297696,29517.02781864763,250901.58085607333,69099.49553525822,7009.08460518238,72.63907666006911,conventional,2016.9983979698395,StLouis
126715,45.19430938075594,2016-02-21,0.9011799453678686,203913.25161848048,64843.0612955083,101678.11442760282,426.6898082476322,-82.6230533524722,24465.868448760528,5353.642309997415,75.2226758459177,conventional,2015.0193338710812,StLouis
371654,23.72906193770807,2017-05-14,0.89346619146351,769036.0930706743,693863.5267956785,88630.04691609256,12149.164734984177,97813.74573504912,64558.66113569695,3334.338104887212,41.27368637393445,conventional,2014.999147055228,StLouis
274024,21.353818070680035,2017-05-14,1.3742583768423962,313707.4412842416,-3539.121133190953,109827.44341486704,1642.4844247523067,71025.06110707847,-14055.2008351375,221.8006436101496,4.960635183838363,conventional,2016.0039086388413,StLouis
581249,6.311577938042452,2017-08-20,1.3748353280347625,781806.5268792397,140285.80068754018,116762.62304007488,663.4939312729218,59014.795692590575,56287.05003220608,28338.81846387812,5.79188835711067,conventional,2016.0028298463028,StLouis
13636,-0.1490142865441592,2015-12-13,0.5648956449773175,414600.1329568218,147154.24633226392,403435.0390658318,1075.432055838313,97444.6501424202,30473.694132881283,6595.953969933518,108.70437371370176,conventional,2016.0086102349155,StLouis
913736,8.31437531693894,2015-12-06,0.887748953148036,361472.17218741,97275.71516157276,128709.41302644386,1366.657575207068,58119.3271215485,20307.52754370506,107373.2515467098,7.250352558999229,conventional,2015.0324049293515,StLouis
151209,3.4179850631560456,2016-03-20,1.6637682800262854,3394169.53119977,67823.43195635255,120508.97081471515,1477.4896041539814,56142.94777127828,13609.554870151587,4138.914185218416,5924.043553013636,conventional,2015.0100098587152,StLouis
711683,14.28286097620104,2016-02-28,0.9710562152763202,1223936.9792671695,488363.40349305153,412655.2900693241,18077.30395276012,76773.31762660842,30189.807802263684,7990.861673120246,2174.829796898165,conventional,2014.9891388435544,StLouis
250514,43.08400436723526,2015-02-22,1.2693301171629936,5327606.399553986,5169.395362263569,26709.439348570064,-602.8574594951638,-6772.9722324069135,-4964.889589024951,2483822.4850905063,21.314170971466528,organic,2015.0160960954356,Orlando
695140,40.4360935701353,2016-10-16,1.990241495138712,66745.2049777375,-20273.09246852,-5740.56064120573,1018.6847000707,1516.0846611780107,-13980.458437249965,1385.8370045962947,-232.66953856402927,organic,2016.97337973704,Orlando
495763,9.632199633770195,2017-01-29,1.5135579824628551,64788.77774509298,-2158.8020772124864,-3654.9311476453313,740.3457268257605,6857.08194126741,-7952.534421299088,28559.859530635465,-105.29857210054242,organic,2017.0158152219387,Orlando
50286,35.3900858429448,2016-05-22,1.0999676047143454,55726.75700688356,-11121.462640385773,-11149.225862168396,916.7721008388608,-7099.7964881490425,-7993.135462012756,11357.533742716418,-193.4968824272824,organic,2015.0006016221864,Orlando
12779,26.9082762304424,2017-08-13,1.3636630677308428,-16600.2528506043,2212.5295908072158,-65.61645946684075,1077.317821288707,11771.317188718043,6379.932337949982,938.4364457817022,-167.62337820431856,organic,2015.002477996391,Orlando
60939,19.257461020369856,2016-07-03,1.5968370804693912,45136.07620009752,4901.239997268213,-23371.34677460208,140.34381819209614,-1068.4869633150483,-7313.290266877858,29448.35682125172,-70.24979920162295,organic,2017.0093833116464,Orlando
680281,9.177007693553248,2015-06-07,1.7848661590002337,-1664.7958958397794,18714.032023014788,-22212.946796567998,339.8787845250592,17112.88192572372,-30341.300337940604,3006.177258423655,-84.84061088588558,organic,2015.9923939897487,Orlando
892574,2.5345146915233343,2015-12-06,1.6449916850491917,353301.5349272078,12634.51679883209,-3973.508814711704,819.794419086925,7918.604397418439,-7577.228108535292,-1249.5355141720668,83.45280971255092,organic,2014.9993969170023,Orlando
695149,42.02619599006021,2017-06-11,1.793603578549174,58585.66905866448,-4604.785634847472,-1001.0527684839672,1101.570568938822,1324.1810494919118,-3028.812289411885,25214.55568359208,110.89725905217598,organic,2016.0068310338213,Orlando
341646,32.253064697338914,2017-06-25,1.4013842063471356,-1063.1847915713442,10269.992375356866,27092.5624383278,1846.1048515543664,2071.1486180179627,-12928.670474573264,-634.0946331472489,-2.9827790271593564,organic,2014.9990723669937,Orlando
355256,5.970773953627425,2017-03-26,1.3954926512792991,-27978.84203331373,17379.235291959612,-2627.6457102041604,704.7666687024654,-6000.28365526362,11090.332599496673,961.7104776295628,-87.64764633853358,organic,2017.9700585962064,Orlando
691035,17.943761208969928,2016-05-22,2.2429395605276947,30983.82780076495,11398.741294284526,-6690.147881674251,830.7736086826379,12883.798653214631,-5491.269239119031,3400.4144551533573,-172.54942280799597,organic,2016.985581461553,Orlando
278144,19.703705724892757,2015-09-27,1.4634538044096392,75197.04996418399,12930.76737410664,4404.321147445875,505.8043812937021,-2396.940693794368,-13356.089333915788,2513.648945052884,-3.2613977198989303,organic,2015.014069317992,Orlando
618423,21.273155500536472,2015-04-26,1.5422257566338604,6823.410500920643,6023.895596308432,-7508.411491269837,1082.9075596278956,-2486.044356600971,-10751.369743011011,114.15556904543335,-39.79555188974673,organic,2015.00628034167,Orlando
73365,1.8415999903053089,2017-04-30,2.091199777316133,83065.38446030684,-970.2979112101856,19210.831524729078,2233.745057186464,-4607.931642296311,564.0256802799531,33525.656956252205,-36.06459968377554,organic,2016.0171412702605,Tampa
964252,47.44660112137101,2016-07-03,1.7416234994981814,73570.92229856325,-7302.835347110088,-1257.937601679267,1663.8515628409164,4651.695248978416,-4024.043691850623,2246.586425940164,-236.58368813464836,organic,2016.0022752234304,Tampa
774679,46.61378888603255,2016-04-03,1.3053579214600082,37277.82765848284,9898.800931719405,-1554.9304310885143,-715.1415517084135,30585.07217068028,59528.95810192001,-524.112499509776,-44.83332960780008,organic,2015.018115394183,Tampa
152430,3.834798546658869,2016-06-05,1.9469331456887364,89123.24176927068,12608.563662524975,21981.435175004437,832.4188705036137,-3587.871959449314,-12870.897574281884,618.5436116240312,-39.35187030408473,organic,2016.0011048608228,Tampa
211581,38.57835529325277,2015-07-19,1.2688226530323126,-11463.904579763885,8397.600137642567,18057.370682267974,1909.801930395099,3203.4176205060594,-9463.964497995576,3172.325975896788,186.7983052060701,organic,2016.0047195286763,Tampa
678619,42.91347601466705,2015-09-06,1.9999807472163549,16010.262765634368,276.5650732728027,21431.58498946028,1949.5597481210236,-29475.01823746161,-19242.485716294897,2781.350818635481,-103.8166439446349,organic,2015.0110716014012,Tampa
880537,32.64131143579901,2016-07-31,1.519329034715911,48186.78881224877,-678.308098138139,25714.683629277097,909.9232084603004,7199.558922789092,-131.24238873492777,5370.605482332944,93.31814210289234,organic,2014.9913467448569,Tampa
803209,1.1622463269945251,2015-02-01,1.649414425267663,53436.88620112143,8308.886626494816,-7497.013581838712,1122.838395303164,1610.1387422518765,7071.620564790035,242.9829377130875,75.11110752228029,organic,2016.997324955552,Tampa
834321,21.62041576945163,2015-02-08,1.2238096173956887,56687.33181178209,12852.446486549983,5508.785789914646,-486.4288206767928,2361.6759276400157,22580.61906039348,6637.99996953367,170.5104485345665,organic,2015.0352940524392,Tampa
627215,3.7530895581769705,2017-01-29,2.1854015592325675,30488.64598895918,352.7354320123186,-20967.68723137536,543.9263222650922,5075.343577741689,8538.175539559072,7673.460331482162,-45.1218182670453,organic,2015.0021279771688,Tampa
928184,19.42949889581697,2015-08-02,1.4705449265924486,829490.9777249354,-10943.276241084352,20698.54184857809,-309.1317873592397,24283.28056755244,59915.00981010634,3097.804192079611,3.313966225997362,organic,2018.0126881634117,Tampa
777608,24.74482381633817,2016-08-14,2.011423389583792,-11383.707715381315,20322.523961409417,1359.0064730184604,-731.0903057730502,8743.939010452294,6800.179045999344,101.73851231325808,-33.20514080164291,organic,2014.9908031895625,Tampa
755688,31.30281774662715,2017-04-30,2.383870451609868,17287.31203108575,-6145.145673433834,11506.635527484712,745.8042188986095,-10033.991161142225,2485.5770032241444,-372.8282797806212,21.099743362572,organic,2016.0036643820288,Tampa
960719,49.29293001058724,2015-10-11,1.3711316256114885,86041.60457685546,-5228.722019254933,39454.975461145295,1272.210461794082,8533.757705353913,-1565.2169715483114,5618.908945342206,-1.1815738090262968,organic,2014.9982386729969,Tampa
65834,45.77851108137464,2016-09-18,0.9484947268203452,385526.4031703466,-20327.587242918136,8944.040457291712,90.66430352071212,-7786.012218284928,9320.756348603078,2775.984939916001,33.73316554398542,organic,2015.9880413619064,Tampa
282206,23.6926695532514,2016-02-07,1.6290401160464292,64104.1751043586,-24017.012031288028,-28341.22608626153,8.564284782458628,7747.028356173444,-19576.943817638985,7951.258605332223,-115.86882933368892,organic,2015.002637623281,Charlotte
760951,21.467575958827865,2015-01-25,1.43023437432639,-5738.797288101836,-12942.36331263784,-13613.519097431088,1319.0626664303695,-8396.473597817925,8386.807151232466,4729.082868129054,-78.61031250437868,organic,2016.000056827676,Charlotte
499133,30.742924759050176,2015-10-25,1.351370528384662,330517.0944541014,76472.84187535636,19791.87593600742,1641.958571703925,115.22647266010064,38744.254681386,1454.0676230439371,-239.4054848425408,organic,2015.0189492345344,Charlotte
941416,36.3587700271113,2018-03-04,2.06913861375241,34785.52889675211,27891.82413993533,-4382.5093157919855,1086.2608673752109,-5410.146825856013,8309.121470595339,4873.472976256028,85.52427423868768,organic,2016.9893014053284,Charlotte
177889,12.175740346333788,2015-02-08,1.8022444165487723,13712.846345247151,-6402.139383718312,-1311.7646583495662,276.3250675470358,3521.696074155424,-15778.75685899958,4394.6035164317,53.25667463378591,organic,2015.9941693116305,Charlotte
354768,19.817565130070413,2015-07-12,1.244359511431791,18279.948881867535,6870.386063928153,-12648.40565908604,1277.2043297876626,-6314.023420083806,2509.6512131763075,2483.03588137422,-203.76108830338435,organic,2015.0082558120685,Charlotte
71699,22.71616154674601,2015-03-01,1.3920585557871603,19057.74702030883,1289.081339542934,-12506.45078314206,310.3287636072135,-2884.3191338666984,18914.181258881377,4147.394556172172,-114.61814752685498,organic,2016.9894433073048,Charlotte
391089,25.3704671191629,2018-01-14,2.0722800313526752,47872.11981210588,21146.092549557063,-4637.806058527129,280.559744243505,-11814.303452400598,-6862.98571286413,3678.409444552,150.30341867174835,organic,2017.0173131091765,Charlotte
579149,17.957077392038272,2015-03-29,1.0487391945252151,79658.49174316463,14536.069257485888,-26405.66242909091,191.61142534427503,-2785.8694061158512,-2597.656960624211,2492.0998588552443,61.41092236533024,organic,2015.99790895591,Charlotte
558041,21.68837437627314,2017-04-16,1.2870121102136338,50568.8931691379,16029.174267582708,-14651.858938843348,564.2197834366567,-564.2237502772641,10064.573808058236,3013.600595726253,59.91429787174192,organic,2015.994229401286,Charlotte
685129,6.649527416610941,2016-12-11,1.8878660696472729,-26252.9411661801,15892.76847453992,21640.76176813838,764.6185827492527,-2957.857297611556,1350.5857436668002,2066.924250213235,14.651544692150836,organic,2016.0040793226876,Charlotte
588059,19.67552849450499,2017-05-21,0.952206826531146,421342.4030584538,4331.51631923648,113815.89111299488,1945.660913043461,43586.80101084603,64039.55437585496,3281.276595377267,-68.19645666306475,organic,2016.001840926939,Charlotte
