Courses/sentdex/Data Analysis with Python 3 and Pandas/datasets/avocado.csv
,Unnamed: 0,Date,AveragePrice,Total Volume,4046,4225,4770,Total Bags,Small Bags,Large Bags,XLarge Bags,type,year,region
413766,28.280631527443628,2015-02-01,1.2547197571887545,-11064.954915453178,10761.41531354783,29856.34777384569,641.0589389867162,5235.622792529322,14164.897323259134,5689.116314360192,-115.13177529053098,organic,2015.0093298940128,Houston
984776,13.849475977989218,2016-03-27,1.27487484451468,297568.3065668267,20793.67350034322,5907.662836603929,691.0011451035556,52231.76885100677,742.0384564048181,23413.35872048231,-48.54372791438483,organic,2018.0176516725944,Houston
547824,2.481879327623253,2018-03-11,0.9613019492402988,55818.98459377136,1247.7986696912149,25978.88786685812,166.9354184308534,13655.66063035342,-14043.417586040065,5841.106775963573,157.17739966523547,organic,2017.0270355023415,Houston
66576,8.393114038691223,2017-01-01,2.003461133735282,104948.73361985388,2102.526659872585,19603.56592215025,1162.5382751622722,35389.129401824466,-7113.001050190543,3864.032979179212,-28.315774621433267,organic,2017.0094402580823,Houston
281481,47.9845145559259,2018-03-18,1.843801592811494,29375.369619798137,2762.7342096587267,-208.15131202087832,730.3154958364087,-2193.7116230579413,5540.601690183672,4074.899141713079,-50.29876426060895,organic,2015.005597607605,Houston
917520,30.09530491335024,2016-11-27,1.756463928481444,50033.33686606919,9628.729914701937,4452.8537395256535,-183.73948785755755,11176.155278838734,-1413.4462081030224,183.9056125251332,-86.71652872930291,organic,2016.9940895481373,Houston
525298,14.167127359008964,2017-06-04,1.1632332534672598,400052.63046832936,-10217.265771504932,18552.60972259175,1404.930273979846,99137.28007188709,38991.813900819485,5927.0333432443895,129.759856158918,organic,2016.001132756257,Houston
733876,5.289735513108898,2016-10-30,1.740743310910744,34376.74348309296,-17127.22043466014,-9697.818215895457,-872.6288254772069,20830.73109652797,-2273.305394816097,3906.1798415420153,-183.82262739508533,organic,2017.001457218148,Houston
699321,5.941158411354907,2016-11-13,2.4668971281166963,-12057.64629642196,2420.337689683441,-7741.059276172748,622.0501831047764,-9123.71922960977,2743.868222874816,2787.7036536650007,-91.4419480993192,organic,2017.0156766203345,Houston
523137,31.37848803438153,2017-07-23,0.7755811711238055,-2148.897855276009,18012.47128637132,5858.470614474084,1000.301325957166,6009.614213058845,24401.276104581582,21024.449894954498,-5.510673949729135,organic,2015.0084300680503,Houston
410493,42.23854195000428,2015-08-09,1.6161693166579771,48307.75636378415,10820.92399095662,-4334.234352807232,1019.0281320203172,21504.2672996728,-3717.2896685028527,11031.699467195496,32.68283307116703,organic,2015.9953493134424,Houston
770169,32.98843146275669,2017-10-01,1.2323276556049267,42092.529195330746,-2073.890967730817,19085.758199726755,1749.1637335872945,-1205.705946816517,1942.6401680713243,8659.597587280183,-107.85493587160636,organic,2015.0148745207264,Houston
937209,39.66045881894704,2015-01-11,1.1159953206794229,28950.861060420117,6559.8140904463335,9554.56447273809,1089.0197514152908,-1149.5145435286722,3676.578445669247,5398.319247924555,-126.79181864581012,organic,2014.9968681554176,Houston
954968,-0.8363680994734417,2016-02-07,1.7511347198720744,101622.26952038896,-11066.80860309062,4021.425194450665,721.496101164789,8753.916563005945,3819.9591368149695,4333.156220124944,56.49984875056453,organic,2015.9906360182451,BaltimoreWashington
87477,1.8111463018047167,2015-03-15,1.802942140731148,16543.19139531737,2991.7149195404418,3460.7023143454426,-1540.4058503575518,-4248.692875065031,-14254.907538406482,21151.61963550974,-182.426540232971,organic,2017.0006119439204,BaltimoreWashington
895127,6.315110436860212,2017-04-09,1.8176320690996317,27182.93147767908,4908.088661620226,4119.576279022831,441.2464260405107,-799.3067619063931,-6799.384787503949,3548.7299070613435,-45.05751991706968,organic,2015.0191123067348,BaltimoreWashington
392546,23.246057955196925,2018-02-04,1.3823549519467653,75001.14685927663,-2741.832841879824,15409.453398537826,1694.1055451152608,19979.81392614919,238.7605946693893,4624.315015263583,73.19076109702597,organic,2015.988983736979,BaltimoreWashington
918274,33.96489074865808,2015-12-06,2.135537747769856,39804.02633043137,4275.646583155955,-4021.819870661462,12531.761485067393,3396.579616531085,471714.11901242135,4020.092584887868,-172.684651086758,organic,2017.972133592453,BaltimoreWashington
554117,46.12770687090623,2017-08-20,1.1019658907266878,198614.4452539568,-12571.088879599229,-9309.505206687214,1672.0226103599678,9321.442342480315,14816.169729319754,4837.63894812832,-133.80141742344122,organic,2016.001687631045,BaltimoreWashington
357884,29.107952823937453,2015-07-05,1.336373336031147,102171.5725427848,-18442.434545288543,-14639.497720622132,802.9586225382677,-14649.988474579171,-3869.000446075038,3405.838967948716,-101.05714812322084,organic,2018.0421099130297,BaltimoreWashington
604767,46.812407424210754,2017-04-02,1.9238555636765853,23354.88508571014,965.7954077936456,-9081.32548193474,-150.46778177234455,-10189.57849668768,-18150.08659480545,15444.755857274153,-148.49446927680924,organic,2017.9840840668317,BaltimoreWashington
130024,3.661625625049842,2017-05-14,1.1246806543533232,9406.122043379391,-18371.681523584928,-1595.2151583724826,1511.2278872802651,15451.84069387016,-1532.950353589281,5557.913708646368,-145.87415671188168,organic,2015.9965122047415,BaltimoreWashington
350048,36.077525901697534,2017-07-30,0.8587760799930363,67758.94501088542,19863.53980521098,1531.3578484204336,1145.1171325621665,-644.9604136813505,35417.414179963554,3959.7912353905103,75.15402801917688,organic,2015.0188492598447,BaltimoreWashington
949290,41.85529940263003,2016-10-23,1.2579163979565195,27437.527808542163,-7990.238955390542,5999.5555255029785,974.3732987398467,13459.480251616826,219.5774015392872,33252.06537368908,-48.60781653069324,organic,2014.9922945797944,BaltimoreWashington
947184,22.26023153836448,2015-10-11,1.7903487325920349,126339.20145985886,2468.8824118434904,313355.2954155723,1400.8516217525894,-1741.8424307675723,11427.645088862737,1632.708164556926,-127.3457452355426,organic,2014.9717005091384,BaltimoreWashington
850965,37.478645101669,2016-09-04,1.730706369430406,29246.41936010756,24539.716248599685,-9485.389958904534,997.629529547107,17307.58887364258,-9717.39975281028,449.50248227655584,229.4267629520457,organic,2016.9944982470367,BaltimoreWashington
392261,28.16058319978786,2015-02-15,0.9774001424422027,25173.464265808423,-1932.4444080562037,-7357.040085214927,1492.983462782404,2382.166232691769,-1904.41395686761,1588.4851533663943,-112.12286618953613,organic,2016.995692066729,BaltimoreWashington
235521,27.79941962608649,2015-04-26,1.5382720351344392,71011.93649965129,18705.93647888853,16720.33946406755,-869.6720413077774,-3015.584471033466,-4615.987901247337,1493.2356414360895,-55.66771643284318,organic,2016.9978405657007,BaltimoreWashington
433399,2.222785986157896,2016-01-31,1.011381921071299,2837292.250151599,10190115.409290712,896025.4051556512,660302.706740298,413063.3796153319,101330.57722264792,185591.20529083663,89.99764367730684,conventional,2016.0128509178076,Columbus
505961,26.76325404789299,2017-10-29,0.9082086485734784,1057475.7453068327,2000472.7444646307,277245.2805830719,117040.06473330552,137346.19779019814,1189309.971921126,174936.3077741003,41362.254500923686,conventional,2016.0003477393216,Columbus
396528,34.839856115922466,2016-05-08,1.6326244667825465,39367.14921699902,10705213.091467457,402020.978383054,1471527.2530356525,8654.081839281456,550908.2026883423,2535841.7787525947,22.46184067928323,conventional,2017.000595013618,Columbus
614857,4.5780223089186745,2018-02-11,1.4436318510981971,43895.05519959893,-1945.9097981737723,17531.083602238647,196.1191957202465,988116.7513292172,1842.773807452305,4256.711765211685,-21.123248136726435,conventional,2017.010676240377,Columbus
993311,41.86114789414268,2017-02-05,1.1287978145574895,381245.6957862707,200775.26976017776,438941.0191646448,1834.7361545768745,50509.76609401807,52142.38483251696,-3048.2310847796643,-77.19460026340413,conventional,2016.0017972020123,Columbus
641145,29.97549506726508,2015-03-29,1.4548351116908234,247986.4565435989,84948.48765010375,-12196.414702931526,949.9463034977712,315143.81113246223,53997.92575209068,57299.66625987821,27.36920189890308,conventional,2014.9998215585556,Columbus
334793,6.090981246932458,2017-07-02,1.39583341318362,63040.63878607647,4532.473115369327,-9607.623140936574,324.3446777046681,-23275.648681311177,25413.479751326697,-2246.877245658099,91.29852174182602,conventional,2016.000753715776,Columbus
144371,32.26521168573534,2016-02-07,1.4240490919390851,449742.1938392773,10904.565314629908,523664.5029293088,15179.138081835405,128944.22314675554,5697.298703117453,1069.3905908648385,34.044615046131234,conventional,2015.0260035601088,Columbus
542071,-1.919563339393512,2017-04-16,0.8847857655521713,2799384.7774059093,22009.380920452648,250580.5076859737,148888.2806606167,699958.3008588362,475994.8989772713,143612.4482675773,10067.01485602684,conventional,2016.0000455479392,Columbus
495495,10.358870921704732,2016-07-24,1.2649215556508944,270079.24467241863,43366.974845295175,72092.40917958957,-31.180694027910533,83567.67790511587,11547.438540437564,-154.61128771329072,157.71103202583618,conventional,2015.9977607725232,Columbus
384715,42.27335613356936,2016-06-26,0.7070824258477574,2931987.0619363477,13051828.288101267,2267870.101149169,99307.93264308864,100819.79692414805,516132.1861548656,96178.08484005569,103.70411834744375,conventional,2016.002286885549,Columbus
610457,-0.7011585427767724,2016-10-23,1.3765103241768706,25229.43779868791,20391.164351190066,12152.134326098596,-328.6694342301435,-1873.1870210186664,18776.33878153801,3175.397834372956,-53.0425300569824,organic,2014.9734297892496,MiamiFtLauderdale
211705,26.037842805014,2017-08-13,1.870913867151596,51957.7190935139,-4497.63816293225,-20996.25792463817,-533.9940010349376,23504.6982671382,14719.643786839126,4023.6381742914273,-21.490336984587405,organic,2016.001835054416,MiamiFtLauderdale
25637,18.55911024823171,2017-09-17,1.2497454574204856,-25049.60308099587,8454.087856937162,22789.896433139053,990.9967649413892,4152.202201766103,-10059.43341947817,3905.137187923283,17.339597174239,organic,2016.019976411986,MiamiFtLauderdale
355996,11.87739415471458,2017-05-21,1.382109479894161,46874.00864177054,15901.722695128969,-21376.05050493557,1728.9226588077918,6599.828362548722,67151.49117910302,-4761.270473223192,19.116114055650048,organic,2016.0091565712407,MiamiFtLauderdale
254130,25.79359129903133,2017-02-12,1.6124786696814264,-32396.639213880237,-3503.891412840606,27781.506198900646,82.03445464184136,13614.02666555474,1239.1095870773952,3390.989356576334,8.173042120686306,organic,2016.0002181596751,MiamiFtLauderdale
583945,3.7270309574338905,2017-08-06,2.12379316653776,39853.353144736975,14344.597838094836,5136.396001197972,801.5425082354864,-1003.8985990928086,802.1450239763517,4951.239584009823,83.70530407957618,organic,2015.9960199603024,MiamiFtLauderdale
386508,16.079591990258226,2015-12-13,0.9832132878555015,-39736.1842623265,-3060.707862972501,38573.96609876853,890.8191914415356,8995.668008886561,-611.4639935575551,4052.8845272826,-36.70044724518792,organic,2014.9994655538287,MiamiFtLauderdale
250314,39.17373778436655,2015-11-15,2.144405787395395,40474.63643998005,676.0957184273802,1526.9271258199988,568.069704054251,-4620.590872765775,-2481.6001960380227,2754.0331115425947,-160.3075083486582,organic,2014.9877287915265,MiamiFtLauderdale
434504,21.6810487445064,2018-01-07,1.8633563932637216,82244.26890457337,15726.914396191209,10451.962841542718,1376.774351337051,21632.829333463244,30795.404335747106,1254.58652206304,-116.11540621510366,organic,2017.020876453506,MiamiFtLauderdale
86073,45.95772193259178,2017-06-11,1.7385744123614455,5140.62937915136,31145.413538245484,-4016.225461085911,322.8495905089863,2170.845615345909,7995.240917740426,11340.786966690705,-99.87093445075976,organic,2015.0053315964103,MiamiFtLauderdale
799782,12.671816681806026,2016-03-20,1.3899989203614351,47094.4145453893,11406.114878591514,26790.57633389805,2049.058812058244,31121.266836479328,-20132.3233851327,3883.087939893581,-9.428993225398614,organic,2016.009042472817,MiamiFtLauderdale
363855,47.07840672763536,2015-11-15,1.271030897504941,-2042.5367255470849,22435.433155326857,9312.470598830496,1528.2195952795123,7508.198944933132,8336.174918684887,32959.884627118416,9.272996580434471,organic,2015.0173517212504,MiamiFtLauderdale
926939,9.444680166709722,2017-06-18,1.2466455900412243,52690.01690311496,4630.131492809463,908.105773324054,1401.269555578387,-14163.977633461973,17974.07831926791,3520.8439861519546,167.98687312680946,organic,2014.988180602832,HartfordSpringfield
687629,48.72355503926441,2015-01-04,1.7028787799183804,16619.424596732926,-3262.864287688765,6032.044794638679,1555.4439551423748,-9100.525137931176,-267.30335791924244,19.83015141722035,-308.60133566846315,organic,2016.0094407796569,HartfordSpringfield
928208,18.119165854896607,2015-07-12,1.2887543375745651,82915.76385160942,-1946.6264812103109,29275.83335890281,185.66868011774167,271316.2295608858,-10002.478639769364,-2109.631785754591,111.54085177829884,organic,2014.9995100347917,HartfordSpringfield
290160,35.04140028121583,2016-03-27,1.4392522574673343,56591.91591302357,-1400.3518662254965,7098.22413562618,16624.52959921516,-3898.7431492173255,1631.9921220213346,918.2972610027496,97.46525084753378,organic,2015.0049163542155,HartfordSpringfield
710039,8.752317143569606,2017-01-15,0.9382763253626556,328380.0687766138,13239.981085724154,19187.482487834277,1578.1149483960646,12760.683094344258,47889.43266794861,-1984.052380326408,-34.145866210295225,organic,2015.998744736317,HartfordSpringfield
66958,7.387978347554719,2016-09-18,1.6207128870961522,38730.25750776351,17629.572580681164,-4292.361535063106,1245.6910488101094,-2103.041262084367,-9035.19704059026,557.8040762090111,-54.9200109155863,organic,2017.0117272356208,HartfordSpringfield
670989,23.56788075709065,2017-12-24,1.5740254919850971,820451.5876444678,12652000.87303644,18772.203055428377,757.2224270743986,-479.0759761797399,53524.64854115728,2292.0639873628065,65.62391994025697,organic,2015.9939863411437,HartfordSpringfield
847768,48.09640614150508,2018-02-11,1.5310684903526417,5094.776308164019,-10652.67326245584,13107.133902108137,1423.7786699982007,2338.651940142414,-767.1280569836999,4412.125687210838,-101.68585974628937,organic,2015.0080867433244,HartfordSpringfield
841649,50.109830350808565,2017-10-15,1.6632441903647728,-4173.446924020958,-11630.518667637716,16913.929682496615,25.15516545466193,11918.181610857291,-3021.5159223283845,1098.951279212708,-106.74510520327912,organic,2016.0182458435668,HartfordSpringfield
958007,21.781947112707,2016-07-03,1.407172229668498,73625.45589369247,-2101.469353119456,-2692.398978590536,1507.723767482623,-13338.452378100274,-12342.095362180036,1234.2969545506164,-172.19097798341923,organic,2015.9940168112385,HartfordSpringfield
583002,0.2643085890441776,2015-10-04,1.9651419781151285,15635.606299628833,39215.20696477152,-9710.22423917668,753.8150873838727,-17481.86548270601,1940.5312671349711,5511.140526555693,78.13752439082833,organic,2015.9998231639577,HartfordSpringfield
382197,2.005389892549816,2016-07-17,1.7658769594053796,-46455.128068884165,-2730.073291707323,-4581.289453671563,1689.821036247606,29460.760081544664,33836.41991874979,5380.463298364595,-218.1865100100769,organic,2018.040305001224,HartfordSpringfield
388300,48.75294069969138,2017-09-10,1.743936588759613,84251.59665863874,30239.21724841666,7108.051378787148,709.6112797819696,5909.907550720614,59112.50842220048,-3034.526306270508,-144.81882683507618,organic,2014.9955703594449,HartfordSpringfield
729433,44.439066653676754,2017-10-15,1.2794323756839456,118591.51159432028,-16393.95678736153,26162.29115706118,1933.214904470013,-16092.125922018358,-10419.801081674992,5189.413428121012,-199.8980138743893,organic,2015.0103942784624,HartfordSpringfield
327883,19.20994183057654,2016-06-12,2.2454941681673657,88294.40337580438,-5441.219978711296,-5140.36450323662,1215.0989148162073,20018.020678301305,6733.496301238362,423.5014595611708,171.5861425517262,organic,2017.989222502115,HartfordSpringfield
508097,15.41551787706167,2017-04-02,1.5375931786680883,11728.501360930784,-3332.636787219232,-11048.245213598451,-1168.1192517636705,1135.8273960829792,4016.5389861082376,21815.49277488158,16.94852128660575,organic,2014.9775384454688,HartfordSpringfield
