Courses/sentdex/Data Analysis with Python 3 and Pandas/datasets/avocado.csv
,Unnamed: 0,Date,AveragePrice,Total Volume,4046,4225,4770,Total Bags,Small Bags,Large Bags,XLarge Bags,type,year,region
824059,0.8337001894105747,2016-06-26,1.3024985453992792,365194.755771998,14879.796006417211,17503.255303928407,1652.7134600199909,194126.58895033135,49831.75848001467,-1223.8205730876955,-27.45749451862884,conventional,2016.007353237883,Atlanta
853758,37.03268292438813,2017-11-12,0.995696532108832,1080808.6716423838,675665.6606887166,1519393.2813863745,66712.41134887552,339689.84954027104,519955.7586042119,2453.157382549409,1013.6900682098138,conventional,2017.9878809746897,Atlanta
69915,8.57600349209983,2018-01-14,0.9322833166148482,2842763.843548161,578538.4935781435,1395918.1628247497,16113.64354032919,132324.74532629875,70770.7288641187,197200.95657669043,-95.03154980090936,conventional,2016.997773834428,Atlanta
553803,11.80183273721862,2017-11-12,1.6589003443008088,320629.85523754195,11638.09280106513,41009.34609375068,669.4137924887012,-7063.382595404533,34013.822112752976,-1666.54450492697,300.1586632073329,conventional,2015.014407975326,Atlanta
933768,8.815342363350524,2015-07-12,2.151413362015633,2840768.2390938834,529338.3681191658,390897.3138613051,37295.30787787642,558873.0748673894,44351.29290839811,209464.5599174794,7225.927501162979,conventional,2015.001559999885,Atlanta
132686,18.14664718081042,2018-01-07,1.06647203161044,1393438.8527811368,-16302.36994496714,227979.4432009392,14719.969325548933,32470.786705674556,36301.85982997627,6240.327261535952,-55.51297293571329,conventional,2015.0181445646424,Atlanta
232530,8.554501668214357,2017-10-29,0.7181378787902054,1353442.5496989195,669430.1340741673,1456316.537121253,721509.5345793985,568070.2058266466,1139669.548381847,126127.62443009636,5697.8551089387165,conventional,2014.9940457737853,Atlanta
464095,40.39918105193075,2016-06-12,1.110843779883419,1309983.3545684614,108339.38970218314,275678.8662626397,1711.2171071036644,146022.24830658376,2878.081674705347,3039.0991274493936,-178.75338463329197,conventional,2015.0277842128369,Atlanta
454779,-1.998153460489719,2016-11-27,1.7880694326863094,517674.6023688441,-10670.604729594948,-6999.523087249718,2259.7405700838567,14347.002440318474,1104.0416370454277,3252.466099143575,-11.53142342940107,conventional,2015.0244247707385,Atlanta
372989,38.72892385325417,2017-10-15,0.8949704797615138,1248134.8088517317,22456.55947455656,-7206.198872370072,2466.232140063698,-13182.577179918835,-31089.02853233128,41896.23665425883,-217.14794883933052,conventional,2017.0185438815693,Atlanta
974140,4.254124445797775,2016-03-06,1.0641713211120585,321105.44613022904,-16482.228727736096,332374.6382717371,18855.702353518594,30875.448776441328,58654.2722975001,6025.493222730798,4862.50830510149,conventional,2016.0032109813349,Atlanta
623299,-0.25319414529377,2018-03-04,1.099893748095629,636323.1917214893,588164.1433822478,2640405.9789944007,94182.30653209216,1033257.2450190992,1434670.1708149656,146668.15042683575,1708.462455555857,conventional,2014.9869949542197,Atlanta
431200,38.83478867192838,2015-02-22,1.4627140970617265,950597.774953246,-10800.116166144331,297703.8714960533,1593.018216908939,57417.66771940692,-4761.643717795341,3022.341832620361,-183.50902562602127,conventional,2015.0210451916892,Atlanta
412818,1.4757499978937432,2016-04-24,1.2745013934214693,-38011.31946874573,19199.98917371022,21073.14015337748,2142.54275364286,-21684.6294824613,6147.293300006755,2343.422222539003,-34.484975588218845,organic,2015.0245044017204,LosAngeles
182928,33.678626847380954,2015-12-06,1.975968500721752,22323.519873685247,-783.4196913337673,7663.668971221867,2221.4311266964187,-12309.745410552538,19097.15262627572,3549.3861226255804,-42.30442596616419,organic,2015.0054750231516,LosAngeles
712104,31.20441324766646,2016-02-07,1.175286406148873,406772.373897657,17578.82379579109,6572.375149516893,1326.1566916811398,11354.261748448233,658.4842816658711,2187.4332511445537,-157.60819610241546,organic,2015.999438044796,LosAngeles
355613,48.35734669395574,2017-12-24,1.5488712252698071,25930.99421537193,-13450.356308023,8889.610399188852,2439.42853497146,4355.074633623066,24072.393516122454,2514.444808960189,-16.15943898880464,organic,2015.0116073784973,LosAngeles
173883,41.2466529659373,2017-09-03,1.3564318405378164,47041.98462263016,3297.366562959952,32748.3922836348,1106.5582163874014,4998.164604622997,66112.80955664151,-237.51298479290904,7261.899207348912,organic,2017.0024767828809,LosAngeles
675669,3.242688486520283,2015-03-08,1.591437871580427,150113.82451504213,-4458.111222607794,24591.835221771515,1970.9406292741712,4783.724121957589,-3556.660509314969,1894.0027020276,35.33467684581295,organic,2015.9966717196733,LosAngeles
962839,4.19958662679333,2015-03-29,0.9561621016746,-9205.22333689314,8222.545988600239,19982.832042992603,2227.844653256793,25912.85636559704,9344.827527849444,5265.4910909395685,17.048005268188632,organic,2014.989087272451,LosAngeles
738526,5.891294754542914,2016-01-31,1.4621849064804644,5106.391237993426,11701.753347069129,14874.558146355146,1056.2510776581344,5033.4196626345,9832.34175258238,5003.181881418541,40.159925696176415,organic,2017.004578453194,LosAngeles
489991,19.85961968280542,2015-07-12,1.603177776612599,17584.653212277597,8243.528395573609,-10130.41853774806,1259.6376553672894,11681.080665893576,17615.80148997337,5304.112212394273,-83.82966464798837,organic,2017.0120399929276,LosAngeles
19154,42.6433003047713,2016-02-07,1.2242244805688445,-19231.49455541806,26752.482319526505,15161.68343916405,268.0910415305891,21165.95327970552,-15276.6288469522,242.79579475587911,-51.80231495887389,organic,2016.0135705711832,LosAngeles
357740,-0.3694045069533036,2016-09-11,0.7082078462536996,314087.46995411004,-3240.5617256173,105446.63961974092,1262.7961009258372,437.789425368188,36697.08649858013,104832.12945378362,-125.54660988895856,conventional,2016.0149506357773,Plains
643886,25.37293756680289,2015-12-13,1.1075320474181292,149221.9073453229,411871.9508423407,439564.383478564,126946.33660732552,38833.608356192286,283288.1921695954,85131.55965686296,5056.395035795063,conventional,2016.017229168721,Plains
279658,0.0542425121600591,2015-03-08,0.7806326440802689,978686.4661294634,672213.4947815815,1680071.0810528563,67257.20954302244,1705022.0623436146,157108.4296602328,86613.6204891387,1533.4065205581817,conventional,2015.001325392864,Plains
710828,0.0831182373283274,2018-02-11,1.3391242451068632,319057.2154036333,92186.07421645148,75352.3842927239,1367.9834916073278,76531.56361914871,46753.1827583453,4784.3123194289965,-27.75373832990204,conventional,2016.013275552133,Plains
378950,46.14193754839305,2016-07-31,0.902036204448242,7273241.049898297,437818.2803076722,258225.99360842624,128687.2424013484,243020.4208522376,408218.41537478,71337.563513483,76445.89959893379,conventional,2016.010528026496,Plains
614801,-0.0676873884788964,2016-05-29,1.0152670655467166,1097354.5561160797,780057.1792840041,448735.0898186802,57109.3443865885,125188.80123410716,210546.55330664385,160290.3312307975,2525.282722661316,conventional,2017.9945299691592,Plains
913439,23.71118751003912,2017-08-06,1.0191063866774923,2307953.979067289,1174660.572324724,2083408.9086604835,100331.10024151856,540644.0085592844,620883.8130154529,55588.788662963845,1844.118372492822,conventional,2015.0099253801675,Plains
446022,8.57912761211164,2015-10-25,0.973715329785808,733548.1274511759,903112.490108612,529496.4588581524,736308.9305747148,319479.58674205496,25855.43884275153,162506.47236489263,2637.2366338456927,conventional,2015.9965644509564,Plains
710836,19.59067815151062,2017-12-10,0.7354641028762672,640292.6228106546,2068125.2877960915,1375653.4364787722,115603.756154435,1078758.0334357722,502143.4793512229,83966.93014993722,34395.70044566061,conventional,2016.0097049676751,Plains
595901,41.753754167206,2016-02-21,1.1199143328186645,1128029.7700551029,2081173.896696457,9748206.079297611,11604.27949939624,779261.9525425498,160084.7394416439,81577.40368342987,64814.24868970589,conventional,2017.0045770628524,Plains
526006,25.06394952487368,2015-10-18,1.1874109479405426,123464.98346621646,-1374.7071818544557,-10869.027462750802,247.4468926138206,75553.01495356217,59021.03958237293,6336.551957390595,-141.7445207791822,conventional,2015.0233347478293,Plains
43593,38.04729402685218,2017-02-05,0.6258706600262627,768182.4083322332,607694.2392886216,306510.93129180145,218735.45606818795,142742.19532686734,50679.63956130124,7723.732519772763,13108.166609354175,conventional,2015.0354011502027,Plains
531121,0.1084381221108703,2016-02-21,1.421065796848243,322266.1352382692,14608875.3446723,357409.10582570103,84635.39888275712,66935.31310068065,593308.8556818939,91350.60645024724,3802.775991238823,conventional,2014.9961682241917,Plains
702449,25.4499860035436,2015-04-19,1.3562042473186513,383930.0964251651,5940.7379077615815,190331.96610031053,748.4171732928695,72993.24478321883,41031.53720577069,5699.961694308886,151.32358320368525,conventional,2016.010943709901,Plains
732395,0.3430837613426785,2015-07-12,0.992035642219299,978897.4539752152,622751.4728461682,2246266.3816916654,7442.931241506772,181687.77209555716,7515810.416941352,1059142.2783235917,564.987945731948,conventional,2016.9860193145728,Plains
715810,12.03460617631361,2015-06-07,1.4841560095074429,1110724.103635704,479139.5660703175,1641561.9453271278,98581.1402069345,1436565.3516180995,1406769.1837207875,816200.7670883636,-9.57069328589164,conventional,2014.9979532363911,Plains
804420,2.7673577346990266,2015-10-11,0.4884710329058249,566367.3116578897,14907.784062028875,18525.17160167905,1629.1062024116584,28458.311065165784,24339.221831179755,5244.357709200446,-32.87729711784364,organic,2016.0046629413569,Boston
795914,26.92466288454458,2017-08-27,1.457560810992746,2335.293236090587,29298.35537428231,40340.4329703125,1288.9085022037236,-102.077752552339,56288.58620732943,1565.9016162445755,80.86404208990326,organic,2015.003202113313,Boston
530339,44.70938517359267,2016-03-13,1.653194060446373,13157.911376975975,13298.107246057103,-9233.69504515975,1189.7502662670504,-17625.964987028376,1274.468729747411,-2611.5751215529035,-213.84008936402373,organic,2016.010032590938,Boston
886681,3.3911530320912187,2015-01-18,1.8247235428019184,24310.38517508168,4374.377346759533,16470.670734702962,-624.0810187253089,27264.940106048394,-1158.1145324325998,-2623.405229919289,-129.1323464986816,organic,2014.990947371852,Boston
389713,7.64640047006942,2015-01-18,1.3091303890652877,74090.15533096941,7329.23572213036,-14922.89470349004,1331.2984061163838,-17701.725136637433,1448.487386261324,4943.100485656603,40.52857506239459,organic,2016.9845229924083,Boston
833043,22.05035257584685,2017-04-02,1.2985896632563383,16602.148751866356,6529.777623756087,15216.518142965077,1436.5032287902625,-6674.19582730848,17765.400524642435,-102.97441409187854,-187.96053282666333,organic,2015.9992470473155,Boston
269107,29.673993375366425,2017-03-12,1.855549536044095,43806.6660266549,5528.874986626877,23678.174171916537,1113.123061321533,-8983.304027207514,-5678.634752398576,-913.52458775349,19.24295626481228,organic,2015.023817826701,Boston
808334,5.010159991443497,2015-03-01,1.2404050722890425,81189.98226925984,10217.658203633804,-13576.47278031744,1984.409700504609,45737.123336726494,22160.035040498005,28559.20294298433,146.3310829894552,organic,2015.993095389077,Boston
580567,19.04325126093338,2018-01-14,1.076920008279917,48404.98283515766,-5600.320734577815,30282.69142273697,1103.4502585080518,2396.291161970743,42484.4659432714,1722.1476338832629,-218.4679725914706,organic,2015.0174669676023,Boston
789686,39.21178306940623,2017-08-27,1.9428482312284157,105132.56169647904,7735.242178966168,-17830.140718636358,1848.5353486839024,-4407.6813277292895,2644.920802468468,17062.54044314831,3180.29129352504,organic,2017.0030190241828,Boston
658526,35.79282136148687,2018-03-18,1.5946846922174152,36986.09563125221,13974.95345121296,-11352.787695618445,-175.77943254512644,9258.909846758028,-5750.947361064721,29562.79489319092,-19.83986285878419,organic,2016.9942228637397,Boston
677836,20.983670305888072,2016-02-28,1.2470247072766083,64657.35999444099,-8585.779532793396,28537.541803075103,1307.5902454815734,-7130.33212163906,13295.26618866087,1493.0470680707265,70.46972643525092,organic,2014.9988876406896,Boston
175717,28.370067020476142,2016-12-11,1.7202793164482852,89756.36791348411,-10364.41509419051,-7958.326479644145,1144.8178954148273,19975.428910983515,-4479.692047620144,1929.6705116642984,-155.47344693902792,organic,2015.9990866915275,Boston
475489,15.97432758050154,2016-12-18,1.3797475127763374,36113.42007964895,21122.28850294452,-8103.820955328474,108.98398937989953,4430.79612319099,16998.727976357077,-5923.657507863233,-82.49639771286172,organic,2015.012388423744,Boston
718620,14.681161004227324,2015-04-26,1.6297989774724322,8547.486310858363,-4939.650267033802,2232.735013144509,2294.329114913542,-4323.474925633389,10319.144458133736,3232.923027469388,2.8516732741999853,organic,2015.994805170062,Boise
487852,35.18684539718397,2017-11-12,1.3293724550264483,34796.496267297945,-8989.494666654617,-9253.13297369166,687.1240457675391,75487.95792934469,-14162.073964241274,-1318.7223059591297,244.09959048750437,organic,2016.001119542131,Boise
770890,1.7521517955786132,2017-03-26,1.7617567758944923,68919.23832971242,8131.032304724886,-5490.819725911135,867.5267223430458,-15948.055412726842,-7120.857031403072,1081.8174705769106,34.61951874782864,organic,2016.0062652858703,Boise
844194,45.72543642736727,2016-04-24,1.1680613534096398,53947.83575730976,5949.231519185202,37834.98130909575,-255.75770294848184,20526.59738542866,76819.21200426389,4032.153381380076,102.46763850607508,organic,2016.9924089653848,Boise
263613,38.74958117169612,2016-02-07,1.2523561754081185,-5934.891248663647,8640.53386033706,10090.514510708372,-271.8056964054678,11224.202582023729,-7919.760452943446,2026.39628076151,-68.79405779216404,organic,2016.0119568171303,Boise
643489,20.806055707955636,2016-05-22,1.8032802534470609,65101.38226643771,11161.192048660738,15784.69422034353,1028.3491123816211,3704.45948561632,4830.198932432184,-1293.225090717831,-17.586711549769372,organic,2015.9991567159489,Boise
407308,39.57081530479876,2016-11-13,1.0435440230030744,37864.86983044838,-9613.93186571412,1938.301050495511,-238.5412235121169,57389.93607055812,55292.78951427733,4576.232845150789,-55.024473262832345,organic,2016.9938916544893,Boise
950208,0.8080633397425541,2017-11-26,1.5934134074483055,-2276.338310414234,-2978.74599533062,-4792.211762812332,700.6651595889242,-1013.4746912818028,1250.7323920323097,31080.285715354228,-89.3571754726322,organic,2016.0073670149525,Boise
386809,6.079533563898712,2015-11-15,1.4115779771202648,-971.410486862922,11761.54888957554,-17492.992598783152,627.0105071710962,29.012647928295337,5347.39803373625,4843.815475858867,-120.86170906598343,organic,2015.993560987222,Boise
708561,37.985326509093404,2018-03-11,2.1750747820868472,113801.3550318753,-2368.7978822387367,-15629.224071929604,-278.5573746854,4063.8065009627753,-17323.20662931503,34775.314606026026,32.36727753311974,organic,2015.0147656613933,Boise
822958,30.480840621317903,2018-02-11,1.0988617679220347,275209.00778533856,3272.342380267467,453835.3212000659,14731.57562668234,65376.28060612964,88078.83067383898,3777.6458457894223,6124.121335866259,organic,2016.0016077998544,Boise
477674,33.76138875913123,2017-10-22,1.274683188369372,66725.4173361326,-17964.62474713165,-15110.00312323847,2746.283101324542,8181.126856493235,-10079.211412289773,-376.882233710797,106.1501172666274,organic,2015.0353774593948,Boise
1868,2.289029564432366,2016-08-28,1.7469955132708876,-12194.629534283878,6856.244106315498,10639.917423518104,-721.6794168368992,7830.554824795892,7973.472640636122,629.4242327789527,82.84830734706873,organic,2014.9913357648784,Boise
169204,17.390809388955592,2017-02-26,1.5686082539585522,74385.97818726719,-5557.91267088157,15253.313831774323,1367.8008535128072,30911.693461206454,-14113.163088425908,4015.082460069185,-109.53857787878098,organic,2016.0053663051508,Boise
526763,44.09964171255256,2016-12-04,1.6390816942810376,26286.54892728082,-5056.546355193029,-16165.02040365237,1064.938358080391,5338.001830210969,-393.0865066046245,26000.11466346843,58.48789920105722,organic,2015.028771459794,Boise
664711,45.60067300655173,2017-09-17,1.3367463107678956,43646.228844146994,-9037.18814781846,-10973.179313901055,451.7090029904457,-2266.968535003547,-5169.34746253231,2110.950162552629,-138.2868715162186,organic,2016.0022913143264,Boise
528483,0.6031059574894719,2016-11-13,1.5717722275663175,36848.39689769456,-2211.673521359192,847.7558466681112,646.1267844500674,17027.464497839283,-14080.198321630509,23043.08593311219,-116.7883716419532,organic,2017.003580384061,Boise
