Courses/sentdex/Data Analysis with Python 3 and Pandas/datasets/avocado.csv
,Unnamed: 0,Date,AveragePrice,Total Volume,4046,4225,4770,Total Bags,Small Bags,Large Bags,XLarge Bags,type,year,region
604941,20.079149357676634,2016-06-05,1.2977564106349202,252875.4987990565,8289.819931507001,535926.3535522462,512.7737786486865,160292.5417080056,89397.42072649575,630.0067253600471,88.2432315384256,conventional,2016.001918951644,SanDiego
783915,35.949487131097804,2017-06-25,1.217017788826828,491058.0133975837,432853.2521052708,13093.845171500558,1897.25465713558,35943.95517153676,57505.38239642022,3171.159167913587,174.32573364939046,conventional,2015.0087594945703,SanDiego
257587,9.879031382939509,2016-05-08,0.9067356969535918,9600.416507770457,-6949.3292806534055,293772.3386103839,1597.8005140405503,-16750.53134044267,28285.057699850688,318.55466643304385,-59.83240784991894,conventional,2015.0101699246688,SanDiego
84334,19.623161726159857,2015-02-15,1.5675408897607404,461623.7734221193,16951.844673101506,424917.1927760074,1955.3421063595024,76431.40733505813,34413.151736263404,11905.107372785324,-150.47285699763412,conventional,2016.001701814974,SanDiego
129976,5.8149320338552375,2018-02-25,0.7688222079943311,5929817.80221212,699407.8324277399,398531.0548990362,435525.7988483539,353453.29247603414,575698.2057376575,148387.37645318787,-152.0947375314786,conventional,2016.997147398344,SanDiego
544011,31.09261391035585,2016-12-11,1.0464220470754562,271602.4863906338,-6715.54861731546,8096.913676958285,1322.8644320731414,5652.501986592586,-2014.8205120090645,3514.519404848117,-54.71143577720623,conventional,2016.002666822014,SanDiego
684882,18.422590680278294,2015-05-24,0.929791162853282,1055063.874658749,5527.643457493307,402514.1029498051,2265.9509886167407,8323.553105910252,-22130.720872667,2282.4400493937496,-85.10426608020158,conventional,2015.01529323319,SanDiego
200781,20.200458202137963,2016-02-07,1.3755729412701772,455909.0625762795,4110.98385843592,16845.63152488364,1936.8827113994969,23032.664667506997,-13095.425420031375,-835.7956516339384,-116.17124530716856,conventional,2015.0012240053595,SanDiego
650612,16.411763017085736,2017-07-30,0.9163521224853802,1190666.097416512,72077.70776322894,134256.00913412898,16473.053789272573,67957.057253384,4781.023596326973,-692.3276884032518,96.14389378850932,conventional,2016.003390695803,SanDiego
380944,17.573929030886745,2017-06-18,1.2330219097674453,100640.9988054584,-16743.295154874802,329584.5939222755,1646.81782999695,27809.24869402819,9413.162367172345,-1072.3315897982186,-42.14602711083438,conventional,2015.9955647966744,SanDiego
168975,25.463289415456696,2015-10-11,1.1548438692555474,2990402.370077413,157055.76199417457,1468957.135203366,104781.4323449132,13696.583733645744,524071.86147260544,2132733.049213019,-12.081911885088974,conventional,2016.0090583266945,SanDiego
171812,45.7010239289766,2017-05-07,1.4808251480894412,-3102.371807387106,5413.279085740181,12784.29035675226,505.2999204102528,44735.88476588192,90491.40124724431,2094.463581960803,103.69684758031389,conventional,2016.0020847639869,SanDiego
306974,44.61320353473217,2015-04-19,1.930481914041392,58705.20774889382,-20782.27897621768,-13179.696593108363,1068.19698334623,12018.637673930389,5484.276400781777,22430.819843889807,-119.3026788190831,organic,2016.9854246267955,Indianapolis
928768,29.451713240309743,2016-08-14,1.279486152943886,-8252.38670634252,-1997.766181205808,17039.828478500265,313.93592248330515,4109.579023164895,-501.5546968824792,1530.7405002152327,49.89867383104004,organic,2016.9886023953563,Indianapolis
760266,31.074049765338845,2017-10-08,1.057916288855467,44962.37710570619,-16440.528712341013,6215.964587616792,942.572679215568,7888.964106318568,-9002.595079918938,4365.775197059226,7.325263682218534,organic,2015.9906744938423,Indianapolis
147346,27.24449093956929,2015-06-28,1.8129190155430184,49104.157816331615,2505.232728963153,17860.368745207325,263.1100847844825,-5281.345099810536,1238.7193175415375,892.5315847335509,-111.81509701388391,organic,2015.0193300076792,Indianapolis
847608,20.28016779415257,2016-10-02,1.714860451821811,65894.01943201433,-34.59673058794215,8410.912204662958,600.2364677505946,-3382.596806035848,1353.2280129688252,16249.74899762131,-70.62013892132565,organic,2017.0041291314817,Indianapolis
994056,32.10380150685433,2015-07-05,1.98234308463744,358594.9599200144,6299.712594986341,-15485.760758965474,1306.0504435979483,-20120.18712888928,367472.816094024,25233.95496758257,-64.19770452602083,organic,2014.9992260652743,Indianapolis
657431,29.11764069431992,2017-09-17,1.7582045624417315,4878.816318853489,6127.020077926018,6405.560932780464,1113.066425429252,-15271.589744965053,11745.229453191225,3992.7239400744857,27.469671815984043,organic,2016.0059221533472,Indianapolis
231799,28.862054728128665,2017-05-21,1.5305212248580826,-20948.95005984121,18894.06625568752,20661.48993083194,2742.879305898028,-15939.111412210395,-16442.42610459456,891.8955721021941,36.724829044511154,organic,2014.983312341477,Indianapolis
198369,37.27396054579221,2015-08-23,1.2291924206690248,556602.5659029743,990.2959897268385,19409.81515225617,412.4740501005149,2642.461390146709,11035.289779152885,-85.28737927900897,32.24307150761833,organic,2015.0107138550795,Indianapolis
315047,15.562144655125572,2015-08-23,1.5004929351277692,24312.637953431804,15508.433524531556,-3164.100427391992,759.309094428765,81869.63513654601,12171.643007118231,6437.364896267531,202.1044385306409,organic,2014.9963549600257,Indianapolis
593570,11.065526932240791,2015-06-28,1.7423532611455623,74049.73142172451,6229.6170049449765,-12376.543489999269,-143.40174897408116,-5660.4918552239815,5654.268595903757,3118.5456673012022,69.13532094593084,organic,2014.992829588345,Indianapolis
814994,25.67338570793985,2017-11-26,1.5963609115913169,11959.65993579714,18228.455760091118,5481.045234846914,2444.282730030181,-6228.083115143027,234.9301714470876,6870.468788949356,103.67135994608932,organic,2015.0271583912947,Indianapolis
166491,5.075221339368088,2016-11-27,1.6668746399642838,100839.39325828398,15896.50923378954,14892.035542365618,-193.62729729914264,5522.979495527839,484.5574074017313,31294.729820041684,-23.79301789784525,organic,2015.9934047939685,Indianapolis
558831,28.96660207335889,2017-06-18,1.3220442985731031,53276.90656096376,5790.357649985307,17921.22490681207,1251.6654482925298,-5105.131665818839,70332.81156769315,1330.173061203717,-9.208098730899426,organic,2015.995864051699,Indianapolis
383060,40.27148495644769,2015-12-13,1.6404223352383291,19915.31600604682,6945.481518039741,2192.93816318059,311.07816975195885,4782.667253083077,332.7880893991687,-1320.263602392415,-29.70541996376905,organic,2016.001225467489,Indianapolis
199015,27.73634042045644,2015-04-19,1.302992669338532,92523.47157918976,13065.238506716789,11205.497452159429,386.1176777818613,4948.463255740592,4785.60521755029,5453.344138199844,-122.95248407047958,organic,2016.0147826162568,Indianapolis
149121,43.25191535954445,2015-09-06,1.776921813798525,86800.45006718015,180.30264471909868,20102.20516869436,-756.5883920660801,1746.9430968121778,-12099.888306456218,425.50230942509006,-128.91748933760277,organic,2015.0125425451383,Indianapolis
752828,27.69174814788729,2016-10-02,1.509305663160636,32321.883138931305,8638.05425216044,3025.5456149025867,774.863097047522,21533.460463234427,-5568.022247837595,14255.964110215846,-132.43270549855634,organic,2016.0012486142937,Indianapolis
436454,50.87609361530727,2016-09-11,1.3210301047335449,116415.12321989464,-4428.611128889589,-29819.257894857088,-146.72901723069265,-3428.1818270384665,-11044.381219647075,20317.461299125604,-103.4327913843735,organic,2014.9953111889536,Indianapolis
457552,26.49712211914592,2015-08-09,1.6963610103976436,65271.73797873905,-10410.660818055636,9296.794117315205,881.1663160716348,61185.02081797704,-12363.064399797368,4332.966311379838,77.80711896009387,organic,2017.9921950622208,Indianapolis
709840,19.75035598545001,2015-11-01,1.663282353598165,-27058.972308936776,-9416.552368493074,15916.507128694637,1942.4417086732708,30240.473961026604,-3670.2578531038953,5361.246309115847,15.868378855817,organic,2014.992747556619,Indianapolis
629824,44.1493529812248,2017-03-12,1.995503299994555,34673.30239041087,15998.635127373776,21511.68150172817,1493.1792652861138,-18085.34872481425,-121.21246166340006,1132.9128650899931,125.98867503811276,organic,2015.001381582328,Indianapolis
334239,33.76196788621712,2015-02-08,1.1812815743471945,67939.61374480173,6611.239756087852,-1641.7016527120595,152.45606921004284,10392.970289105348,41043.48988417734,27114.04290825551,-21.82782342341952,organic,2015.00986345999,Indianapolis
211922,34.87305571116247,2017-09-17,1.64649127246608,37573.8275248798,4367.548710196526,3802.462866209102,826.4538018386957,4852.013701867936,-8490.171179338562,1060.1112167009228,-69.00535946821782,organic,2015.0174173660075,Indianapolis
409919,2.7809932187833954,2015-04-19,1.376471250574102,24462.4468616812,344.1333167437669,13489.41677544928,992.840288551308,-11445.563980060537,-232.01142833595716,14579.033666487505,-111.6442739356014,organic,2014.9952334521608,Indianapolis
128641,6.544858981590954,2015-04-26,1.589776790350159,7346.097679859115,-13813.867154539965,2112.2915443426464,1601.4992790312042,-4764.8227877290265,-7657.146486865582,-3570.5187233546712,32.62687912495106,organic,2015.0109060646575,Indianapolis
919516,19.418964973256017,2015-06-21,2.128010574140871,35775.705472236885,19977.44347785352,2690.9327146946343,2135.7049280478486,-8089.346633033785,11700.382785832386,-1419.377064479377,107.24834267203576,organic,2016.9923859003309,Indianapolis
800718,0.0442134832250835,2015-04-26,1.2386159516556308,-18989.152180013203,-12276.03037751464,-18879.74405429973,550.0249337347661,9665.474786594516,-12992.274290818896,2855.407884362491,-34.70438696607134,organic,2016.005194506994,Indianapolis
183921,5.788145975226462,2017-07-23,1.8291381085785392,21017.883157703032,18037.53408551925,20777.901566525907,443.152688548344,187.93827802571104,-7266.71087505195,4293.814274227918,-24.102664689184817,organic,2016.0023935720612,Denver
270052,41.6671925988536,2015-02-22,1.5710711319233257,57682.06296255806,13952.967016397906,17749.415548177647,608.3831213300907,-10737.128391282642,-4453.50134815732,2395.4473064020053,-220.44993577195552,organic,2017.0119583858236,Denver
493502,15.953316054467944,2018-01-07,0.9799601242072192,57443.58200601961,15167.053504793505,-6656.980936005983,-228.42437505021536,17076.191613685103,13204.451945449791,25920.484456159465,-61.62540099624903,organic,2017.0019828458169,Denver
338315,2.201940484800477,2017-03-12,1.7948838033070305,36523.16799903544,14773.881382831243,-4256.689239789595,21.561137082172596,4973.802979702145,-7349.748668740539,6476.966695426567,-71.22259388672319,organic,2015.005059072961,Denver
543900,24.084225786347474,2016-10-09,1.6157446404494633,84319.97410499069,4645.149576245985,-24052.926325729204,889.2714330468623,-2664.2961412614804,12981.508304927333,3395.564130976706,-118.90890885255796,organic,2015.000849743288,Denver
998848,0.6421906315417862,2016-09-25,1.4390995095967705,64040.91327117389,9142.06807365799,7626.9910512682545,460.3539601988186,4527.183337747317,-456.4460430296622,20472.71475681569,-1.054580073531579,organic,2015.004270408424,Denver
379151,21.5197809689548,2016-12-25,2.100720816056924,12742.297628334018,-5046.975230731833,9671.416069229595,1473.3884567000332,12589.132544563883,6126.468897002136,2217.025383154876,-4.629093435229599,organic,2015.9971204760157,Denver
384550,19.272184635822025,2017-03-19,1.2115102681837622,78784.1649493365,-9593.124072278437,147833.2598686387,833.5149160664926,67396.79851115006,-7577.469497470433,1475.8633976851695,-71.82095405195142,organic,2016.00738500864,Denver
422367,47.63222871953074,2017-12-31,1.1638961110707444,912884.1925767967,8412.729153443346,39058.94851410629,428.6648493685853,66324.48958252073,42419.70037186917,-268.2532408710613,214.4053181124167,organic,2014.9942462938136,RaleighGreensboro
486473,48.08660339189494,2015-12-27,1.4686109709041977,15545.749071806862,1225.6544111017165,-36063.76399937207,167.30590251803525,-4585.203404113387,-15220.456051757836,2429.7587220118,-102.02801525604625,organic,2014.9907495821976,RaleighGreensboro
821143,3.619939873945171,2016-01-24,1.7435663913379094,28692.84509040868,239.5446047461492,-31888.405349260865,839.0831718258505,-11950.504710319205,-8861.901466799725,-1812.016963663599,-275.5887770586132,organic,2016.996841861352,RaleighGreensboro
578036,39.11328061824874,2016-05-01,1.95551450910758,25617.744704159184,-8122.272694085927,-6638.98299231921,1837.825161493545,24524.659366880303,-164.52370748718658,30821.97685482796,36.64653846273748,organic,2016.0044800148955,RaleighGreensboro
442465,46.88365974334467,2016-05-01,1.3210045114000026,31600.587859598705,-9152.141420517186,17204.188062470203,1572.695117733719,2184.6206712526164,81559.37935893351,31864.314300110706,-117.16734040396388,organic,2016.001610285325,RaleighGreensboro
174575,45.006559978448585,2015-08-16,1.0118408420126677,1152470.5475980889,19485.325923171986,24805.051301067517,-438.4477317865717,10824.211721775837,38373.31875150789,3811.1675241958674,-123.27748136879532,organic,2015.0135894810696,RaleighGreensboro
656483,22.773000438864944,2017-10-01,1.283289737091634,396712.6109630234,6011.22848447857,21741.386465398293,961.0352929459524,33571.60394503028,81289.27978504226,1865.4779709629408,-43.63514613533189,organic,2016.0008360254155,RaleighGreensboro
671282,20.46944506462438,2017-07-09,1.50460449090776,-6208.13860754652,-3928.6877734245472,33575.840930531296,-9.28661791213966,-6968.315621252948,-1217.0524595606505,3271.714380153025,94.54653221709728,organic,2014.9951357955129,RaleighGreensboro
508360,30.568909203546458,2017-05-07,1.6850718729286909,-2802.776143776784,3968.1128072773686,17155.11345362287,1825.081724070723,-3117.363794827015,-15154.06253105219,529.5598697029754,-91.73742288714595,organic,2016.012108764921,RaleighGreensboro
767965,29.62563431629372,2016-04-10,1.90171632050816,-3507.6094838853824,6473.4242225674025,-4124.327625026557,549.7961478761647,8327.226534693793,3023.1071598626177,5737.308056269359,-53.90595862195092,organic,2015.993658530391,RaleighGreensboro
988884,49.031017247243945,2017-01-29,1.0891146211595302,320694.54757609166,-7342.541698047437,293414.12830700376,695.901596424236,-10969.129231132332,31107.4916690408,893.6715061068278,-48.78475184727729,organic,2015.993426514676,RaleighGreensboro
621610,14.30792001034514,2017-02-12,1.293163183663252,-29224.0115881946,22246.468687441127,-18078.004799750765,414.9911782648355,75254.80333206942,13715.149987416044,19916.4005168804,-37.22422212342983,organic,2017.0105880876015,RaleighGreensboro
626785,23.57908091691335,2015-05-17,1.3238071948553214,112768.68279943091,-6225.827681409394,-21804.7627432478,615.838372182459,44497.09509926888,-15898.993121226247,2614.7296867167984,-178.61126510546455,organic,2015.9968487758888,RaleighGreensboro
816866,29.37916765542412,2017-08-13,1.6560357193688944,39930.989220416326,5462.029662390227,-11918.32711967414,2307.107560984977,-20719.618798686628,-9205.600283487274,1491.3301985302658,-236.59635205322076,organic,2016.0057388424184,RaleighGreensboro
