Courses/sentdex/Data Analysis with Python 3 and Pandas/datasets/avocado.csv
,Unnamed: 0,Date,AveragePrice,Total Volume,4046,4225,4770,Total Bags,Small Bags,Large Bags,XLarge Bags,type,year,region
548876,39.97450677137169,2017-07-23,0.8300047144263757,283821.8683048771,654970.0049909086,284699.397801809,13444.391740344525,1756689.0368320004,55804.1854730132,18032.58187974556,7401.489592337017,conventional,2015.9966295952404,SanFrancisco
823285,20.030474087582636,2017-01-15,0.7624532215952836,3789313.332091645,59013.51929519579,387143.9290884931,120765.5756829882,877793.7145521193,679559.3784700874,160834.53728184546,1481.645848500424,conventional,2015.9947811956845,SanFrancisco
847994,11.433532189443133,2017-01-08,0.8483465843420852,1428421.0166141423,119103.83667560323,984586.6573425522,112553.19292644634,207978.32096227515,275483.2099541751,3598360.531103841,2509.759957503036,conventional,2014.995075346264,SanFrancisco
89216,5.269753224163211,2015-08-02,0.7370949251006361,940843.5847628708,497429.4844301221,447786.75765226106,120111.95091192095,1580883.9559633932,604111.269817614,65811.86873319307,31.5308577956704,conventional,2016.0143739253788,SanFrancisco
96581,8.84443009912686,2017-11-26,0.6026078335371077,925949.6292974557,650583.6992380379,2252008.6680773194,20572.333977916835,676754.9129240804,570321.2021785724,149647.00737964155,43394.10799782548,conventional,2017.0057939498515,SanFrancisco
750037,33.375644580706535,2017-02-12,0.9623053041951848,21602.999732440403,29535.4978279282,-178.3858171579468,617.1449397944873,43361.21642646301,-15521.431917810834,637.6115346211502,74.99281274031598,conventional,2015.0206521052792,SanFrancisco
226614,5.796183163321484,2017-04-30,0.971390488080214,208667.5614297252,-11299.578042974066,-36.42471828896669,2882.3420442015718,-7505.094828387862,49461.49307573681,-369.3424383991139,-237.1822680208613,conventional,2015.0230462119368,SanFrancisco
167471,27.93128006371508,2016-03-27,0.9846966062565916,4963004.818056387,70973.58909132596,91520.94398118748,11662.68379724656,187168.30875894823,483277.9415376573,772745.7882288538,1246.370786073167,conventional,2017.018936816086,SanFrancisco
966051,25.799162454749208,2016-01-10,1.130299079287839,4441175.260256957,490608.7820300309,333876.7632101913,138989.94623789418,838031.7988444333,224644.8156056929,2803092.049105695,45083.68901731104,conventional,2015.999362147281,SanFrancisco
489153,42.37064345405802,2015-02-22,1.0081641469185545,3629960.8481702,397389.7714510339,1997976.2635178987,107631.22630103288,1843140.3866713203,457807.1101505115,50040.34370813731,-90.57774551724552,conventional,2015.9973973740448,SanFrancisco
862457,27.246525449682707,2016-07-24,0.978590788656728,435989.33789304807,26151.905772567035,5625.460033043637,-711.8362723550631,2834.491613467524,23940.92378551585,-890.7907691660341,-207.5913843563899,conventional,2016.0171637340943,SanFrancisco
853388,15.124306089444095,2016-09-04,1.4218728703440404,7468.509429315622,7408.534613395677,213686.9775310934,743.0584631017596,10705.896773513325,12917.977483539336,4772.641809168975,126.811470201889,conventional,2016.00335962187,SanFrancisco
991438,47.056352168178655,2016-05-15,0.8088132258059121,35539238.34619745,639405.6414204584,514416.5477132604,130997.80297097514,307654.2870551883,596517.3999115721,24148.934775869933,106460.83466267875,conventional,2015.9980407603352,SanFrancisco
247271,3.973894642483702,2015-05-24,1.2750290138063487,459530.29241035297,17249.08968206732,9479.291660784427,1327.2903498417022,18626.146116842003,32364.091678614488,-2944.9747556042857,190.60578023861996,conventional,2015.0110693117156,Jacksonville
686265,21.8789121205283,2017-07-02,1.2761375603254876,284367.3463443413,750643.9634020211,129017.06151509086,16074.21343782798,26485.99744525876,43867.30772478043,3129.665786883504,-130.33238261854345,conventional,2014.9978975596844,Jacksonville
919093,36.257430195572766,2017-04-30,0.780031044733588,92393.23986010483,24682.885917690128,138243.39443770715,1567.15159949053,51553.872983926136,-1867.7958335837748,-5108.6815247850445,30.785969326151942,conventional,2015.007436614248,Jacksonville
752534,35.99088062973638,2017-02-12,1.7061336568365797,-34919.83957757836,13882.206799081472,-6486.05087667415,816.8165139972577,6766.312513938428,19272.99362470568,6168.36674377598,-4.7400750039647015,conventional,2016.0182175121436,Jacksonville
524556,26.397115628157028,2015-02-15,0.9886180855655742,1026146.6159645512,106514.43115777212,122759.76390539188,14121.834008136137,59023.98507295227,49987.84010094078,2395.635563305387,624.8338536511089,conventional,2016.0029292488068,Jacksonville
495712,31.8297009267431,2015-05-17,1.2542154751026136,162700.1252479648,12665.367748929742,25042.72825848199,1040.292703448321,15678.269655291351,63485.83015047215,85601.20744782148,-84.2834284306526,conventional,2016.0089213279723,Jacksonville
487140,42.550171289704814,2016-10-16,0.9117065908966088,689164.6707745031,137672.68718378793,128475.30362904228,206109.8723356548,69574.4977106383,35647.22052857032,-1520.668392604068,145.13366354677473,conventional,2016.01466540414,Jacksonville
629257,37.59508819271156,2015-07-12,0.9374743976691684,542130.3921436355,89285.05619838608,238270.9049485849,43639.33968382531,63378.4945509895,89849.19927119554,-502.2593060066731,-133.8913032808163,conventional,2015.9995571181933,Jacksonville
332936,22.261521211315017,2015-03-15,1.0097615989178783,418368.1221549682,3563.0038832135588,-443.92549444409815,-91.39654612324438,112119.1009920192,69650.3303694841,3347.315881616174,-45.57889783911493,conventional,2016.006278262124,Jacksonville
37968,15.093840478908318,2015-02-22,0.9128386076344778,331438.14797404804,141979.27498161595,383318.98558899865,825.2436165082311,106555.06845632018,41728.37388021947,4329.460349255746,300.8459961906583,conventional,2015.0063507312047,Jacksonville
968035,28.17752468073528,2017-01-22,1.3925973118523112,52362.95677001218,2640.533515731061,2682.8180204938344,373.4853241030632,2560.1699469591404,40655.57768641733,8556.063781412582,-64.1017663542492,organic,2018.0187731143492,Nashville
88610,48.065548830321454,2017-05-28,1.28673480888835,-4913.196624488213,3060.866677538592,7705.557968570993,1102.55855061528,15327.244213799078,-8390.999353949093,2139.844508552863,35.30820171557194,organic,2015.9984392372055,Nashville
836497,41.56038512999572,2017-05-21,2.131449029598736,58515.12403737959,9983.767207566,12903.515863005015,-978.064676299164,-10986.564909683952,-5284.612847226344,2881.5272891758077,11.062328126491222,organic,2015.990464561669,Nashville
806465,42.41551781016927,2015-04-26,1.3324856177252975,47978.13501596107,12460.554224254049,6305.903900358149,-57.44152040280943,14234.343697699189,23954.649609994536,3888.058367721341,100.31573612490511,organic,2016.008756877586,Nashville
268153,48.94873407696067,2016-07-24,1.680567952891397,79402.9462462342,-12538.67983947301,11037.401935165375,1535.2334767644493,5673.594666532897,-12394.63286892003,-961.323410466787,-90.50816387631974,organic,2015.990377898969,Nashville
433132,27.3094921617146,2017-02-12,1.81563003269133,6707.791167881394,4004.5408370154505,-16002.68420374638,747.5559171378375,-8399.251321773436,2324.7035642156698,3115.208689635656,43.62929757303934,organic,2015.9981105155728,Nashville
928954,41.58778599722724,2015-08-16,1.3576286892414875,189166.15632420668,82705.4982279503,18861.88909512221,-489.4483889515863,66419.27222666438,7095.623236619812,4990.743760976896,-112.44352899206284,organic,2017.011576325712,Nashville
878133,37.90691406159218,2017-05-28,1.3340393997072029,-9726.777310383171,8799.769174163252,42208.41815114646,2015.4047956171544,-7452.374130292859,11847.760047160962,3628.9943872082663,214.42962724317792,organic,2016.023256997105,Nashville
270960,1.018047785768501,2016-02-21,2.1046999159748783,5976.120455430748,18848.050791432528,17632.301966543615,1496.5209275945313,-2998.255107594965,-7792.760964204642,5344.980669620822,39.04613255963655,organic,2015.0222526218563,Nashville
457802,12.58591313395312,2015-05-31,0.910182795420666,7781.223011034333,12953.417724130908,8258.01587083665,728.8748610132146,17852.71333390687,40808.97136582258,1574.8205275534135,-95.34060734051728,organic,2014.991110703976,Nashville
8964,1.8973566566174969,2015-09-13,1.3577553629416594,-34345.909359482,-830.0093654915308,5006.881996915216,1518.057611700391,15664.569019963828,10824.693833112127,17474.332163963925,31.863789393521504,organic,2014.997810793223,Nashville
223409,1.503973310257702,2016-07-31,1.2326871572667266,103456.07199503404,26788.978467732584,15908.136361130062,-257.4667253557229,24945.767730941043,-5668.104702144062,-358.53979347636255,-4.695157043570891,organic,2016.0044610393547,Nashville
130172,40.223692581041405,2016-03-06,0.9051863518012386,185898.90816770287,2485.364202853801,140455.08995608147,886.9863230737565,79793.98949080576,7195.7565904634175,3972.245558685592,-103.52628266336104,organic,2015.0161818097995,Nashville
974423,21.44994171844329,2016-10-09,1.480596144972059,79320.36709430741,-1679.1909773138225,4151.644878428489,1202.0399655643564,-3774.307108316951,-8630.805529306032,1804.7630562900588,99.66359425501416,organic,2015.0036371377223,Nashville
145125,26.6671548876123,2016-03-27,1.6360060567310002,-25652.734214226723,7680.518704007336,11285.813478106717,749.6441396284542,10263.341056960651,-2283.769677426607,2632.273123741074,-89.99731258690485,organic,2015.0191985858407,Nashville
219615,27.64258812775225,2016-03-20,1.594052324525992,11454.69506763124,-4045.595374564279,7723.893817085298,261.6018693455709,-8480.137792836917,-15131.06842817658,2947.268847982791,102.8917000065356,organic,2016.0069417673003,Nashville
268918,29.680305793129666,2017-12-31,1.430854538628246,401869.1238474914,6111.150875294022,-3256.471036931087,1000.2661726447157,-466.9637852923279,68217.66727073441,21837.151258702863,-160.79011550422234,organic,2017.0011345828805,Nashville
158023,48.40214247696969,2016-09-25,1.7286543213910543,31569.09390749946,344.5492231645694,5634.01593262698,1095.7573249710915,-2588.112664201999,-9731.846952850618,-1078.3934823406928,-66.6723420780959,organic,2014.9991510366292,Nashville
96928,29.53827907954926,2015-03-08,1.8540224826989,42187.33418558811,-13319.104492587026,-10870.045533280902,-469.49888413604896,9107.327087410951,10135.369424584078,5270.492101653193,-118.71610368848847,organic,2014.993228989705,Nashville
140294,0.523078478306009,2017-10-15,1.7120583989362903,4034.709473029281,5462.445268993829,-1049.742178273762,-405.564484270318,11770.523932999018,40271.587430847416,21708.413261196525,-201.7195607614122,organic,2016.0067458277715,Nashville
151182,0.6753840254047825,2015-02-15,1.0971939024758457,63932.43228042564,17102.217630328945,914.9808608647307,2069.9222306655697,3189.434766878255,63001.22413459743,3207.555435055593,104.8628169602306,organic,2016.0058152698568,Nashville
524269,45.67466670840074,2016-09-25,1.960842091835148,67422.69142906937,5784.239400297625,1091.314908267097,1235.9554618912643,-15081.521518731812,-12753.514615995147,21214.738151329464,-115.67994918539148,organic,2015.0028504503723,Nashville
644064,20.51668880032728,2016-06-19,2.137684129652752,-7947.842428262629,4351.531156139769,5041.130486948589,646.7151322761388,-1118.7585478041874,2200.240466099257,3223.603652511048,38.2718957334778,organic,2014.9949492274468,Nashville
804566,35.75797447755655,2015-02-08,1.8081435553506904,13741.808690813556,6568.028991800189,8280.767506931392,250.6128697333949,5581.1507761722805,3176.0389751770813,2702.215272301848,-41.11786773124986,organic,2014.9979252372104,StLouis
765313,29.82300041715641,2017-05-14,1.9066198536324857,-6759.551266551651,-10477.802601540334,-7045.347462369233,843.5047858452533,11188.532411820546,1049.952447539721,2642.331956423189,88.19363951344829,organic,2016.0010528603564,StLouis
204002,33.732602577720776,2017-04-09,1.7165172600183,48147.8184733009,20108.580163484432,-21934.06018974053,192.9540232932669,-4885.629617267907,-3709.311547380025,4477.813675333643,7.080333459774318,organic,2016.9979777437948,StLouis
176413,44.23948443262525,2016-08-14,1.864342889263235,-34054.97036305674,10046.851624837149,30580.61769089631,1090.4578546213331,8937.113691803317,62206.7094081972,6375.374399299266,133.86788952389503,organic,2016.011791744309,StLouis
305027,23.55905571461962,2017-09-10,2.29439513038744,520.2218806774326,-17.10179729304582,-15072.546093074778,2374.0223975575277,-16100.203937613393,3835.354908643852,24651.327442060345,3.5928008944775733,organic,2014.9916440106208,StLouis
121591,27.85832279853931,2015-09-27,1.045643324940157,402354.5133791191,-1920.142788384848,3843.0935881231017,1118.477359265607,26108.32349290436,1380.5562758565377,-682.6280527282895,82.08987545083176,organic,2016.007707234176,StLouis
454432,21.34304125239207,2017-09-10,1.7882495381028347,26812.54029473737,-5786.549910178171,19203.658981373366,-157.03154172769683,-4074.706259442677,17010.17977878759,-38.26183774603828,-38.64113783616145,organic,2014.9999658833044,StLouis
910234,-0.0872755773481035,2016-01-03,1.0306133669026736,370741.6753549948,18627.34599570501,28019.85619041526,1435.4012520100562,-9980.317493033255,98804.5990491566,2455.834682924335,63.01083819318936,organic,2014.991338906994,StLouis
326614,4.815811865631174,2015-11-01,1.8762864674769224,12520.48927646854,6632.654409519461,3119.90507127188,531.6110898005126,15264.069357330816,-10904.060530751016,-1383.7453694839744,51.44797892753826,organic,2015.988653028108,StLouis
125969,2.7267345063762827,2017-01-15,1.3856954758729962,73348.20738233902,9316.611574044098,-15845.990952230952,-890.2758606591692,-15757.476873950623,7549.228176783952,3886.3647644657385,47.034208806017496,organic,2014.969379592096,StLouis
908585,0.3430290021423063,2015-04-05,1.607849411885521,63585.37490531169,-1008.536357132938,23155.36881842505,194.558797322794,-13801.56487685356,-1288.8634996010817,28132.5892866734,38.47103785049222,organic,2015.0222473643212,StLouis
272685,34.67280236905548,2016-01-17,0.9888171686441624,13364.466613098635,5779.228075714905,9669.470471728157,659.4914445559742,22840.05967246046,5152.620651521553,1555.0455651978757,-56.5474043506791,organic,2017.0042780712809,StLouis
