Courses/sentdex/Data Analysis with Python 3 and Pandas/datasets/avocado.csv
,Unnamed: 0,Date,AveragePrice,Total Volume,4046,4225,4770,Total Bags,Small Bags,Large Bags,XLarge Bags,type,year,region
181105,22.42899316389376,2017-03-26,1.1195745145091536,21002.637710267765,18324.289809828468,-1441.099442392304,13.665384845396376,-13296.121566060148,-12567.337256635878,-4647.81363766595,102.54596404345996,organic,2016.0126365268727,Syracuse
914878,32.421920838695655,2015-02-15,2.355893454071418,42062.68669846491,17479.75416534813,-508.46967255045456,-261.21351874034184,17389.990818318533,1869.0624356597764,2036.1399426272983,-42.38172780350675,organic,2014.9915707967853,Syracuse
832365,1.8798522665576645,2017-12-31,1.5106591677029055,-19062.079488842333,15717.462239195247,16544.626464580248,-1055.6386337275246,17801.81932275547,6125.882408616306,19563.489345661103,144.2107754871526,organic,2016.009182443287,Syracuse
127961,47.50867384088328,2018-03-18,1.8346987771924843,-8674.573046585421,3487.026127043768,14900.138101862663,332.89119795291384,-12878.77675700384,2157.086412171857,-303.2872531102712,-67.96095571674212,organic,2015.9971572662937,Syracuse
303405,44.96163110159086,2016-01-31,1.686566409666231,7609.163230389473,-1908.2402853710564,-4703.251316173572,-550.0930608264705,-10525.849333481005,-13482.08134907499,1561.2068774363663,-66.85601883398307,organic,2015.9982070414017,Syracuse
918204,37.73924788388226,2015-01-11,1.9760370737612676,86086.80669373558,13166.051440815743,-18099.25982238286,-750.3269071986492,5165.854949296098,737.0567380517386,10147.176578966362,-86.94519835046503,organic,2015.9919649513156,Syracuse
846152,-1.4460463340746623,2017-03-12,1.3467186043985755,15206.073720757036,23951.3511362976,-6149.956920316048,652.0063929531336,-13250.502717521536,14359.96632354368,238.65768725566,65.93920457231745,organic,2015.0167603229768,Syracuse
581527,10.721876523999397,2016-12-25,1.991424713867211,-15471.944894585104,-3092.3426551596485,21745.586939773704,360.18709182292093,-14708.100315410373,-11438.368434193895,4867.079894600482,-30.060973459933557,organic,2014.9944199761928,Syracuse
547184,43.42332886806805,2017-04-23,1.3494581180378922,65700.795122543,-8484.494086786144,-2327.128216074563,657.5675240185072,12951.87149526937,-13955.434932787895,-1492.8800938866427,-59.98830488221847,organic,2015.994288525408,Syracuse
514548,30.24213592143306,2017-11-19,0.8609808126698258,63094.20787852325,21207.414521395647,-12341.53082477582,978.6069582687104,3931.39827632997,-376.1148408443796,4253.981381871722,-200.55188355020536,organic,2015.999292156306,Syracuse
868982,7.647791828678909,2017-02-12,1.7662084349810274,44466.05697624695,-9668.513946881105,-12188.962127950794,507.4700949646682,3598.939319592502,14576.654810671986,4431.362930026384,-28.590236093269244,organic,2015.9939011870893,Syracuse
819529,16.472588809013814,2015-11-22,1.8094183407289457,1600.9624729557108,-5165.651993209423,19849.931522924515,-1223.5906001548726,-1856.5516053185277,5683.736656066078,2929.766829502617,17.22091288689273,organic,2014.9930790430296,Syracuse
416146,13.11538570877054,2015-07-05,1.590707058255064,31946.487320273227,3318.778787872236,10843.924196105694,71.42913065050584,1707.4441327851457,-4724.480664051523,1477.9396667684507,72.74545657227247,organic,2014.984670470324,Syracuse
918497,38.03966496155489,2015-08-02,1.3388537426874445,40390.43799710982,7589.431480118251,33825.115126450844,278.098799896974,76370.24566977467,13483.12246208583,2493.4721392736046,147.32462133297412,organic,2016.0118121222265,Syracuse
202141,40.55036984933162,2018-02-11,1.4674691464670375,87262.01061056835,-643.1047617014519,-15097.696666757258,1402.134645325106,14412.493999751718,57908.97311766746,17207.04014565757,113.19034714698842,organic,2016.0090022255567,Syracuse
280410,0.4164130514138584,2015-10-11,1.276529607880054,127466.5789945625,-10071.547896062351,-6833.889981678405,1800.1894175961522,-4920.564763439023,5017.415745791353,1576.0603496449191,-290.59659919719115,organic,2014.9985532202493,Syracuse
937084,46.19330005649197,2016-08-28,1.1814145585476548,-2073.3905869747905,-10600.67296716747,20753.840627011035,-379.27429113645866,44554.35454195285,5189.137593814612,1671.9923688008598,25.466985575922777,organic,2014.999550887021,Syracuse
131307,38.31539984745808,2015-08-09,1.3426587481894598,322490.8642876527,9123.293040843011,72397.22989815155,1425.3839322681786,-10049.124634244288,-1123.1044641807666,427.30720603024406,-178.10017412043,conventional,2016.0051648388533,HarrisburgScranton
378087,21.61614726132593,2016-07-24,1.142291849753745,49342.93446690915,26658.183333856705,81306.33101740609,1115.0177235979172,86142.41879749582,44339.29546340567,5884.837062178601,-213.3876838565376,conventional,2014.9993789771404,HarrisburgScranton
206127,27.07794551061338,2018-01-14,0.8828257698196961,6036396.847976038,2266638.8970072363,2414490.275168156,23351.49437583428,124426.31635943096,95704.96984384493,30607.13773609173,7937.71063267884,conventional,2017.005481466908,HarrisburgScranton
140220,36.492387833963576,2015-04-19,0.8753883901710857,247894.58155695684,15727.099563294356,204078.1113446449,10052.719029610647,53117.85646915801,22892.97304682864,2920.750751707068,158.464005853067,conventional,2016.0099622170603,HarrisburgScranton
399081,33.213621294799495,2015-08-23,1.247303085043767,490459.1376427668,135791.20418337744,220558.22988873324,841.438371428101,58681.9670981173,42767.10659497998,2128.92029159541,-78.1517647966386,conventional,2016.0162722992611,HarrisburgScranton
5227,46.03190974391538,2016-05-29,1.4014351378232583,1367975.0535369697,118474.9266889081,273600.91143093567,16144.364188515312,105211.40314123138,57336.66783962075,5009.533399966218,803.3016064891895,conventional,2016.0028996017304,HarrisburgScranton
40713,37.948605641634686,2016-01-24,0.9245534504680238,604198.1230735568,382574.9153127065,445868.28759110026,18048.62146214217,55308.58107536728,41941.53679077783,91516.16243042264,-169.2433410752017,conventional,2015.9941586262416,HarrisburgScranton
424844,-1.4160598071922847,2017-11-05,1.1121042769852796,1144290.419572527,-9289.54788344901,-4549.399452213422,39547.56401588423,31951.45188234392,42232.169251237065,5902.209356563438,121.55166942246052,conventional,2016.0158077683648,HarrisburgScranton
8054,12.466434346720307,2015-05-31,0.9758917534211352,1044397.2669012892,78677.50306856679,109163.57981826056,16857.090640666487,45353.04359978184,7049.622883449767,5918.124204281531,-256.9730364781755,conventional,2015.0120314418325,HarrisburgScranton
797321,22.8233054359273,2015-02-22,1.0333382207295647,33023.05709877648,28143.77420534285,19248.185254337757,1817.5615191554325,92972.25156675116,7325.428376820947,-559.777410354726,13.396166349269036,conventional,2014.99141061682,HarrisburgScranton
948353,27.66918500965681,2015-03-08,0.9814087078232296,523429.5645772952,-7387.60158492038,430144.3088432568,12523.171755486956,21697.943471134327,14435.058497661696,25015.092164476155,268.6688509199562,conventional,2015.0033580458985,HarrisburgScranton
702828,23.26133816362354,2017-04-30,1.2273386640315405,1308778.962954059,125121.95588887711,102151.77344381514,1553.0044888549296,14572.72904591589,19633.222086523063,844.7072931600059,-112.69294227164366,conventional,2016.0188602264695,HarrisburgScranton
575339,46.11302011961846,2017-01-15,0.9934788906902556,1337667.1147368485,20428.41364020429,28971.57246265399,750.0200486095328,47158.84774629127,37612.46975212217,3835.1092655071225,-35.12419386928278,conventional,2018.0263964876829,HarrisburgScranton
529783,43.14747312602379,2015-09-13,1.269727200485871,25096.06036944087,3154.518058054892,23403.695885159505,1333.5902429579214,12164.560482442756,53057.92476910926,66482.15205054567,126.11789095174812,conventional,2015.0209586656567,HarrisburgScranton
283223,44.99991887101108,2015-02-22,1.1011167572320475,398837.23770050815,-990.0997579741016,-16748.596353529843,1766.1811194176523,57818.37277934031,17686.33884138598,-334.85000653606744,-94.09265207135702,conventional,2015.9928736518905,Charlotte
84403,32.41769497860954,2015-08-23,0.8709924405963274,992907.6729340194,235387.91200710685,10655.702806220908,135.26723864957123,37565.5592807814,56329.46685883797,-1516.4945375584514,49.959049662072985,conventional,2015.024733696416,Charlotte
175886,36.17790011864283,2018-01-28,1.1198085311176011,747027.6243590838,80831.3138769714,699.8891919735488,21781.48813439885,77514.14247656397,37393.053144165904,4003.699955529022,29.326972675399908,conventional,2014.985760592476,Charlotte
229154,20.533122505057484,2016-01-03,1.2899784252068285,382258.8861770128,22777.236277098527,2302498.6074726507,786.7240488971963,33636.01624227278,84347.45789308769,2030.2975481149915,-54.10773739078168,conventional,2015.011155880281,Charlotte
189866,-1.0442128617648865,2016-03-13,1.04242514471976,470456.6948480692,-3292.4382563652225,444405.3072498983,1400.6877899569106,26040.39242128747,3693.0320662081576,-1426.8202502774363,-59.24235213918041,conventional,2017.0114074570129,Charlotte
954050,25.377741482269112,2015-03-29,1.258597447263114,1192900.877953271,47134.32378829408,43118.76847927325,41610.72707818332,64306.69273953811,51135.38481477692,-1278.0004845561946,58.4637323895702,conventional,2015.9950791056417,Charlotte
798121,0.7940877206164758,2016-01-31,1.3443976905467383,1239654.9243530142,47127.73061243224,139796.15314669054,11004.801581621745,207187.6380684867,57294.59016853558,106576.141784043,1556.6240742095115,conventional,2015.9979143027792,Charlotte
320903,2.339046551770529,2016-04-10,1.10028264988236,587696.5847215486,283664.2721815777,-33932.38739000232,13752.296143644722,15290.65014930303,36886.52701141496,4890.877878883409,29.916595186242475,conventional,2016.0024472975083,Charlotte
889180,39.61238953935592,2016-09-18,0.789044901150509,420049.82256571663,539368.4258519502,1014024.113812322,157695.7982265417,517001.484311493,1550439.09864001,192538.515366394,105170.82342100082,conventional,2015.0120570844265,Charlotte
570799,39.53245320316123,2016-03-13,1.724192520539152,31281.363671765044,-7213.102217626217,12566.926814623195,23.96559472100472,-13105.092637804712,-9188.265088881592,-589.8495012642309,16.722170283618755,organic,2015.9942790989323,HarrisburgScranton
388066,34.372976516016635,2015-03-22,1.1119358491523867,73235.7729530338,31535.674794969647,9997.01139810693,1896.7201242569636,44264.73348414241,3507.695808519349,3291.5419131728822,-165.83614774017795,organic,2015.0008314009883,HarrisburgScranton
676492,4.316833673653571,2017-04-16,1.320507597372902,101961.08602099364,5614.879349549157,1352.3130948878006,1162.5496312734958,16012.843799529386,12326.419930071666,1599.934361762956,31.60927571574201,organic,2018.0412130558896,HarrisburgScranton
96269,22.268811959120967,2015-05-31,1.1847980399504745,16988.568401647186,16259.293803119535,3449.7144956718603,-50.88369166478418,9422.308775849424,-7597.33132596011,3886.1547349780494,111.47359718234732,organic,2016.0073730973577,HarrisburgScranton
683595,32.335081436226915,2018-01-07,1.7180510142996113,13823.978866337922,13893.245348849743,-8500.79627613757,1542.7570812799154,-23591.230597091417,-2071.6791436077883,14711.308783554414,-97.61748601904972,organic,2017.0085552507212,HarrisburgScranton
766846,49.23518106740893,2017-09-10,1.825066846997516,34615.03688560936,-3905.992810600813,-17440.44622007798,-927.7858916819968,3328.3939354812865,-14050.871734174936,481.00974092932734,-32.590386454761216,organic,2015.0046824757171,HarrisburgScranton
782983,43.83130398824537,2017-01-01,1.0327066351329723,52066.33300159295,-2927.5391362821674,13951.849508055211,1519.8633780487887,23524.45354815789,7344.996740913542,-165.27722106015926,-74.02536475480461,organic,2016.001723344776,HarrisburgScranton
398809,13.654518507351998,2015-10-11,1.31222565774039,89643.12575578407,6304.885730912276,10285.395363782563,1859.305282039042,-19299.17350032797,-2690.7470857465714,7295.02486629999,46.90419141015386,organic,2015.0322388952093,HarrisburgScranton
760819,45.11446335484646,2016-10-30,1.306676043095134,33169.185112899606,-276.14625723027075,-361.1929511459512,1057.449183558189,87196.89744853447,3560.6131053354407,5323.846072667692,98.90602626173974,organic,2017.0041505168103,HarrisburgScranton
411124,36.72652363493404,2016-08-28,1.411670299797072,-32600.813866526994,11830.069832183428,7502.45912074099,-184.3457739994471,-3104.4165470511,4087.872668688608,5063.321202381519,18.574341407090813,organic,2016.0017932239311,HarrisburgScranton
526798,5.530000423373089,2017-07-30,1.7236557157606711,-1141.1629589706572,22322.91487800528,-15395.802155156614,1478.97776104771,1818.3699390605825,-3161.611617086341,28950.746023786145,-127.93676472241856,organic,2016.998042704097,HarrisburgScranton
304972,30.890744476022174,2017-10-15,1.8326337301541815,1087501.2597668536,-2004.5789874206173,24545.952351157,1438.0448389718526,-10619.168873773317,-14143.002808048994,7540.039960204019,-65.80451409977474,organic,2015.0007019870925,HarrisburgScranton
